E/kickstart( 1033): EVENT: Waiting for data to read
E/kickstart( 1033): EVENT: Data available to read
D/STATUSBAR-IconMerger( 1196): checkOverflow(432), More:true, Req:true Child:7
E/kickstart( 1033): EVENT: Received 49152 bytes
E/kickstart( 1033): EVENT: Waiting for data to read
E/kickstart( 1033): EVENT: Data available to read
E/kickstart( 1033): EVENT: Received 49152 bytes
E/kickstart( 1033): EVENT: Waiting for data to read
E/kickstart( 1033): EVENT: Data available to read
E/kickstart( 1033): EVENT: Received 49152 bytes
E/kickstart( 1033): EVENT: Waiting for data to read
E/kickstart( 1033): EVENT: Data available to read
E/kickstart( 1033): EVENT: Received 49152 bytes
E/kickstart( 1033): EVENT: Waiting for data to read
E/kickstart( 1033): EVENT: Data available to read
E/kickstart( 1033): EVENT: Received 49152 bytes
E/kickstart( 1033): EVENT: Waiting for data to read
E/kickstart( 1033): EVENT: Data available to read
E/kickstart( 1033): EVENT: Received 49152 bytes
E/kickstart( 1033): EVENT: Waiting for data to read
E/kickstart( 1033): EVENT: Data available to read
E/kickstart( 1033): EVENT: Received 49152 bytes
E/kickstart( 1033): EVENT: Waiting for data to read
E/kickstart( 1033): EVENT: Data available to read
E/kickstart( 1033): EVENT: Received 32768 bytes
E/kickstart( 1033): EVENT: Waiting for data to read
E/kickstart( 1033): EVENT: Data available to read
E/kickstart( 1033): EVENT: Received 49152 bytes
E/kickstart( 1033): EVENT: Waiting for data to read
E/kickstart( 1033): EVENT: Data available to read
E/kickstart( 1033): EVENT: Received 49152 bytes
E/kickstart( 1033): EVENT: Waiting for data to read
E/kickstart( 1033): EVENT: Data available to read
E/kickstart( 1033): EVENT: Received 49152 bytes
E/kickstart( 1033): EVENT: Waiting for data to read
E/kickstart( 1033): EVENT: Data available to read
E/kickstart( 1033): EVENT: Received 49152 bytes
E/kickstart( 1033): EVENT: Waiting for data to read
E/kickstart( 1033): EVENT: Data available to read
E/kickstart( 1033): EVENT: Received 49152 bytes
E/kickstart( 1033): EVENT: Waiting for data to read
E/kickstart( 1033): EVENT: Data available to read
E/kickstart( 1033): EVENT: Received 49152 bytes
E/kickstart( 1033): EVENT: Waiting for data to read
E/kickstart( 1033): EVENT: Data available to read
E/kickstart( 1033): EVENT: Received 16384 bytes
E/kickstart( 1033): EVENT: Received: 786432 bytes
E/kickstart( 1033): EVENT: Writing to disk
I/SurfaceFlinger(  291): id=177 Removed uhumbnail a (10/15)
I/SurfaceFlinger(  291): id=177 Removed uhumbnail a (-2/15)
D/KeyguardViewMediator( 1196): setHidden false
D/KeyguardUpdateMonitor( 1196): sendKeyguardVisibilityChanged(true)
D/KeyguardUpdateMonitor( 1196): handleKeyguardVisibilityChanged(1)
I/SurfaceFlinger(  291): id=172 Removed NainActivit (11/14)
I/SurfaceFlinger(  291): id=172 Removed NainActivit (-2/14)
D/SSRMv2:CustomFrequencyManagerService(  845): releaseDVFSLockLocked : Getting Lock type frm List : DVFS_MIN_LIMIT  frequency : 1350000  uid : 1000  pid : 845  tag : ACTIVITY_RESUME_BOOSTER@6
W/ActivityManager(  845): mDVFSHelper.release()
E/MP-Decision( 1994): num online cores: 3 reqd : 2 available : 4 rq_depth:1.400000 hotplug_avg_load_dw: 60
E/MP-Decision( 1994): DOWN cpu:2 core_idx:2 Ns:2.100000 Ts:240 rq:1.400000 seq:245.000000
D/KeyguardViewMediator( 1196): setHidden false
D/KeyguardUpdateMonitor( 1196): sendKeyguardVisibilityChanged(true)
D/KeyguardUpdateMonitor( 1196): handleKeyguardVisibilityChanged(1)
D/KeyguardViewMediator( 1196): setHidden false
D/KeyguardUpdateMonitor( 1196): sendKeyguardVisibilityChanged(true)
D/KeyguardUpdateMonitor( 1196): handleKeyguardVisibilityChanged(1)
D/AbsListView(20611): onVisibilityChanged() is called, visibility : 4
D/AbsListView(20611): unregisterIRListener() is called 
D/SSRMv2:CustomFrequencyManagerService(  845): acquireDVFSLockLocked : type : DVFS_MIN_LIMIT  frequency : 1350000  uid : 1000  pid : 845  pkgName : ACTIVITY_RESUME_BOOSTER@9
E/kickstart( 1033): EVENT: Successfully wrote to disk
E/kickstart( 1033): Received file "/dev/block/platform/msm_sdcc.1/by-name/m9kefs1"
E/kickstart( 1033): 786432 bytes transferred in 0.126s (5.96 MBps)
E/kickstart( 1033): EVENT: num_debug_entries not >=0
E/kickstart( 1033): Successfully downloaded files from target 
E/kickstart( 1033): EVENT: SENDING --> SAHARA_RESET
E/kickstart( 1033): Wrote to /sys/power/wake_unlock
E/kickstart( 1033): EVENT: Waiting for data to read
E/kickstart( 1033): EVENT: Data available to read
E/kickstart( 1033): EVENT: Received 8 bytes
E/kickstart( 1033): EVENT: RECEIVED <-- SAHARA_RESET_RESP
E/kickstart( 1033): Sahara protocol completed
E/kickstart( 1033): EVENT: STATE <-- SAHARA_WAIT_HELLO
E/kickstart( 1033): EVENT: Waiting for data to read
E/kickstart( 1033): EVENT: Data available to read
D/KeyguardViewMediator( 1196): setHidden false
D/KeyguardUpdateMonitor( 1196): sendKeyguardVisibilityChanged(true)
D/KeyguardUpdateMonitor( 1196): handleKeyguardVisibilityChanged(1)
D/InputReader(  845): Input event: value=0 when=24165440106000
D/InputReader(  845): !@notifyKey(172), action=1
D/InputManager-JNI(  845): !@interceptKeyBeforeQueueing(172), action=1
D/InputManager-JNI(  845): !@handleInterceptActions(172), action=1
E/MP-Decision( 1994): num online cores: 2 reqd : 1 available : 4 rq_depth:0.000000 hotplug_avg_load_dw: 20
E/MP-Decision( 1994): DOWN cpu:1 core_idx:1 Ns:1.100000 Ts:190 rq:0.000000 seq:196.000000
D/SSRMv2:CustomFrequencyManagerService(  845): releaseDVFSLockLocked : Getting Lock type frm List : DVFS_MIN_LIMIT  frequency : 1350000  uid : 1000  pid : 845  tag : ACTIVITY_RESUME_BOOSTER@9
W/EDMNativeHelper(  276): EDMNativeHelperService is published
D/SSRMv2:Monitor(  845): SIOP:: AP = 400, Prev AP = 400, Duration = 10020, PST = 394
D/SSRMv2:AmoledAdjustTimer(  845): prevTemp = 300, currTemp = 300, prevStep = 5, currStep = 5
W/EDMNativeHelper(  276): EDMNativeHelperService is published
D/STATUSBAR-IconMerger( 1196): checkOverflow(432), More:true, Req:true Child:7
W/EDMNativeHelper(  276): EDMNativeHelperService is published
D/BatteryService(  845): level:100, scale:100, status:5, health:2, present:true, voltage: 4343, temperature: 301, technology: Li-ion, AC powered:false, USB powered:true, Wireless powered:false, icon:17303411, invalid charger:0, online:4, current avg:460, charge type:1, power sharing:false
D/BatteryService(  845): Sending ACTION_BATTERY_CHANGED.
D/KeyguardUpdateMonitor( 1196): received broadcast android.intent.action.BATTERY_CHANGED
D/KeyguardUpdateMonitor( 1196): handleBatteryUpdate
D/UiModeManager(  845): mCoverManager.getCoverState() : true
D/STATUSBAR-PhoneStatusBar( 1196):  mBrightnessEnablebySettings = true mBrightnessEnablebyBattery = true mBrightnessEnablebyDisableFlag = true mPmsBrightnessEnablebySettings = true
D/BatteryMeterView( 1196): ACTION_BATTERY_CHANGED : level:100 status:5 health:2
D/HeadsetStateMachine( 1657): Disconnected process message: 10
D/STATUSBAR-IconMerger( 1196): checkOverflow(432), More:true, Req:true Child:7
W/EDMNativeHelper(  276): EDMNativeHelperService is published
W/EDMNativeHelper(  276): EDMNativeHelperService is published
D/STATUSBAR-NetworkController( 1196): onSignalStrengthsChanged signalStrength=SignalStrength: 99 -1 -1 -1 -1 -1 -1 99 2147483647 2147483647 2147483647 -1 2147483647 gsm|lte 0x0 level=0
D/STATUSBAR-IconMerger( 1196): checkOverflow(432), More:true, Req:true Child:7
W/EDMNativeHelper(  276): EDMNativeHelperService is published
D/STATUSBAR-NetworkController( 1196): onReceive() - RSSI_CHANGED_ACTION, WIFI_STATE, NETWORK_STATE
D/STATUSBAR-IconMerger( 1196): checkOverflow(432), More:true, Req:true Child:7
D/STATUSBAR-IconMerger( 1196): checkOverflow(432), More:true, Req:true Child:7
W/EDMNativeHelper(  276): EDMNativeHelperService is published
E/Watchdog(  845): !@Sync 805
W/EDMNativeHelper(  276): EDMNativeHelperService is published
D/InputReader(  845): Input event: value=1 when=24173761517000
I/InputReader(  845): Touch event's action is 0x0 (deviceType=0) [pCnt=1, s=0.118 ] when=24173761670000
I/InputDispatcher(  845): Delivering touch to: action: 0x4
I/InputDispatcher(  845): Delivering touch to: action: 0x0
I/InputDispatcher(  845): Delivering touch to: action: 0x0
D/InputReader(  845): Input event: value=0 when=24173874371000
I/InputReader(  845): Touch event's action is 0x1 (deviceType=0) [pCnt=1, s=] when=24173874371000
I/InputDispatcher(  845): Delivering touch to: action: 0x1
I/InputDispatcher(  845): Delivering touch to: action: 0x1
I/SurfaceFlinger(  291): id=178 createSurf (16x16),-1 flag=20004, EimLayer
D/RecentsPanelView( 1196): show: false
I/SurfaceFlinger(  291): id=179 createSurf (16x16),-1 flag=20004, EimLayer
D/KeyguardViewMediator( 1196): setHidden false
D/KeyguardUpdateMonitor( 1196): sendKeyguardVisibilityChanged(true)
I/SurfaceFlinger(  291): id=144 Removed EimLayer (4/15)
I/SurfaceFlinger(  291): id=144 Removed EimLayer (-2/15)
I/SurfaceFlinger(  291): id=143 Removed EimLayer (3/14)
I/SurfaceFlinger(  291): id=143 Removed EimLayer (-2/14)
D/KeyguardViewMediator( 1196): setHidden false
D/KeyguardUpdateMonitor( 1196): sendKeyguardVisibilityChanged(true)
D/KeyguardViewMediator( 1196): setHidden false
D/KeyguardUpdateMonitor( 1196): sendKeyguardVisibilityChanged(true)
D/PointerIcon(  845): setMouseIconStyle1 pointerType: 1001iconType:101 flag:0
D/PointerIcon(  845): setMouseCustomIcon IconType is same.101
D/PointerIcon(  845): setHoveringSpenIconStyle1 pointerType: 10001iconType:1 flag:0
D/PointerIcon(  845): setHoveringSpenCustomIcon IconType is same.1
W/ContextImpl(  845): Calling a method in the system process without a qualified user: android.app.ContextImpl.sendBroadcast:1516 com.android.server.am.ActivityStack.startPausingLocked:1007 com.android.server.am.ActivityStackSupervisor.pauseBackStacks:725 com.android.server.am.ActivityStack.resumeTopActivityLocked:1942 com.android.server.am.ActivityStackSupervisor.resumeTopActivitiesLocked:3169 
D/KeyguardUpdateMonitor( 1196): handleKeyguardVisibilityChanged(1)
D/KeyguardUpdateMonitor( 1196): handleKeyguardVisibilityChanged(1)
D/KeyguardUpdateMonitor( 1196): handleKeyguardVisibilityChanged(1)
V/SmartFaceService - 3rd party pause(  845): onReceive [android.intent.action.ACTIVITY_STATE/com.android.systemui/pause]
D/STATUSBAR-RecentsPanel( 1196): dismissAndGoHome()
D/RecentsPanelView( 1196): show: false
D/STATUSBAR-RecentsPanel( 1196): onPause()
W/EDMNativeHelper(  276): EDMNativeHelperService is published
D/SSRMv2:CustomFrequencyManagerService(  845): acquireDVFSLockLocked : type : DVFS_MIN_LIMIT  frequency : 1350000  uid : 1000  pid : 845  pkgName : ACTIVITY_RESUME_BOOSTER@6
W/ActivityManager(  845): mDVFSHelper.acquire()
D/KeyguardViewMediator( 1196): setHidden false
D/KeyguardUpdateMonitor( 1196): sendKeyguardVisibilityChanged(true)
W/ContextImpl(  845): Calling a method in the system process without a qualified user: android.app.ContextImpl.sendBroadcast:1516 com.android.server.am.ActivityStack.resumeTopActivityLocked:2183 com.android.server.am.ActivityStackSupervisor.resumeTopActivitiesLocked:3169 com.android.server.am.ActivityStack.completePauseLocked:1232 com.android.server.am.ActivityStack.activityPausedLocked:1093 
D/KeyguardViewMediator( 1196): setHidden false
D/KeyguardUpdateMonitor( 1196): sendKeyguardVisibilityChanged(true)
D/BluetoothAdapter(12378): startLeScan(): null
D/BtGatt.GattService( 1657): registerClient() - UUID=21629702-1cc2-4849-8af8-808ec7f9dc50
D/BtGatt.btif( 1657): btif_gattc_register_app
D/BtGatt.btif( 1657): btgattc_handle_event: Event 1000
D/BtGatt.btif( 1657): btif_gattc_upstreams_evt: Event 0
D/BtGatt.GattService( 1657): onClientRegistered() - UUID=21629702-1cc2-4849-8af8-808ec7f9dc50, clientIf=5
D/BluetoothAdapter(12378): onClientRegistered() - status=0 clientIf=5
D/BtGatt.GattService( 1657): startScan() - queue=0
D/BtGatt.GattService( 1657): startScan() - adding client=5
D/BtGatt.btif( 1657): btif_gattc_scan
D/AbsListView(12378): onVisibilityChanged() is called, visibility : 0
D/AbsListView(12378): unregisterIRListener() is called 
V/SmartFaceService - 3rd party pause(  845): onReceive [android.intent.action.ACTIVITY_STATE/com.example.android.bluetoothlegatt/resume]
E/MP-Decision( 1994): num online cores: 1 reqd : 2 available : 4 rq_depth:4.700000 hotplug_avg_load_dw: 60
E/MP-Decision( 1994): UP cpu:1 core_idx:1 Nw:1.900000 Tw:140 rq:4.700000 seq:147.000000
D/BtGatt.btif( 1657): btgattc_handle_event: Event 1002
I/SurfaceFlinger(  291): id=180 createSurf (1080x1920),1 flag=404, EeviceScanA
I/SpenGestureManager(  845): setFocusWindow21005
D/KeyguardViewMediator( 1196): setHidden false
D/KeyguardUpdateMonitor( 1196): sendKeyguardVisibilityChanged(true)
D/STATUSBAR-StatusBarManagerService(  845): manageDisableList what=0x0 pkg=WindowManager.LayoutParams
D/EnterpriseDeviceManager(  845): ContainerId: 0
D/PointerIcon(  845): setMouseIconStyle1 pointerType: 1001iconType:101 flag:0
D/PointerIcon(  845): setMouseCustomIcon IconType is same.101
D/PointerIcon(  845): setHoveringSpenIconStyle1 pointerType: 10001iconType:1 flag:0
D/PointerIcon(  845): setHoveringSpenCustomIcon IconType is same.1
D/AbsListView(12378): unregisterIRListener() is called 
D/ProgressBar(12378): updateDrawableBounds: left = 0
D/ProgressBar(12378): updateDrawableBounds: top = 0
D/ProgressBar(12378): updateDrawableBounds: right = 96
D/ProgressBar(12378): updateDrawableBounds: bottom = 96
D/KeyguardUpdateMonitor( 1196): handleKeyguardVisibilityChanged(1)
D/KeyguardUpdateMonitor( 1196): handleKeyguardVisibilityChanged(1)
D/KeyguardUpdateMonitor( 1196): handleKeyguardVisibilityChanged(1)
D/KeyguardViewMediator( 1196): setHidden false
D/KeyguardUpdateMonitor( 1196): sendKeyguardVisibilityChanged(true)
D/KeyguardUpdateMonitor( 1196): handleKeyguardVisibilityChanged(1)
D/AbsListView(12378): unregisterIRListener() is called 
E/MP-Decision( 1994): num online cores: 2 reqd : 4 available : 4 rq_depth:4.900000 hotplug_avg_load_dw: 162
E/MP-Decision( 1994): UP cpu:1 core_idx:1 Nw:1.900000 Tw:140 rq:4.900000 seq:0.000000
E/MP-Decision( 1994): UP cpu:2 core_idx:2 Nw:2.700000 Tw:90 rq:4.900000 seq:96.000000
E/MP-Decision( 1994): UP cpu:3 core_idx:3 Nw:3.500000 Tw:90 rq:4.900000 seq:96.000000
D/KeyguardViewMediator( 1196): setHidden false
D/KeyguardUpdateMonitor( 1196): sendKeyguardVisibilityChanged(true)
W/qdhwcomposer(  291): Excessive delay reading vsync: took 10538 ms
W/ContextImpl(  845): Calling a method in the system process without a qualified user: android.app.ContextImpl.sendBroadcast:1502 com.android.server.InputMethodManagerService$4.run:2826 java.lang.Thread.run:841 <bottom of call stack> <bottom of call stack> 
D/BtGatt.btif( 1657): btif_gattc_upstreams_evt: Event 4096
D/BtGatt.btif( 1657): btif_gattc_add_remote_bdaddr device added idx=0
D/BtGatt.btif( 1657): btif_gattc_update_properties BLE device name=Lemonade - 08B67152-5B89-48B8 len=29 dev_type=2
D/KeyguardViewMediator( 1196): setHidden false
D/KeyguardUpdateMonitor( 1196): sendKeyguardVisibilityChanged(true)
D/KeyguardUpdateMonitor( 1196): handleKeyguardVisibilityChanged(1)
D/KeyguardUpdateMonitor( 1196): handleKeyguardVisibilityChanged(1)
D/KeyguardViewMediator( 1196): setHidden false
D/KeyguardUpdateMonitor( 1196): sendKeyguardVisibilityChanged(true)
D/KeyguardUpdateMonitor( 1196): handleKeyguardVisibilityChanged(1)
V/BluetoothEventManager(10577): Received android.bluetooth.device.action.NAME_CHANGED
D/BtGatt.GattService( 1657): onScanResult() - address=71:C5:24:0C:2A:E6, rssi=-52
D/BluetoothAdapter(12378): onScanResult() - Device=71:C5:24:0C:2A:E6 RSSI=-52
V/BluetoothEventManager(10577): Received android.bluetooth.device.action.CLASS_CHANGED
D/AbsListView(12378): unregisterIRListener() is called 
D/BtGatt.btif( 1657): btif_gattc_upstreams_evt: Event 4096
D/BtGatt.GattService( 1657): onScanResult() - address=71:C5:24:0C:2A:E6, rssi=-52
D/BluetoothAdapter(12378): onScanResult() - Device=71:C5:24:0C:2A:E6 RSSI=-52
D/AbsListView(12378): unregisterIRListener() is called 
D/BtGatt.btif( 1657): btif_gattc_upstreams_evt: Event 4096
D/BtGatt.GattService( 1657): onScanResult() - address=71:C5:24:0C:2A:E6, rssi=-49
D/BluetoothAdapter(12378): onScanResult() - Device=71:C5:24:0C:2A:E6 RSSI=-49
D/AbsListView(12378): unregisterIRListener() is called 
D/BtGatt.btif( 1657): btif_gattc_upstreams_evt: Event 4096
D/BtGatt.GattService( 1657): onScanResult() - address=71:C5:24:0C:2A:E6, rssi=-52
D/BluetoothAdapter(12378): onScanResult() - Device=71:C5:24:0C:2A:E6 RSSI=-52
D/BtGatt.btif( 1657): btif_gattc_upstreams_evt: Event 4096
D/BtGatt.btif( 1657): btif_gattc_add_remote_bdaddr device added idx=1
D/BtGatt.GattService( 1657): onScanResult() - address=7B:9D:61:98:0F:51, rssi=-57
D/BluetoothAdapter(12378): onScanResult() - Device=7B:9D:61:98:0F:51 RSSI=-57
D/AbsListView(12378): unregisterIRListener() is called 
D/BtGatt.btif( 1657): btif_gattc_upstreams_evt: Event 4096
D/BtGatt.GattService( 1657): onScanResult() - address=71:C5:24:0C:2A:E6, rssi=-50
D/BluetoothAdapter(12378): onScanResult() - Device=71:C5:24:0C:2A:E6 RSSI=-50
D/AbsListView(12378): unregisterIRListener() is called 
D/BtGatt.btif( 1657): btif_gattc_upstreams_evt: Event 4096
D/BtGatt.btif( 1657): btif_gattc_add_remote_bdaddr device added idx=2
D/BtGatt.GattService( 1657): onScanResult() - address=18:EE:69:2D:A5:90, rssi=-66
D/BluetoothAdapter(12378): onScanResult() - Device=18:EE:69:2D:A5:90 RSSI=-66
D/AbsListView(12378): unregisterIRListener() is called 
D/BtGatt.btif( 1657): btif_gattc_upstreams_evt: Event 4096
D/BtGatt.GattService( 1657): onScanResult() - address=71:C5:24:0C:2A:E6, rssi=-51
D/BluetoothAdapter(12378): onScanResult() - Device=71:C5:24:0C:2A:E6 RSSI=-51
D/AbsListView(12378): unregisterIRListener() is called 
D/AbsListView(12378): unregisterIRListener() is called 
E/MP-Decision( 1994): num online cores: 4 reqd : 2 available : 4 rq_depth:0.500000 hotplug_avg_load_dw: 101
E/MP-Decision( 1994): DOWN cpu:3 core_idx:3 Ns:3.100000 Ts:240 rq:0.500000 seq:240.000000
E/MP-Decision( 1994): DOWN cpu:2 core_idx:2 Ns:2.100000 Ts:240 rq:0.500000 seq:240.000000
D/BtGatt.btif( 1657): btif_gattc_upstreams_evt: Event 4096
D/BtGatt.GattService( 1657): onScanResult() - address=71:C5:24:0C:2A:E6, rssi=-54
D/BluetoothAdapter(12378): onScanResult() - Device=71:C5:24:0C:2A:E6 RSSI=-54
D/AbsListView(12378): unregisterIRListener() is called 
D/STATUSBAR-NetworkController( 1196): onReceive() - RSSI_CHANGED_ACTION, WIFI_STATE, NETWORK_STATE
D/BtGatt.btif( 1657): btif_gattc_upstreams_evt: Event 4096
D/BtGatt.GattService( 1657): onScanResult() - address=71:C5:24:0C:2A:E6, rssi=-55
D/BluetoothAdapter(12378): onScanResult() - Device=71:C5:24:0C:2A:E6 RSSI=-55
D/BtGatt.btif( 1657): btif_gattc_upstreams_evt: Event 4096
D/BtGatt.GattService( 1657): onScanResult() - address=7B:9D:61:98:0F:51, rssi=-60
D/BluetoothAdapter(12378): onScanResult() - Device=7B:9D:61:98:0F:51 RSSI=-60
D/STATUSBAR-IconMerger( 1196): checkOverflow(432), More:true, Req:true Child:7
D/AbsListView(12378): unregisterIRListener() is called 
D/SSRMv2:CustomFrequencyManagerService(  845): releaseDVFSLockLocked : Getting Lock type frm List : DVFS_MIN_LIMIT  frequency : 1350000  uid : 1000  pid : 845  tag : ACTIVITY_RESUME_BOOSTER@6
W/ActivityManager(  845): mDVFSHelper.release()
D/KeyguardViewMediator( 1196): setHidden false
D/KeyguardUpdateMonitor( 1196): sendKeyguardVisibilityChanged(true)
D/KeyguardUpdateMonitor( 1196): handleKeyguardVisibilityChanged(1)
I/SurfaceFlinger(  291): id=176 Removed SecentsActi (8/14)
I/SurfaceFlinger(  291): id=176 Removed SecentsActi (-2/14)
D/KeyguardViewMediator( 1196): setHidden false
D/KeyguardUpdateMonitor( 1196): sendKeyguardVisibilityChanged(true)
D/KeyguardUpdateMonitor( 1196): handleKeyguardVisibilityChanged(1)
D/BtGatt.btif( 1657): btif_gattc_upstreams_evt: Event 4096
D/BtGatt.GattService( 1657): onScanResult() - address=71:C5:24:0C:2A:E6, rssi=-55
D/BluetoothAdapter(12378): onScanResult() - Device=71:C5:24:0C:2A:E6 RSSI=-55
D/BtGatt.btif( 1657): btif_gattc_upstreams_evt: Event 4096
D/BtGatt.GattService( 1657): onScanResult() - address=18:EE:69:2D:A5:90, rssi=-63
D/BluetoothAdapter(12378): onScanResult() - Device=18:EE:69:2D:A5:90 RSSI=-63
D/AbsListView(12378): unregisterIRListener() is called 
D/KeyguardViewMediator( 1196): setHidden false
D/KeyguardUpdateMonitor( 1196): sendKeyguardVisibilityChanged(true)
D/SSRMv2:CustomFrequencyManagerService(  845): acquireDVFSLockLocked : type : DVFS_MIN_LIMIT  frequency : 1350000  uid : 1000  pid : 845  pkgName : ACTIVITY_RESUME_BOOSTER@9
D/STATUSBAR-RecentsPanel( 1196): onStop()
D/STATUSBAR-RecentsPanelView( 1196): onUiHidden() - mShowing:false, mRecentTaskDescriptions != null:true
D/STATUSBAR-RecentsPanelView( 1196): clearRecentTasksList()
D/STATUSBAR-RecentTasksLoader( 1196): cancelLoadingThumbnailsAndIcons()
D/STATUSBAR-RecentTasksLoader( 1196): mTaskLoader.cancel()
D/STATUSBAR-RecentTasksLoader( 1196): mThumbnailLoader.cancel()
D/STATUSBAR-RecentTasksLoader( 1196):  - mRecentsPanel.onTaskLoadingCancelled()
D/STATUSBAR-RecentsPanelView( 1196): onTaskLoadingCancelled()
D/KeyguardViewMediator( 1196): setHidden false
D/KeyguardUpdateMonitor( 1196): sendKeyguardVisibilityChanged(true)
D/STATUSBAR-RecentTasksLoader( 1196):  - mRecentsPanel.dismiss()
D/RecentsPanelView( 1196): show: false
D/STATUSBAR-RecentsPanelView( 1196): onTaskLoadingCancelled()
D/STATUSBAR-RecentsPanel( 1196): onDestroy()
D/KeyguardUpdateMonitor( 1196): handleKeyguardVisibilityChanged(1)
D/KeyguardUpdateMonitor( 1196): handleKeyguardVisibilityChanged(1)
D/AbsListView(12378): unregisterIRListener() is called 
D/BtGatt.btif( 1657): btif_gattc_upstreams_evt: Event 4096
D/BtGatt.GattService( 1657): onScanResult() - address=71:C5:24:0C:2A:E6, rssi=-43
D/BluetoothAdapter(12378): onScanResult() - Device=71:C5:24:0C:2A:E6 RSSI=-43
D/AbsListView(12378): unregisterIRListener() is called 
D/BtGatt.btif( 1657): btif_gattc_upstreams_evt: Event 4096
D/BtGatt.GattService( 1657): onScanResult() - address=71:C5:24:0C:2A:E6, rssi=-47
D/BluetoothAdapter(12378): onScanResult() - Device=71:C5:24:0C:2A:E6 RSSI=-47
D/AbsListView(12378): unregisterIRListener() is called 
D/BtGatt.btif( 1657): btif_gattc_upstreams_evt: Event 4096
D/BtGatt.GattService( 1657): onScanResult() - address=18:EE:69:2D:A5:90, rssi=-64
D/BluetoothAdapter(12378): onScanResult() - Device=18:EE:69:2D:A5:90 RSSI=-64
D/AbsListView(12378): unregisterIRListener() is called 
D/BtGatt.btif( 1657): btif_gattc_upstreams_evt: Event 4096
D/BtGatt.GattService( 1657): onScanResult() - address=71:C5:24:0C:2A:E6, rssi=-52
D/BluetoothAdapter(12378): onScanResult() - Device=71:C5:24:0C:2A:E6 RSSI=-52
D/AbsListView(12378): unregisterIRListener() is called 
D/BtGatt.btif( 1657): btif_gattc_upstreams_evt: Event 4096
D/BtGatt.btif( 1657): btif_gattc_add_remote_bdaddr device added idx=3
D/BtGatt.GattService( 1657): onScanResult() - address=67:C5:F5:CE:6C:29, rssi=-72
D/BluetoothAdapter(12378): onScanResult() - Device=67:C5:F5:CE:6C:29 RSSI=-72
D/BtGatt.btif( 1657): btif_gattc_upstreams_evt: Event 4096
D/BtGatt.GattService( 1657): onScanResult() - address=71:C5:24:0C:2A:E6, rssi=-43
D/BluetoothAdapter(12378): onScanResult() - Device=71:C5:24:0C:2A:E6 RSSI=-43
D/AbsListView(12378): unregisterIRListener() is called 
D/AbsListView(12378): unregisterIRListener() is called 
D/SSRMv2:CustomFrequencyManagerService(  845): releaseDVFSLockLocked : Getting Lock type frm List : DVFS_MIN_LIMIT  frequency : 1350000  uid : 1000  pid : 845  tag : ACTIVITY_RESUME_BOOSTER@9
W/qdhwcomposer(  291): Excessive delay reading vsync: took 598 ms
D/BtGatt.btif( 1657): btif_gattc_upstreams_evt: Event 4096
D/BtGatt.GattService( 1657): onScanResult() - address=71:C5:24:0C:2A:E6, rssi=-46
D/BluetoothAdapter(12378): onScanResult() - Device=71:C5:24:0C:2A:E6 RSSI=-46
D/BtGatt.btif( 1657): btif_gattc_upstreams_evt: Event 4096
D/BtGatt.btif( 1657): btif_gattc_add_remote_bdaddr device added idx=4
D/BtGatt.GattService( 1657): onScanResult() - address=7E:51:E4:4C:3F:16, rssi=-86
D/BluetoothAdapter(12378): onScanResult() - Device=7E:51:E4:4C:3F:16 RSSI=-86
D/AbsListView(12378): unregisterIRListener() is called 
D/BtGatt.btif( 1657): btif_gattc_upstreams_evt: Event 4096
D/BtGatt.GattService( 1657): onScanResult() - address=7B:9D:61:98:0F:51, rssi=-58
D/BluetoothAdapter(12378): onScanResult() - Device=7B:9D:61:98:0F:51 RSSI=-58
D/BtGatt.btif( 1657): btif_gattc_upstreams_evt: Event 4096
D/BtGatt.GattService( 1657): onScanResult() - address=71:C5:24:0C:2A:E6, rssi=-50
D/BluetoothAdapter(12378): onScanResult() - Device=71:C5:24:0C:2A:E6 RSSI=-50
D/BtGatt.btif( 1657): btif_gattc_upstreams_evt: Event 4096
D/BtGatt.GattService( 1657): onScanResult() - address=18:EE:69:2D:A5:90, rssi=-63
D/BluetoothAdapter(12378): onScanResult() - Device=18:EE:69:2D:A5:90 RSSI=-63
D/AbsListView(12378): unregisterIRListener() is called 
D/BtGatt.btif( 1657): btif_gattc_upstreams_evt: Event 4096
D/BtGatt.GattService( 1657): onScanResult() - address=71:C5:24:0C:2A:E6, rssi=-51
D/BluetoothAdapter(12378): onScanResult() - Device=71:C5:24:0C:2A:E6 RSSI=-51
D/AbsListView(12378): unregisterIRListener() is called 
D/BtGatt.btif( 1657): btif_gattc_upstreams_evt: Event 4096
D/BtGatt.GattService( 1657): onScanResult() - address=71:C5:24:0C:2A:E6, rssi=-51
D/BluetoothAdapter(12378): onScanResult() - Device=71:C5:24:0C:2A:E6 RSSI=-51
D/AbsListView(12378): unregisterIRListener() is called 
D/BtGatt.btif( 1657): btif_gattc_upstreams_evt: Event 4096
D/BtGatt.GattService( 1657): onScanResult() - address=71:C5:24:0C:2A:E6, rssi=-51
D/BluetoothAdapter(12378): onScanResult() - Device=71:C5:24:0C:2A:E6 RSSI=-51
D/AbsListView(12378): unregisterIRListener() is called 
D/BtGatt.btif( 1657): btif_gattc_upstreams_evt: Event 4096
D/BtGatt.GattService( 1657): onScanResult() - address=71:C5:24:0C:2A:E6, rssi=-50
D/BluetoothAdapter(12378): onScanResult() - Device=71:C5:24:0C:2A:E6 RSSI=-50
D/AbsListView(12378): unregisterIRListener() is called 
D/BtGatt.btif( 1657): btif_gattc_upstreams_evt: Event 4096
D/BtGatt.btif( 1657): btif_gattc_add_remote_bdaddr device added idx=5
D/BtGatt.GattService( 1657): onScanResult() - address=68:D9:3C:92:E0:39, rssi=-67
D/BluetoothAdapter(12378): onScanResult() - Device=68:D9:3C:92:E0:39 RSSI=-67
D/BtGatt.btif( 1657): btif_gattc_upstreams_evt: Event 4096
D/BtGatt.GattService( 1657): onScanResult() - address=7B:9D:61:98:0F:51, rssi=-64
D/BluetoothAdapter(12378): onScanResult() - Device=7B:9D:61:98:0F:51 RSSI=-64
D/BtGatt.btif( 1657): btif_gattc_upstreams_evt: Event 4096
D/BtGatt.GattService( 1657): onScanResult() - address=71:C5:24:0C:2A:E6, rssi=-50
D/BluetoothAdapter(12378): onScanResult() - Device=71:C5:24:0C:2A:E6 RSSI=-50
D/BtGatt.btif( 1657): btif_gattc_upstreams_evt: Event 4096
D/BtGatt.GattService( 1657): onScanResult() - address=18:EE:69:2D:A5:90, rssi=-76
D/BluetoothAdapter(12378): onScanResult() - Device=18:EE:69:2D:A5:90 RSSI=-76
W/EDMNativeHelper(  276): EDMNativeHelperService is published
D/AbsListView(12378): unregisterIRListener() is called 
D/BtGatt.btif( 1657): btif_gattc_upstreams_evt: Event 4096
D/BtGatt.GattService( 1657): onScanResult() - address=71:C5:24:0C:2A:E6, rssi=-50
D/BluetoothAdapter(12378): onScanResult() - Device=71:C5:24:0C:2A:E6 RSSI=-50
D/AbsListView(12378): unregisterIRListener() is called 
D/BtGatt.btif( 1657): btif_gattc_upstreams_evt: Event 4096
D/BtGatt.GattService( 1657): onScanResult() - address=71:C5:24:0C:2A:E6, rssi=-55
D/BluetoothAdapter(12378): onScanResult() - Device=71:C5:24:0C:2A:E6 RSSI=-55
D/BtGatt.btif( 1657): btif_gattc_upstreams_evt: Event 4096
D/BtGatt.GattService( 1657): onScanResult() - address=67:C5:F5:CE:6C:29, rssi=-70
D/BluetoothAdapter(12378): onScanResult() - Device=67:C5:F5:CE:6C:29 RSSI=-70
D/AbsListView(12378): unregisterIRListener() is called 
D/BtGatt.btif( 1657): btif_gattc_upstreams_evt: Event 4096
D/BtGatt.GattService( 1657): onScanResult() - address=71:C5:24:0C:2A:E6, rssi=-55
D/BluetoothAdapter(12378): onScanResult() - Device=71:C5:24:0C:2A:E6 RSSI=-55
D/AbsListView(12378): unregisterIRListener() is called 
D/BtGatt.btif( 1657): btif_gattc_upstreams_evt: Event 4096
D/BtGatt.GattService( 1657): onScanResult() - address=71:C5:24:0C:2A:E6, rssi=-55
D/BluetoothAdapter(12378): onScanResult() - Device=71:C5:24:0C:2A:E6 RSSI=-55
D/AbsListView(12378): unregisterIRListener() is called 
D/BtGatt.btif( 1657): btif_gattc_upstreams_evt: Event 4096
D/BtGatt.GattService( 1657): onScanResult() - address=7E:51:E4:4C:3F:16, rssi=-87
D/BluetoothAdapter(12378): onScanResult() - Device=7E:51:E4:4C:3F:16 RSSI=-87
D/BtGatt.btif( 1657): btif_gattc_upstreams_evt: Event 4096
D/BtGatt.GattService( 1657): onScanResult() - address=71:C5:24:0C:2A:E6, rssi=-55
D/BluetoothAdapter(12378): onScanResult() - Device=71:C5:24:0C:2A:E6 RSSI=-55
D/BtGatt.btif( 1657): btif_gattc_upstreams_evt: Event 4096
D/BtGatt.GattService( 1657): onScanResult() - address=68:D9:3C:92:E0:39, rssi=-71
D/BluetoothAdapter(12378): onScanResult() - Device=68:D9:3C:92:E0:39 RSSI=-71
D/BtGatt.btif( 1657): btif_gattc_upstreams_evt: Event 4096
D/BtGatt.GattService( 1657): onScanResult() - address=7B:9D:61:98:0F:51, rssi=-58
D/BluetoothAdapter(12378): onScanResult() - Device=7B:9D:61:98:0F:51 RSSI=-58
D/AbsListView(12378): unregisterIRListener() is called 
D/AbsListView(12378): unregisterIRListener() is called 
D/BtGatt.btif( 1657): btif_gattc_upstreams_evt: Event 4096
D/BtGatt.GattService( 1657): onScanResult() - address=71:C5:24:0C:2A:E6, rssi=-46
D/BluetoothAdapter(12378): onScanResult() - Device=71:C5:24:0C:2A:E6 RSSI=-46
D/AbsListView(12378): unregisterIRListener() is called 
D/BtGatt.btif( 1657): btif_gattc_upstreams_evt: Event 4096
D/BtGatt.GattService( 1657): onScanResult() - address=71:C5:24:0C:2A:E6, rssi=-46
D/BluetoothAdapter(12378): onScanResult() - Device=71:C5:24:0C:2A:E6 RSSI=-46
D/BtGatt.btif( 1657): btif_gattc_upstreams_evt: Event 4096
D/BtGatt.GattService( 1657): onScanResult() - address=71:C5:24:0C:2A:E6, rssi=-46
D/BluetoothAdapter(12378): onScanResult() - Device=71:C5:24:0C:2A:E6 RSSI=-46
D/AbsListView(12378): unregisterIRListener() is called 
D/BtGatt.btif( 1657): btif_gattc_upstreams_evt: Event 4096
D/BtGatt.GattService( 1657): onScanResult() - address=71:C5:24:0C:2A:E6, rssi=-46
D/BluetoothAdapter(12378): onScanResult() - Device=71:C5:24:0C:2A:E6 RSSI=-46
D/AbsListView(12378): unregisterIRListener() is called 
D/BtGatt.btif( 1657): btif_gattc_upstreams_evt: Event 4096
D/BtGatt.GattService( 1657): onScanResult() - address=7E:51:E4:4C:3F:16, rssi=-68
D/BluetoothAdapter(12378): onScanResult() - Device=7E:51:E4:4C:3F:16 RSSI=-68
D/BtGatt.btif( 1657): btif_gattc_upstreams_evt: Event 4096
D/BtGatt.GattService( 1657): onScanResult() - address=71:C5:24:0C:2A:E6, rssi=-46
D/BluetoothAdapter(12378): onScanResult() - Device=71:C5:24:0C:2A:E6 RSSI=-46
D/BtGatt.btif( 1657): btif_gattc_upstreams_evt: Event 4096
D/BtGatt.GattService( 1657): onScanResult() - address=68:D9:3C:92:E0:39, rssi=-67
D/BluetoothAdapter(12378): onScanResult() - Device=68:D9:3C:92:E0:39 RSSI=-67
D/AbsListView(12378): unregisterIRListener() is called 
D/BtGatt.btif( 1657): btif_gattc_upstreams_evt: Event 4096
D/BtGatt.GattService( 1657): onScanResult() - address=18:EE:69:2D:A5:90, rssi=-75
D/BluetoothAdapter(12378): onScanResult() - Device=18:EE:69:2D:A5:90 RSSI=-75
D/BtGatt.btif( 1657): btif_gattc_upstreams_evt: Event 4096
D/BtGatt.GattService( 1657): onScanResult() - address=71:C5:24:0C:2A:E6, rssi=-49
D/BluetoothAdapter(12378): onScanResult() - Device=71:C5:24:0C:2A:E6 RSSI=-49
D/AbsListView(12378): unregisterIRListener() is called 
D/BtGatt.btif( 1657): btif_gattc_upstreams_evt: Event 4096
D/BtGatt.GattService( 1657): onScanResult() - address=71:C5:24:0C:2A:E6, rssi=-46
D/BluetoothAdapter(12378): onScanResult() - Device=71:C5:24:0C:2A:E6 RSSI=-46
D/AbsListView(12378): unregisterIRListener() is called 
D/BtGatt.btif( 1657): btif_gattc_upstreams_evt: Event 4096
D/BtGatt.GattService( 1657): onScanResult() - address=71:C5:24:0C:2A:E6, rssi=-46
D/BluetoothAdapter(12378): onScanResult() - Device=71:C5:24:0C:2A:E6 RSSI=-46
D/AbsListView(12378): unregisterIRListener() is called 
D/BtGatt.btif( 1657): btif_gattc_upstreams_evt: Event 4096
D/BtGatt.GattService( 1657): onScanResult() - address=67:C5:F5:CE:6C:29, rssi=-91
D/BluetoothAdapter(12378): onScanResult() - Device=67:C5:F5:CE:6C:29 RSSI=-91
D/BtGatt.btif( 1657): btif_gattc_upstreams_evt: Event 4096
D/BtGatt.GattService( 1657): onScanResult() - address=71:C5:24:0C:2A:E6, rssi=-46
D/BluetoothAdapter(12378): onScanResult() - Device=71:C5:24:0C:2A:E6 RSSI=-46
D/AbsListView(12378): unregisterIRListener() is called 
D/BtGatt.btif( 1657): btif_gattc_upstreams_evt: Event 4096
D/BtGatt.GattService( 1657): onScanResult() - address=71:C5:24:0C:2A:E6, rssi=-50
D/BluetoothAdapter(12378): onScanResult() - Device=71:C5:24:0C:2A:E6 RSSI=-50
D/AbsListView(12378): unregisterIRListener() is called 
W/qdhwcomposer(  291): Excessive delay reading vsync: took 731 ms
D/BtGatt.btif( 1657): btif_gattc_upstreams_evt: Event 4096
D/BtGatt.GattService( 1657): onScanResult() - address=71:C5:24:0C:2A:E6, rssi=-55
D/BluetoothAdapter(12378): onScanResult() - Device=71:C5:24:0C:2A:E6 RSSI=-55
D/BtGatt.btif( 1657): btif_gattc_upstreams_evt: Event 4096
D/BtGatt.GattService( 1657): onScanResult() - address=7B:9D:61:98:0F:51, rssi=-62
D/BluetoothAdapter(12378): onScanResult() - Device=7B:9D:61:98:0F:51 RSSI=-62
D/BtGatt.btif( 1657): btif_gattc_upstreams_evt: Event 4096
D/BtGatt.GattService( 1657): onScanResult() - address=18:EE:69:2D:A5:90, rssi=-64
D/BluetoothAdapter(12378): onScanResult() - Device=18:EE:69:2D:A5:90 RSSI=-64
D/AbsListView(12378): unregisterIRListener() is called 
D/BtGatt.btif( 1657): btif_gattc_upstreams_evt: Event 4096
D/BtGatt.GattService( 1657): onScanResult() - address=67:C5:F5:CE:6C:29, rssi=-72
D/BluetoothAdapter(12378): onScanResult() - Device=67:C5:F5:CE:6C:29 RSSI=-72
D/AbsListView(12378): unregisterIRListener() is called 
D/BtGatt.btif( 1657): btif_gattc_upstreams_evt: Event 4096
D/BtGatt.GattService( 1657): onScanResult() - address=71:C5:24:0C:2A:E6, rssi=-56
D/BluetoothAdapter(12378): onScanResult() - Device=71:C5:24:0C:2A:E6 RSSI=-56
D/AbsListView(12378): unregisterIRListener() is called 
D/BtGatt.btif( 1657): btif_gattc_upstreams_evt: Event 4096
D/BtGatt.GattService( 1657): onScanResult() - address=71:C5:24:0C:2A:E6, rssi=-46
D/BluetoothAdapter(12378): onScanResult() - Device=71:C5:24:0C:2A:E6 RSSI=-46
D/AbsListView(12378): unregisterIRListener() is called 
D/BtGatt.btif( 1657): btif_gattc_upstreams_evt: Event 4096
D/BtGatt.GattService( 1657): onScanResult() - address=67:C5:F5:CE:6C:29, rssi=-92
D/BluetoothAdapter(12378): onScanResult() - Device=67:C5:F5:CE:6C:29 RSSI=-92
D/BtGatt.btif( 1657): btif_gattc_upstreams_evt: Event 4096
D/BtGatt.GattService( 1657): onScanResult() - address=71:C5:24:0C:2A:E6, rssi=-47
D/BluetoothAdapter(12378): onScanResult() - Device=71:C5:24:0C:2A:E6 RSSI=-47
D/BtGatt.btif( 1657): btif_gattc_upstreams_evt: Event 4096
D/BtGatt.GattService( 1657): onScanResult() - address=68:D9:3C:92:E0:39, rssi=-67
D/BluetoothAdapter(12378): onScanResult() - Device=68:D9:3C:92:E0:39 RSSI=-67
D/BtGatt.btif( 1657): btif_gattc_upstreams_evt: Event 4096
D/BtGatt.GattService( 1657): onScanResult() - address=71:C5:24:0C:2A:E6, rssi=-46
D/AbsListView(12378): unregisterIRListener() is called 
D/BluetoothAdapter(12378): onScanResult() - Device=71:C5:24:0C:2A:E6 RSSI=-46
D/BtGatt.btif( 1657): btif_gattc_upstreams_evt: Event 4096
D/BtGatt.GattService( 1657): onScanResult() - address=7B:9D:61:98:0F:51, rssi=-63
D/BluetoothAdapter(12378): onScanResult() - Device=7B:9D:61:98:0F:51 RSSI=-63
D/BtGatt.btif( 1657): btif_gattc_upstreams_evt: Event 4096
D/BtGatt.GattService( 1657): onScanResult() - address=71:C5:24:0C:2A:E6, rssi=-43
D/BluetoothAdapter(12378): onScanResult() - Device=71:C5:24:0C:2A:E6 RSSI=-43
D/AbsListView(12378): unregisterIRListener() is called 
D/BtGatt.btif( 1657): btif_gattc_upstreams_evt: Event 4096
D/BtGatt.GattService( 1657): onScanResult() - address=71:C5:24:0C:2A:E6, rssi=-46
D/BluetoothAdapter(12378): onScanResult() - Device=71:C5:24:0C:2A:E6 RSSI=-46
D/AbsListView(12378): unregisterIRListener() is called 
D/BtGatt.btif( 1657): btif_gattc_upstreams_evt: Event 4096
D/BtGatt.GattService( 1657): onScanResult() - address=67:C5:F5:CE:6C:29, rssi=-75
D/BluetoothAdapter(12378): onScanResult() - Device=67:C5:F5:CE:6C:29 RSSI=-75
D/BtGatt.btif( 1657): btif_gattc_upstreams_evt: Event 4096
D/BtGatt.GattService( 1657): onScanResult() - address=71:C5:24:0C:2A:E6, rssi=-47
D/BluetoothAdapter(12378): onScanResult() - Device=71:C5:24:0C:2A:E6 RSSI=-47
D/AbsListView(12378): unregisterIRListener() is called 
D/BtGatt.btif( 1657): btif_gattc_upstreams_evt: Event 4096
D/BtGatt.GattService( 1657): onScanResult() - address=67:C5:F5:CE:6C:29, rssi=-74
D/BluetoothAdapter(12378): onScanResult() - Device=67:C5:F5:CE:6C:29 RSSI=-74
D/AbsListView(12378): unregisterIRListener() is called 
D/AbsListView(12378): unregisterIRListener() is called 
D/BtGatt.btif( 1657): btif_gattc_upstreams_evt: Event 4096
D/BtGatt.GattService( 1657): onScanResult() - address=68:D9:3C:92:E0:39, rssi=-66
D/BluetoothAdapter(12378): onScanResult() - Device=68:D9:3C:92:E0:39 RSSI=-66
D/BtGatt.btif( 1657): btif_gattc_upstreams_evt: Event 4096
D/BtGatt.GattService( 1657): onScanResult() - address=7B:9D:61:98:0F:51, rssi=-58
D/BluetoothAdapter(12378): onScanResult() - Device=7B:9D:61:98:0F:51 RSSI=-58
D/BtGatt.btif( 1657): btif_gattc_upstreams_evt: Event 4096
D/BtGatt.GattService( 1657): onScanResult() - address=71:C5:24:0C:2A:E6, rssi=-50
D/BluetoothAdapter(12378): onScanResult() - Device=71:C5:24:0C:2A:E6 RSSI=-50
D/AbsListView(12378): unregisterIRListener() is called 
D/AbsListView(12378): unregisterIRListener() is called 
D/BtGatt.btif( 1657): btif_gattc_upstreams_evt: Event 4096
D/BtGatt.GattService( 1657): onScanResult() - address=71:C5:24:0C:2A:E6, rssi=-46
D/BluetoothAdapter(12378): onScanResult() - Device=71:C5:24:0C:2A:E6 RSSI=-46
D/AbsListView(12378): unregisterIRListener() is called 
D/BtGatt.btif( 1657): btif_gattc_upstreams_evt: Event 4096
D/BtGatt.GattService( 1657): onScanResult() - address=71:C5:24:0C:2A:E6, rssi=-56
D/BluetoothAdapter(12378): onScanResult() - Device=71:C5:24:0C:2A:E6 RSSI=-56
D/AbsListView(12378): unregisterIRListener() is called 
D/BtGatt.btif( 1657): btif_gattc_upstreams_evt: Event 4096
D/BtGatt.GattService( 1657): onScanResult() - address=71:C5:24:0C:2A:E6, rssi=-56
D/BluetoothAdapter(12378): onScanResult() - Device=71:C5:24:0C:2A:E6 RSSI=-56
W/EDMNativeHelper(  276): EDMNativeHelperService is published
D/AbsListView(12378): unregisterIRListener() is called 
D/BtGatt.btif( 1657): btif_gattc_upstreams_evt: Event 4096
D/BtGatt.GattService( 1657): onScanResult() - address=71:C5:24:0C:2A:E6, rssi=-54
D/BluetoothAdapter(12378): onScanResult() - Device=71:C5:24:0C:2A:E6 RSSI=-54
D/AbsListView(12378): unregisterIRListener() is called 
D/BtGatt.btif( 1657): btif_gattc_upstreams_evt: Event 4096
D/BtGatt.GattService( 1657): onScanResult() - address=7E:51:E4:4C:3F:16, rssi=-89
D/BluetoothAdapter(12378): onScanResult() - Device=7E:51:E4:4C:3F:16 RSSI=-89
D/BtGatt.btif( 1657): btif_gattc_upstreams_evt: Event 4096
D/BtGatt.GattService( 1657): onScanResult() - address=68:D9:3C:92:E0:39, rssi=-71
D/BluetoothAdapter(12378): onScanResult() - Device=68:D9:3C:92:E0:39 RSSI=-71
D/BtGatt.btif( 1657): btif_gattc_upstreams_evt: Event 4096
D/BtGatt.GattService( 1657): onScanResult() - address=7B:9D:61:98:0F:51, rssi=-63
D/BluetoothAdapter(12378): onScanResult() - Device=7B:9D:61:98:0F:51 RSSI=-63
D/AbsListView(12378): unregisterIRListener() is called 
D/BtGatt.btif( 1657): btif_gattc_upstreams_evt: Event 4096
D/BtGatt.GattService( 1657): onScanResult() - address=71:C5:24:0C:2A:E6, rssi=-57
D/BluetoothAdapter(12378): onScanResult() - Device=71:C5:24:0C:2A:E6 RSSI=-57
D/InputReader(  845): Input event: value=1 when=24176090375000
D/InputReader(  845): !@notifyKey(172), action=0
D/InputManager-JNI(  845): !@interceptKeyBeforeQueueing(172), action=0
D/InputManager-JNI(  845): !@handleInterceptActions(172), action=0
E/EnterpriseContainerManager(  845): ContainerPolicy Service is not yet ready!!!
D/EnterpriseDeviceManager(  845): ContainerId: 0
D/RecentTasksLoader( 1196): preloadRecentTasksList
D/STATUSBAR-RecentTasksLoader( 1196): loadTasksInBackground() mstate:CANCELLED
D/STATUSBAR-RecentTasksLoader( 1196): loadThumbnailsAndIconsInBackground()
D/STATUSBAR-RecentTasksLoader( 1196): loadTasksInBackground -doInBackground()
D/STATUSBAR-RecentTasksLoader( 1196): loadThumbnailsAndIconsInBackground-doInBackground()
E/EnterpriseContainerManager(  845): ContainerPolicy Service is not yet ready!!!
D/EnterpriseDeviceManager(  845): ContainerId: 0
E/EnterpriseContainerManager(  845): ContainerPolicy Service is not yet ready!!!
D/EnterpriseDeviceManager(  845): ContainerId: 0
E/EnterpriseContainerManager(  845): ContainerPolicy Service is not yet ready!!!
D/EnterpriseDeviceManager(  845): ContainerId: 0
W/ApplicationPackageManager( 1196): getCSCPackageItemText()
E/EnterpriseContainerManager( 1196): ContainerPolicy Service is not yet ready!!!
D/EnterpriseDeviceManager( 1196): ContainerId: 0
E/EnterpriseContainerManager(  845): ContainerPolicy Service is not yet ready!!!
D/EnterpriseDeviceManager(  845): ContainerId: 0
D/AbsListView(12378): unregisterIRListener() is called 
D/BtGatt.btif( 1657): btif_gattc_upstreams_evt: Event 4096
D/BtGatt.GattService( 1657): onScanResult() - address=71:C5:24:0C:2A:E6, rssi=-57
D/BluetoothAdapter(12378): onScanResult() - Device=71:C5:24:0C:2A:E6 RSSI=-57
D/STATUSBAR-RecentTasksLoader( 1196):     recentTasks.size():3
D/BtGatt.btif( 1657): btif_gattc_upstreams_evt: Event 4096
D/BtGatt.GattService( 1657): onScanResult() - address=71:C5:24:0C:2A:E6, rssi=-58
D/BluetoothAdapter(12378): onScanResult() - Device=71:C5:24:0C:2A:E6 RSSI=-58
D/BtGatt.btif( 1657): btif_gattc_upstreams_evt: Event 4096
D/BtGatt.GattService( 1657): onScanResult() - address=71:C5:24:0C:2A:E6, rssi=-57
D/BluetoothAdapter(12378): onScanResult() - Device=71:C5:24:0C:2A:E6 RSSI=-57
D/BtGatt.btif( 1657): btif_gattc_upstreams_evt: Event 4096
D/BtGatt.GattService( 1657): onScanResult() - address=68:D9:3C:92:E0:39, rssi=-67
D/BluetoothAdapter(12378): onScanResult() - Device=68:D9:3C:92:E0:39 RSSI=-67
D/BtGatt.btif( 1657): btif_gattc_upstreams_evt: Event 4096
D/BtGatt.GattService( 1657): onScanResult() - address=7B:9D:61:98:0F:51, rssi=-62
D/BluetoothAdapter(12378): onScanResult() - Device=7B:9D:61:98:0F:51 RSSI=-62
D/BtGatt.btif( 1657): btif_gattc_upstreams_evt: Event 4096
D/BtGatt.GattService( 1657): onScanResult() - address=18:EE:69:2D:A5:90, rssi=-75
D/BluetoothAdapter(12378): onScanResult() - Device=18:EE:69:2D:A5:90 RSSI=-75
D/BtGatt.btif( 1657): btif_gattc_upstreams_evt: Event 4096
D/BtGatt.GattService( 1657): onScanResult() - address=71:C5:24:0C:2A:E6, rssi=-47
D/BluetoothAdapter(12378): onScanResult() - Device=71:C5:24:0C:2A:E6 RSSI=-47
D/BtGatt.btif( 1657): btif_gattc_upstreams_evt: Event 4096
D/BtGatt.GattService( 1657): onScanResult() - address=67:C5:F5:CE:6C:29, rssi=-70
D/BluetoothAdapter(12378): onScanResult() - Device=67:C5:F5:CE:6C:29 RSSI=-70
D/BtGatt.btif( 1657): btif_gattc_upstreams_evt: Event 4096
D/BtGatt.GattService( 1657): onScanResult() - address=71:C5:24:0C:2A:E6, rssi=-43
D/BluetoothAdapter(12378): onScanResult() - Device=71:C5:24:0C:2A:E6 RSSI=-43
D/BtGatt.btif( 1657): btif_gattc_upstreams_evt: Event 4096
D/BtGatt.GattService( 1657): onScanResult() - address=67:C5:F5:CE:6C:29, rssi=-76
D/BluetoothAdapter(12378): onScanResult() - Device=67:C5:F5:CE:6C:29 RSSI=-76
D/BtGatt.btif( 1657): btif_gattc_upstreams_evt: Event 4096
D/BtGatt.GattService( 1657): onScanResult() - address=71:C5:24:0C:2A:E6, rssi=-43
D/BluetoothAdapter(12378): onScanResult() - Device=71:C5:24:0C:2A:E6 RSSI=-43
D/dalvikvm(  845): GC_FOR_ALLOC freed 6215K, 22% free 59076K/75620K, paused 202ms, total 202ms
D/PackageManager(  845): checkUidPermission - Execution time: 206 ms
E/EnterpriseContainerManager(  845): ContainerPolicy Service is not yet ready!!!
D/EnterpriseDeviceManager(  845): ContainerId: 0
D/BtGatt.btif( 1657): btif_gattc_upstreams_evt: Event 4096
D/BtGatt.GattService( 1657): onScanResult() - address=71:C5:24:0C:2A:E6, rssi=-47
D/BluetoothAdapter(12378): onScanResult() - Device=71:C5:24:0C:2A:E6 RSSI=-47
W/ApplicationPackageManager( 1196): getCSCPackageItemText()
E/EnterpriseContainerManager( 1196): ContainerPolicy Service is not yet ready!!!
D/EnterpriseDeviceManager( 1196): ContainerId: 0
E/EnterpriseContainerManager(  845): ContainerPolicy Service is not yet ready!!!
D/EnterpriseDeviceManager(  845): ContainerId: 0
W/ApplicationPackageManager( 1196): getCSCPackageItemText()
E/EnterpriseContainerManager( 1196): ContainerPolicy Service is not yet ready!!!
D/EnterpriseDeviceManager( 1196): ContainerId: 0
D/BtGatt.btif( 1657): btif_gattc_upstreams_evt: Event 4096
D/BtGatt.GattService( 1657): onScanResult() - address=67:C5:F5:CE:6C:29, rssi=-75
D/BluetoothAdapter(12378): onScanResult() - Device=67:C5:F5:CE:6C:29 RSSI=-75
D/BtGatt.btif( 1657): btif_gattc_upstreams_evt: Event 4096
D/BtGatt.GattService( 1657): onScanResult() - address=71:C5:24:0C:2A:E6, rssi=-51
D/BluetoothAdapter(12378): onScanResult() - Device=71:C5:24:0C:2A:E6 RSSI=-51
D/AbsListView(12378): unregisterIRListener() is called 
D/BtGatt.btif( 1657): btif_gattc_upstreams_evt: Event 4096
D/BtGatt.GattService( 1657): onScanResult() - address=7E:51:E4:4C:3F:16, rssi=-89
D/BluetoothAdapter(12378): onScanResult() - Device=7E:51:E4:4C:3F:16 RSSI=-89
E/EnterpriseContainerManager(  845): ContainerPolicy Service is not yet ready!!!
D/EnterpriseDeviceManager(  845): ContainerId: 0
W/ApplicationPackageManager( 1196): getCSCPackageItemText()
E/EnterpriseContainerManager( 1196): ContainerPolicy Service is not yet ready!!!
D/EnterpriseDeviceManager( 1196): ContainerId: 0
D/BtGatt.btif( 1657): btif_gattc_upstreams_evt: Event 4096
D/BtGatt.GattService( 1657): onScanResult() - address=7B:9D:61:98:0F:51, rssi=-58
D/BluetoothAdapter(12378): onScanResult() - Device=7B:9D:61:98:0F:51 RSSI=-58
D/STATUSBAR-RecentTasksLoader( 1196): loadThumbnailsAndIconsInBackground-onProgressUpdate()
D/STATUSBAR-RecentTasksLoader( 1196):     !isCancelled()
D/AbsListView(12378): unregisterIRListener() is called 
D/BtGatt.btif( 1657): btif_gattc_upstreams_evt: Event 4096
D/BtGatt.GattService( 1657): onScanResult() - address=18:EE:69:2D:A5:90, rssi=-64
D/BluetoothAdapter(12378): onScanResult() - Device=18:EE:69:2D:A5:90 RSSI=-64
D/STATUSBAR-RecentTasksLoader( 1196): loadTasksInBackground-onProgressUpdate()
D/STATUSBAR-RecentTasksLoader( 1196):  error - mRecentsPanel == null
D/STATUSBAR-RecentTasksLoader( 1196): loadTasksInBackground-onProgressUpdate()
D/STATUSBAR-RecentTasksLoader( 1196):  error - mRecentsPanel == null
D/STATUSBAR-RecentTasksLoader( 1196): loadThumbnailsAndIconsInBackground-onProgressUpdate()
D/STATUSBAR-RecentTasksLoader( 1196):     !isCancelled()
D/BtGatt.btif( 1657): btif_gattc_upstreams_evt: Event 4096
D/BtGatt.GattService( 1657): onScanResult() - address=71:C5:24:0C:2A:E6, rssi=-51
D/BluetoothAdapter(12378): onScanResult() - Device=71:C5:24:0C:2A:E6 RSSI=-51
D/STATUSBAR-RecentTasksLoader( 1196): loadThumbnailsAndIconsInBackground-onProgressUpdate()
D/AbsListView(12378): unregisterIRListener() is called 
D/STATUSBAR-RecentTasksLoader( 1196):     !isCancelled()
D/STATUSBAR-RecentTasksLoader( 1196): loadThumbnailsAndIconsInBackground-onProgressUpdate()
D/STATUSBAR-RecentTasksLoader( 1196):     !isCancelled()
D/STATUSBAR-RecentTasksLoader( 1196): mState = State.LOADED
D/AbsListView(12378): unregisterIRListener() is called 
D/BtGatt.btif( 1657): btif_gattc_upstreams_evt: Event 4096
D/BtGatt.GattService( 1657): onScanResult() - address=67:C5:F5:CE:6C:29, rssi=-71
E/MP-Decision( 1994): num online cores: 2 reqd : 4 available : 4 rq_depth:3.800000 hotplug_avg_load_dw: 91
E/MP-Decision( 1994): UP cpu:1 core_idx:1 Nw:1.900000 Tw:140 rq:3.800000 seq:0.000000
E/MP-Decision( 1994): UP cpu:2 core_idx:2 Nw:2.700000 Tw:90 rq:3.800000 seq:98.000000
D/BluetoothAdapter(12378): onScanResult() - Device=67:C5:F5:CE:6C:29 RSSI=-71
E/MP-Decision( 1994): UP cpu:3 core_idx:3 Nw:3.500000 Tw:90 rq:3.800000 seq:98.000000
D/BtGatt.btif( 1657): btif_gattc_upstreams_evt: Event 4096
D/BtGatt.GattService( 1657): onScanResult() - address=71:C5:24:0C:2A:E6, rssi=-51
D/BluetoothAdapter(12378): onScanResult() - Device=71:C5:24:0C:2A:E6 RSSI=-51
D/AbsListView(12378): unregisterIRListener() is called 
D/BtGatt.btif( 1657): btif_gattc_upstreams_evt: Event 4096
D/BtGatt.GattService( 1657): onScanResult() - address=67:C5:F5:CE:6C:29, rssi=-70
D/BluetoothAdapter(12378): onScanResult() - Device=67:C5:F5:CE:6C:29 RSSI=-70
D/AbsListView(12378): unregisterIRListener() is called 
D/AbsListView(12378): unregisterIRListener() is called 
D/BtGatt.btif( 1657): btif_gattc_upstreams_evt: Event 4096
D/BtGatt.GattService( 1657): onScanResult() - address=67:C5:F5:CE:6C:29, rssi=-67
D/BluetoothAdapter(12378): onScanResult() - Device=67:C5:F5:CE:6C:29 RSSI=-67
D/BtGatt.btif( 1657): btif_gattc_upstreams_evt: Event 4096
D/BtGatt.GattService( 1657): onScanResult() - address=71:C5:24:0C:2A:E6, rssi=-51
D/BluetoothAdapter(12378): onScanResult() - Device=71:C5:24:0C:2A:E6 RSSI=-51
D/SSRMv2:Monitor(  845): SIOP:: AP = 400, Prev AP = 400, Duration = 10021, PST = 394
D/SSRMv2:AmoledAdjustTimer(  845): prevTemp = 300, currTemp = 301, prevStep = 5, currStep = 5
D/AbsListView(12378): unregisterIRListener() is called 
D/InputDispatcher(  845): set entryflags to AKEY_EVENT_FLAG_LONG_PRESS
D/BtGatt.btif( 1657): btif_gattc_upstreams_evt: Event 4096
D/BtGatt.GattService( 1657): onScanResult() - address=71:C5:24:0C:2A:E6, rssi=-58
D/BluetoothAdapter(12378): onScanResult() - Device=71:C5:24:0C:2A:E6 RSSI=-58
D/BtGatt.btif( 1657): btif_gattc_upstreams_evt: Event 4096
V/Vibrator(  845): vibrateImmVibe - PUID: 1000, PackageName: android, type: 9, magType: TouchMagnitude
