D/STATUSBAR-StatusBarManagerService(  845): manageDisableList what=0x0 pkg=WindowManager.LayoutParams
V/SmartFaceService - 3rd party pause(  845): onReceive [android.intent.action.ACTIVITY_STATE/com.example.android.bluetoothchat/resume]
D/ProgressBar(20611): updateDrawableBounds: left = 0
D/ProgressBar(20611): updateDrawableBounds: top = 0
D/ProgressBar(20611): updateDrawableBounds: right = 906
D/ProgressBar(20611): updateDrawableBounds: bottom = 48
D/ProgressBar(20611): updateDrawableBounds: mProgressDrawable.setBounds()
W/BluetoothLeService(20611): Method not found. java.lang.NoSuchMethodException: connectGatt [class android.content.Context, boolean, class android.bluetooth.BluetoothGattCallback, int]
D/BluetoothGatt(20611): connect() - device: 71:C5:24:0C:2A:E6, auto: false
D/BluetoothGatt(20611): registerApp()
D/STATUSBAR-IconMerger( 1196): checkOverflow(432), More:true, Req:true Child:7
W/EDMNativeHelper(  276): EDMNativeHelperService is published
D/KeyguardViewMediator( 1196): setHidden false
D/KeyguardUpdateMonitor( 1196): sendKeyguardVisibilityChanged(true)
D/KeyguardUpdateMonitor( 1196): handleKeyguardVisibilityChanged(1)
D/BluetoothGatt(20611): registerApp() - UUID=f5cdda7f-628d-4ff4-9dbc-1f352c708620
D/BtGatt.GattService( 1657): registerClient() - UUID=f5cdda7f-628d-4ff4-9dbc-1f352c708620
D/BtGatt.btif( 1657): btif_gattc_register_app
D/BtGatt.btif( 1657): btgattc_handle_event: Event 1000
D/BtGatt.btif( 1657): btif_gattc_upstreams_evt: Event 0
D/BtGatt.GattService( 1657): onClientRegistered() - UUID=f5cdda7f-628d-4ff4-9dbc-1f352c708620, clientIf=5
D/BluetoothGatt(20611): onClientRegistered() - status=0 clientIf=5
I/BluetoothGatt(20611): Client registered, waiting for callback
D/BluetoothLeService(20611): Trying to create a new connection.
D/BtGatt.GattService( 1657): clientConnect() - address=71:C5:24:0C:2A:E6, isDirect=true
D/BtGatt.btif( 1657): btif_gattc_open
D/BtGatt.btif( 1657): btgattc_handle_event: Event 1004
D/BtGatt.btif( 1657): btif_get_device_type: Device [71:c5:24:0c:2a:e6] type 2, addr. type 1
D/AbsListView(20611): unregisterIRListener() is called 
D/AbsListView(20611): unregisterIRListener() is called 
D/AbsListView(20611): unregisterIRListener() is called 
E/bt-btm  ( 1657): btm_ble_resume_bg_conn 0
D/        ( 1657): remote version info [71:c5:24:0c:2a:e6]: 0, 0, 0
D/BtGatt.btif( 1657): btif_gattc_upstreams_evt: Event 2
D/BtGatt.GattService( 1657): onConnected() - clientIf=5, connId=5, address=71:C5:24:0C:2A:E6
D/KeyguardViewMediator( 1196): Received android.bluetooth.device.action.ACL_CONNECTED
D/BluetoothGatt(20611): onClientConnectionState() - status=0 clientIf=5 device=71:C5:24:0C:2A:E6
D/KeyguardViewMediator( 1196): isGear1: device is not B1!
I/BluetoothLeService(20611): Connected to GATT server.
D/BluetoothGatt(20611): discoverServices() - device: 71:C5:24:0C:2A:E6
D/BtGatt.GattService( 1657): discoverServices() - address=71:C5:24:0C:2A:E6, connId=5
D/BtGatt.btif( 1657): btif_gattc_search_service
I/BluetoothLeService(20611): Attempting to start service discovery:true
D/BtGatt.btif( 1657): btgattc_handle_event: Event 1006
I/SurfaceFlinger(  291): id=186 Removed EeviceListA (12/14)
I/SurfaceFlinger(  291): id=186 Removed EeviceListA (-2/14)
D/KeyguardViewMediator( 1196): setHidden false
D/KeyguardUpdateMonitor( 1196): sendKeyguardVisibilityChanged(true)
D/KeyguardUpdateMonitor( 1196): handleKeyguardVisibilityChanged(1)
W/SurfaceFlinger(  291): couldn't log to binary event log: overflow.
I/SELinux (22121): Function: selinux_android_load_priority [0], There is no sepolicy file.
I/SELinux (22121):  
I/SELinux (22121): Function: selinux_android_load_priority [1], There is no sepolicy version file.
I/SELinux (22121):  
I/SELinux (22121): Function: selinux_android_load_priority , priority version is VE=SEPF_SC-04E_4.4.2_0016
I/SELinux (22121):  
I/SELinux (22121):  
I/SELinux (22121): selinux_android_seapp_context_reload: seapp_contexts file is loaded from /seapp_contexts
D/AbsListView(20611): onDetachedFromWindow
D/AbsListView(20611): unregisterIRListener() is called 
V/BluetoothEventManager(10577): Received android.bluetooth.adapter.action.DISCOVERY_FINISHED
D/AbsListView(20611): onDetachedFromWindow
D/AbsListView(20611): unregisterIRListener() is called 
D/KeyguardViewMediator( 1196): setHidden false
D/KeyguardUpdateMonitor( 1196): sendKeyguardVisibilityChanged(true)
D/KeyguardUpdateMonitor( 1196): handleKeyguardVisibilityChanged(1)
E/MP-Decision( 1994): num online cores: 2 reqd : 4 available : 4 rq_depth:4.000000 hotplug_avg_load_dw: 137
E/MP-Decision( 1994): UP cpu:1 core_idx:1 Nw:1.900000 Tw:140 rq:4.000000 seq:0.000000
E/MP-Decision( 1994): UP cpu:2 core_idx:2 Nw:2.700000 Tw:90 rq:4.000000 seq:98.000000
E/MP-Decision( 1994): UP cpu:3 core_idx:3 Nw:3.500000 Tw:90 rq:4.000000 seq:98.000000
D/KeyguardViewMediator( 1196): setHidden false
D/KeyguardUpdateMonitor( 1196): sendKeyguardVisibilityChanged(true)
D/KeyguardUpdateMonitor( 1196): handleKeyguardVisibilityChanged(1)
E/ResourceType(22121): getSupportListinCSC: cannot open file 
E/ResourceType(22121): The locale in CSC is empty.
I/VlingoApplication(22121): VlingoApplication appVersion ='11.2.2.0.33925', ro.csc.sales_code=DCM
D/SSRMv2:Monitor(  845): SIOP:: AP = 400, Prev AP = 400, Duration = 10016, PST = 394
D/SSRMv2:AmoledAdjustTimer(  845): prevTemp = 301, currTemp = 302, prevStep = 5, currStep = 5
E/MP-Decision( 1994): num online cores: 4 reqd : 3 available : 4 rq_depth:2.300000 hotplug_avg_load_dw: 108
E/MP-Decision( 1994): DOWN cpu:3 core_idx:3 Ns:3.100000 Ts:240 rq:2.300000 seq:241.000000
D/BluetoothNotiBroadcastReceiver(10577): onReceive
I/ActivityManager(  845): Killing 20991:com.sec.android.app.FileShareServer/1000 (adj 15): empty #31
I/BTConnectionReceiver(20880): onReceive(context, Intent { act=android.bluetooth.device.action.ACL_CONNECTED flg=0x4000010 cmp=com.google.android.googlequicksearchbox/com.google.android.search.core.service.BluetoothConnectionReceiver (has extras) }, [BluetoothDevice: address=71:C5:24:0C:2A:E6, alias=null, name=Lemonade - 08B67152-5B89-48B8, majorDeviceClass=7936, deviceClass=7936]
I/BluetoothClassifier(20880): Bluetooth Device Name: Lemonade - 08B67152-5B89-48B8
V/BluetoothDiscoveryReceiver(10577): Received: android.bluetooth.adapter.action.DISCOVERY_FINISHED
D/STATUSBAR-IconMerger( 1196): checkOverflow(432), More:true, Req:true Child:7
E/MP-Decision( 1994): num online cores: 3 reqd : 1 available : 4 rq_depth:0.000000 hotplug_avg_load_dw: 22
E/MP-Decision( 1994): DOWN cpu:2 core_idx:2 Ns:2.100000 Ts:240 rq:0.000000 seq:245.000000
E/MP-Decision( 1994): DOWN cpu:1 core_idx:1 Ns:1.100000 Ts:190 rq:0.000000 seq:245.000000
W/EDMNativeHelper(  276): EDMNativeHelperService is published
D/STATUSBAR-IconMerger( 1196): checkOverflow(432), More:true, Req:true Child:7
W/qdhwcomposer(  291): Excessive delay reading vsync: took 2459 ms
W/EDMNativeHelper(  276): EDMNativeHelperService is published
D/BatteryService(  845): level:100, scale:100, status:5, health:2, present:true, voltage: 4313, temperature: 302, technology: Li-ion, AC powered:false, USB powered:true, Wireless powered:false, icon:17303411, invalid charger:0, online:4, current avg:460, charge type:1, power sharing:false
D/BatteryService(  845): Sending ACTION_BATTERY_CHANGED.
D/UiModeManager(  845): mCoverManager.getCoverState() : true
D/KeyguardUpdateMonitor( 1196): received broadcast android.intent.action.BATTERY_CHANGED
D/KeyguardUpdateMonitor( 1196): handleBatteryUpdate
D/STATUSBAR-PhoneStatusBar( 1196):  mBrightnessEnablebySettings = true mBrightnessEnablebyBattery = true mBrightnessEnablebyDisableFlag = true mPmsBrightnessEnablebySettings = true
D/BatteryMeterView( 1196): ACTION_BATTERY_CHANGED : level:100 status:5 health:2
D/HeadsetStateMachine( 1657): Disconnected process message: 10
D/SSRMv2:CustomFrequencyManagerService(  845): releaseDVFSLockLocked : Getting Lock type frm List : DVFS_MIN_LIMIT  frequency : 1350000  uid : 1000  pid : 845  tag : ACTIVITY_RESUME_BOOSTER@6
W/ActivityManager(  845): mDVFSHelper.release()
D/SSRMv2:CustomFrequencyManagerService(  845): acquireDVFSLockLocked : type : DVFS_MIN_LIMIT  frequency : 1350000  uid : 1000  pid : 845  pkgName : ACTIVITY_RESUME_BOOSTER@9
W/EDMNativeHelper(  276): EDMNativeHelperService is published
D/SSRMv2:CustomFrequencyManagerService(  845): releaseDVFSLockLocked : Getting Lock type frm List : DVFS_MIN_LIMIT  frequency : 1350000  uid : 1000  pid : 845  tag : ACTIVITY_RESUME_BOOSTER@9
W/EDMNativeHelper(  276): EDMNativeHelperService is published
D/btif_config_util( 1657): btif_config_save_file(L153): in file name:/data/misc/bluedroid/bt_config.new
D/STATUSBAR-NetworkController( 1196): onSignalStrengthsChanged signalStrength=SignalStrength: 99 -1 -1 -1 -1 -1 -1 99 2147483647 2147483647 2147483647 -1 2147483647 gsm|lte 0x0 level=0
W/EDMNativeHelper(  276): EDMNativeHelperService is published
E/bt-btif ( 1657): No More Service found
D/BtGatt.btif( 1657): btif_gattc_upstreams_evt: Event 7
D/BtGatt.GattService( 1657): onSearchResult() - address=71:C5:24:0C:2A:E6, uuid=00001800-0000-1000-8000-00805f9b34fb
D/BluetoothGatt(20611): onGetService() - Device=71:C5:24:0C:2A:E6 UUID=00001800-0000-1000-8000-00805f9b34fb
D/BtGatt.btif( 1657): btif_gattc_upstreams_evt: Event 7
D/BtGatt.GattService( 1657): onSearchResult() - address=71:C5:24:0C:2A:E6, uuid=00001801-0000-1000-8000-00805f9b34fb
D/BluetoothGatt(20611): onGetService() - Device=71:C5:24:0C:2A:E6 UUID=00001801-0000-1000-8000-00805f9b34fb
D/BtGatt.btif( 1657): btif_gattc_upstreams_evt: Event 7
D/BtGatt.GattService( 1657): onSearchResult() - address=71:C5:24:0C:2A:E6, uuid=0000180f-0000-1000-8000-00805f9b34fb
D/BluetoothGatt(20611): onGetService() - Device=71:C5:24:0C:2A:E6 UUID=0000180f-0000-1000-8000-00805f9b34fb
D/BtGatt.btif( 1657): btif_gattc_upstreams_evt: Event 7
D/BtGatt.GattService( 1657): onSearchResult() - address=71:C5:24:0C:2A:E6, uuid=00001805-0000-1000-8000-00805f9b34fb
D/BluetoothGatt(20611): onGetService() - Device=71:C5:24:0C:2A:E6 UUID=00001805-0000-1000-8000-00805f9b34fb
D/BtGatt.btif( 1657): btif_gattc_upstreams_evt: Event 7
D/BtGatt.GattService( 1657): onSearchResult() - address=71:C5:24:0C:2A:E6, uuid=7905f431-b5ce-4e99-a40f-4b1e122d00d0
D/BluetoothGatt(20611): onGetService() - Device=71:C5:24:0C:2A:E6 UUID=7905f431-b5ce-4e99-a40f-4b1e122d00d0
D/BtGatt.btif( 1657): btif_gattc_upstreams_evt: Event 7
D/BtGatt.GattService( 1657): onSearchResult() - address=71:C5:24:0C:2A:E6, uuid=89d3502b-0f36-433a-8ef4-c502ad55f8dc
D/BluetoothGatt(20611): onGetService() - Device=71:C5:24:0C:2A:E6 UUID=89d3502b-0f36-433a-8ef4-c502ad55f8dc
D/BtGatt.btif( 1657): btif_gattc_upstreams_evt: Event 7
D/BtGatt.GattService( 1657): onSearchResult() - address=71:C5:24:0C:2A:E6, uuid=d0611e78-bbb4-4591-a5f8-487910ae4366
D/BluetoothGatt(20611): onGetService() - Device=71:C5:24:0C:2A:E6 UUID=d0611e78-bbb4-4591-a5f8-487910ae4366
D/BtGatt.btif( 1657): btif_gattc_upstreams_evt: Event 7
D/BtGatt.GattService( 1657): onSearchResult() - address=71:C5:24:0C:2A:E6, uuid=919f4046-b695-45d0-91a3-0a0d01de310e
D/BluetoothGatt(20611): onGetService() - Device=71:C5:24:0C:2A:E6 UUID=919f4046-b695-45d0-91a3-0a0d01de310e
D/BtGatt.btif( 1657): btif_gattc_upstreams_evt: Event 6
D/BtGatt.GattService( 1657): onSearchCompleted() - connId=5, status=0
D/BtGatt.btif( 1657): btif_gattc_get_characteristic
D/BtGatt.btif( 1657): btgattc_handle_event: Event 1007
D/BtGatt.GattService( 1657): onGetCharacteristic() - address=71:C5:24:0C:2A:E6, status=0, charUuid=00002a00-0000-1000-8000-00805f9b34fb, prop=2
D/BluetoothGatt(20611): onGetCharacteristic() - Device=71:C5:24:0C:2A:E6 UUID=00002a00-0000-1000-8000-00805f9b34fb
D/BtGatt.btif( 1657): btif_gattc_get_characteristic
D/BtGatt.btif( 1657): btgattc_handle_event: Event 1008
D/BtGatt.GattService( 1657): onGetCharacteristic() - address=71:C5:24:0C:2A:E6, status=0, charUuid=00002a01-0000-1000-8000-00805f9b34fb, prop=2
D/BluetoothGatt(20611): onGetCharacteristic() - Device=71:C5:24:0C:2A:E6 UUID=00002a01-0000-1000-8000-00805f9b34fb
D/BtGatt.btif( 1657): btif_gattc_get_characteristic
D/BtGatt.btif( 1657): btgattc_handle_event: Event 1008
D/BtGatt.GattService( 1657): onGetCharacteristic() - address=71:C5:24:0C:2A:E6, status=133, charUuid=00002a01-0000-1000-8000-00805f9b34fb, prop=2
D/BtGatt.btif( 1657): btif_gattc_get_included_service
D/BtGatt.btif( 1657): btgattc_handle_event: Event 1011
D/BtGatt.GattService( 1657): onGetIncludedService() - address=71:C5:24:0C:2A:E6, status=133, uuid=00001800-0000-1000-8000-00805f9b34fb, inclUuid=00002a01-0000-1000-8000-00805f9b34fb
D/BtGatt.btif( 1657): btif_gattc_get_characteristic
D/BtGatt.btif( 1657): btgattc_handle_event: Event 1007
D/BtGatt.GattService( 1657): onGetCharacteristic() - address=71:C5:24:0C:2A:E6, status=0, charUuid=00002a05-0000-1000-8000-00805f9b34fb, prop=32
D/BluetoothGatt(20611): onGetCharacteristic() - Device=71:C5:24:0C:2A:E6 UUID=00002a05-0000-1000-8000-00805f9b34fb
D/BtGatt.btif( 1657): btif_gattc_get_characteristic
D/BtGatt.btif( 1657): btgattc_handle_event: Event 1008
D/BtGatt.GattService( 1657): onGetCharacteristic() - address=71:C5:24:0C:2A:E6, status=133, charUuid=00002a05-0000-1000-8000-00805f9b34fb, prop=32
D/BtGatt.btif( 1657): btif_gattc_get_included_service
D/BtGatt.btif( 1657): btgattc_handle_event: Event 1011
D/BtGatt.GattService( 1657): onGetIncludedService() - address=71:C5:24:0C:2A:E6, status=133, uuid=00001801-0000-1000-8000-00805f9b34fb, inclUuid=00002902-0000-1000-8000-00805f9b34fb
D/BtGatt.btif( 1657): btif_gattc_get_characteristic
D/BtGatt.btif( 1657): btgattc_handle_event: Event 1007
D/BtGatt.GattService( 1657): onGetCharacteristic() - address=71:C5:24:0C:2A:E6, status=0, charUuid=00002a19-0000-1000-8000-00805f9b34fb, prop=18
D/BluetoothGatt(20611): onGetCharacteristic() - Device=71:C5:24:0C:2A:E6 UUID=00002a19-0000-1000-8000-00805f9b34fb
D/BtGatt.btif( 1657): btif_gattc_get_characteristic
D/BtGatt.btif( 1657): btgattc_handle_event: Event 1008
D/BtGatt.GattService( 1657): onGetCharacteristic() - address=71:C5:24:0C:2A:E6, status=133, charUuid=00002a19-0000-1000-8000-00805f9b34fb, prop=18
D/BtGatt.btif( 1657): btif_gattc_get_included_service
D/BtGatt.btif( 1657): btgattc_handle_event: Event 1011
D/BtGatt.GattService( 1657): onGetIncludedService() - address=71:C5:24:0C:2A:E6, status=133, uuid=0000180f-0000-1000-8000-00805f9b34fb, inclUuid=00002902-0000-1000-8000-00805f9b34fb
D/BtGatt.btif( 1657): btif_gattc_get_characteristic
D/BtGatt.btif( 1657): btgattc_handle_event: Event 1007
D/BtGatt.GattService( 1657): onGetCharacteristic() - address=71:C5:24:0C:2A:E6, status=0, charUuid=00002a2b-0000-1000-8000-00805f9b34fb, prop=18
D/BluetoothGatt(20611): onGetCharacteristic() - Device=71:C5:24:0C:2A:E6 UUID=00002a2b-0000-1000-8000-00805f9b34fb
D/BtGatt.btif( 1657): btif_gattc_get_characteristic
D/BtGatt.btif( 1657): btgattc_handle_event: Event 1008
D/BtGatt.GattService( 1657): onGetCharacteristic() - address=71:C5:24:0C:2A:E6, status=0, charUuid=00002a0f-0000-1000-8000-00805f9b34fb, prop=2
D/BluetoothGatt(20611): onGetCharacteristic() - Device=71:C5:24:0C:2A:E6 UUID=00002a0f-0000-1000-8000-00805f9b34fb
D/BtGatt.btif( 1657): btif_gattc_get_characteristic
D/BtGatt.btif( 1657): btgattc_handle_event: Event 1008
D/BtGatt.GattService( 1657): onGetCharacteristic() - address=71:C5:24:0C:2A:E6, status=133, charUuid=00002a0f-0000-1000-8000-00805f9b34fb, prop=2
D/BtGatt.btif( 1657): btif_gattc_get_included_service
D/BtGatt.btif( 1657): btgattc_handle_event: Event 1011
D/BtGatt.GattService( 1657): onGetIncludedService() - address=71:C5:24:0C:2A:E6, status=133, uuid=00001805-0000-1000-8000-00805f9b34fb, inclUuid=00002a0f-0000-1000-8000-00805f9b34fb
D/BtGatt.btif( 1657): btif_gattc_get_characteristic
D/BtGatt.btif( 1657): btgattc_handle_event: Event 1007
D/BtGatt.GattService( 1657): onGetCharacteristic() - address=71:C5:24:0C:2A:E6, status=0, charUuid=69d1d8f3-45e1-49a8-9821-9bbdfdaad9d9, prop=136
D/BluetoothGatt(20611): onGetCharacteristic() - Device=71:C5:24:0C:2A:E6 UUID=69d1d8f3-45e1-49a8-9821-9bbdfdaad9d9
D/BtGatt.btif( 1657): btif_gattc_get_characteristic
D/BtGatt.btif( 1657): btgattc_handle_event: Event 1008
D/BtGatt.GattService( 1657): onGetCharacteristic() - address=71:C5:24:0C:2A:E6, status=0, charUuid=9fbf120d-6301-42d9-8c58-25e699a21dbd, prop=16
D/BluetoothGatt(20611): onGetCharacteristic() - Device=71:C5:24:0C:2A:E6 UUID=9fbf120d-6301-42d9-8c58-25e699a21dbd
D/BtGatt.btif( 1657): btif_gattc_get_characteristic
D/BtGatt.btif( 1657): btgattc_handle_event: Event 1008
D/BtGatt.GattService( 1657): onGetCharacteristic() - address=71:C5:24:0C:2A:E6, status=0, charUuid=22eac6e9-24d6-4bb5-be44-b36ace7c7bfb, prop=16
D/BluetoothGatt(20611): onGetCharacteristic() - Device=71:C5:24:0C:2A:E6 UUID=22eac6e9-24d6-4bb5-be44-b36ace7c7bfb
D/BtGatt.btif( 1657): btif_gattc_get_characteristic
D/BtGatt.btif( 1657): btgattc_handle_event: Event 1008
D/BtGatt.GattService( 1657): onGetCharacteristic() - address=71:C5:24:0C:2A:E6, status=133, charUuid=22eac6e9-24d6-4bb5-be44-b36ace7c7bfb, prop=16
D/BtGatt.btif( 1657): btif_gattc_get_included_service
D/BtGatt.btif( 1657): btgattc_handle_event: Event 1011
D/BtGatt.GattService( 1657): onGetIncludedService() - address=71:C5:24:0C:2A:E6, status=133, uuid=7905f431-b5ce-4e99-a40f-4b1e122d00d0, inclUuid=00002902-0000-1000-8000-00805f9b34fb
D/BtGatt.btif( 1657): btif_gattc_get_characteristic
D/BtGatt.btif( 1657): btgattc_handle_event: Event 1007
D/BtGatt.GattService( 1657): onGetCharacteristic() - address=71:C5:24:0C:2A:E6, status=0, charUuid=9b3c81d8-57b1-4a8a-b8df-0e56f7ca51c2, prop=152
D/BluetoothGatt(20611): onGetCharacteristic() - Device=71:C5:24:0C:2A:E6 UUID=9b3c81d8-57b1-4a8a-b8df-0e56f7ca51c2
D/BtGatt.btif( 1657): btif_gattc_get_characteristic
D/BtGatt.btif( 1657): btgattc_handle_event: Event 1008
D/BtGatt.GattService( 1657): onGetCharacteristic() - address=71:C5:24:0C:2A:E6, status=0, charUuid=2f7cabce-808d-411f-9a0c-bb92ba96c102, prop=152
D/BluetoothGatt(20611): onGetCharacteristic() - Device=71:C5:24:0C:2A:E6 UUID=2f7cabce-808d-411f-9a0c-bb92ba96c102
D/BtGatt.btif( 1657): btif_gattc_get_characteristic
D/BtGatt.btif( 1657): btgattc_handle_event: Event 1008
D/BtGatt.GattService( 1657): onGetCharacteristic() - address=71:C5:24:0C:2A:E6, status=0, charUuid=c6b2f38c-23ab-46d8-a6ab-a3a870bbd5d7, prop=138
D/BluetoothGatt(20611): onGetCharacteristic() - Device=71:C5:24:0C:2A:E6 UUID=c6b2f38c-23ab-46d8-a6ab-a3a870bbd5d7
D/BtGatt.btif( 1657): btif_gattc_get_characteristic
D/BtGatt.btif( 1657): btgattc_handle_event: Event 1008
D/BtGatt.GattService( 1657): onGetCharacteristic() - address=71:C5:24:0C:2A:E6, status=133, charUuid=c6b2f38c-23ab-46d8-a6ab-a3a870bbd5d7, prop=138
D/BtGatt.btif( 1657): btif_gattc_get_included_service
D/BtGatt.btif( 1657): btgattc_handle_event: Event 1011
D/BtGatt.GattService( 1657): onGetIncludedService() - address=71:C5:24:0C:2A:E6, status=133, uuid=89d3502b-0f36-433a-8ef4-c502ad55f8dc, inclUuid=00002900-0000-1000-8000-00805f9b34fb
D/BtGatt.btif( 1657): btif_gattc_get_characteristic
D/BtGatt.btif( 1657): btgattc_handle_event: Event 1007
D/BtGatt.GattService( 1657): onGetCharacteristic() - address=71:C5:24:0C:2A:E6, status=0, charUuid=8667556c-9a37-4c91-84ed-54ee27d90049, prop=152
D/BluetoothGatt(20611): onGetCharacteristic() - Device=71:C5:24:0C:2A:E6 UUID=8667556c-9a37-4c91-84ed-54ee27d90049
D/BtGatt.btif( 1657): btif_gattc_get_characteristic
D/BtGatt.btif( 1657): btgattc_handle_event: Event 1008
D/BtGatt.GattService( 1657): onGetCharacteristic() - address=71:C5:24:0C:2A:E6, status=133, charUuid=8667556c-9a37-4c91-84ed-54ee27d90049, prop=152
D/BtGatt.btif( 1657): btif_gattc_get_included_service
D/BtGatt.btif( 1657): btgattc_handle_event: Event 1011
D/BtGatt.GattService( 1657): onGetIncludedService() - address=71:C5:24:0C:2A:E6, status=133, uuid=d0611e78-bbb4-4591-a5f8-487910ae4366, inclUuid=00002902-0000-1000-8000-00805f9b34fb
D/BtGatt.btif( 1657): btif_gattc_get_characteristic
D/BtGatt.btif( 1657): btgattc_handle_event: Event 1007
D/BtGatt.GattService( 1657): onGetCharacteristic() - address=71:C5:24:0C:2A:E6, status=0, charUuid=4e1db2f6-12f6-459a-8388-cb643d759308, prop=154
D/BluetoothGatt(20611): onGetCharacteristic() - Device=71:C5:24:0C:2A:E6 UUID=4e1db2f6-12f6-459a-8388-cb643d759308
E/MP-Decision( 1994): num online cores: 1 reqd : 3 available : 4 rq_depth:2.900000 hotplug_avg_load_dw: 31
E/MP-Decision( 1994): UP cpu:1 core_idx:1 Nw:1.900000 Tw:140 rq:2.900000 seq:147.000000
E/MP-Decision( 1994): UP cpu:2 core_idx:2 Nw:2.700000 Tw:90 rq:2.900000 seq:147.000000
D/BtGatt.btif( 1657): btif_gattc_get_characteristic
D/BtGatt.btif( 1657): btgattc_handle_event: Event 1008
D/BtGatt.GattService( 1657): onGetCharacteristic() - address=71:C5:24:0C:2A:E6, status=133, charUuid=4e1db2f6-12f6-459a-8388-cb643d759308, prop=154
D/BtGatt.btif( 1657): btif_gattc_get_included_service
D/BtGatt.btif( 1657): btgattc_handle_event: Event 1011
D/BtGatt.GattService( 1657): onGetIncludedService() - address=71:C5:24:0C:2A:E6, status=133, uuid=919f4046-b695-45d0-91a3-0a0d01de310e, inclUuid=00002902-0000-1000-8000-00805f9b34fb
D/BtGatt.btif( 1657): btif_gattc_get_descriptor
D/BtGatt.btif( 1657): btgattc_handle_event: Event 1009
D/BtGatt.GattService( 1657): onGetDescriptor() - address=71:C5:24:0C:2A:E6, status=133, descUuid=00002902-0000-1000-8000-00805f9b34fb
D/BtGatt.btif( 1657): btif_gattc_get_descriptor
D/BtGatt.btif( 1657): btgattc_handle_event: Event 1009
D/BtGatt.GattService( 1657): onGetDescriptor() - address=71:C5:24:0C:2A:E6, status=133, descUuid=00002902-0000-1000-8000-00805f9b34fb
D/BtGatt.btif( 1657): btif_gattc_get_descriptor
D/BtGatt.btif( 1657): btgattc_handle_event: Event 1009
D/BtGatt.GattService( 1657): onGetDescriptor() - address=71:C5:24:0C:2A:E6, status=0, descUuid=00002902-0000-1000-8000-00805f9b34fb
D/BluetoothGatt(20611): onGetDescriptor() - Device=71:C5:24:0C:2A:E6 UUID=00002902-0000-1000-8000-00805f9b34fb
D/BtGatt.btif( 1657): btif_gattc_get_descriptor
D/BtGatt.btif( 1657): btgattc_handle_event: Event 1010
D/BtGatt.GattService( 1657): onGetDescriptor() - address=71:C5:24:0C:2A:E6, status=133, descUuid=00002902-0000-1000-8000-00805f9b34fb
D/BtGatt.btif( 1657): btif_gattc_get_descriptor
D/BtGatt.btif( 1657): btgattc_handle_event: Event 1009
D/BtGatt.GattService( 1657): onGetDescriptor() - address=71:C5:24:0C:2A:E6, status=0, descUuid=00002902-0000-1000-8000-00805f9b34fb
D/BluetoothGatt(20611): onGetDescriptor() - Device=71:C5:24:0C:2A:E6 UUID=00002902-0000-1000-8000-00805f9b34fb
D/BtGatt.btif( 1657): btif_gattc_get_descriptor
D/BtGatt.btif( 1657): btgattc_handle_event: Event 1010
D/BtGatt.GattService( 1657): onGetDescriptor() - address=71:C5:24:0C:2A:E6, status=133, descUuid=00002902-0000-1000-8000-00805f9b34fb
D/BtGatt.btif( 1657): btif_gattc_get_descriptor
D/BtGatt.btif( 1657): btgattc_handle_event: Event 1009
D/BtGatt.GattService( 1657): onGetDescriptor() - address=71:C5:24:0C:2A:E6, status=0, descUuid=00002902-0000-1000-8000-00805f9b34fb
D/BluetoothGatt(20611): onGetDescriptor() - Device=71:C5:24:0C:2A:E6 UUID=00002902-0000-1000-8000-00805f9b34fb
D/BtGatt.btif( 1657): btif_gattc_get_descriptor
D/BtGatt.btif( 1657): btgattc_handle_event: Event 1010
D/BtGatt.GattService( 1657): onGetDescriptor() - address=71:C5:24:0C:2A:E6, status=133, descUuid=00002902-0000-1000-8000-00805f9b34fb
D/BtGatt.btif( 1657): btif_gattc_get_descriptor
D/BtGatt.btif( 1657): btgattc_handle_event: Event 1009
D/BtGatt.GattService( 1657): onGetDescriptor() - address=71:C5:24:0C:2A:E6, status=133, descUuid=00002902-0000-1000-8000-00805f9b34fb
D/BtGatt.btif( 1657): btif_gattc_get_descriptor
D/BtGatt.btif( 1657): btgattc_handle_event: Event 1009
D/BtGatt.GattService( 1657): onGetDescriptor() - address=71:C5:24:0C:2A:E6, status=0, descUuid=00002900-0000-1000-8000-00805f9b34fb
D/BluetoothGatt(20611): onGetDescriptor() - Device=71:C5:24:0C:2A:E6 UUID=00002900-0000-1000-8000-00805f9b34fb
D/BtGatt.btif( 1657): btif_gattc_get_descriptor
D/BtGatt.btif( 1657): btgattc_handle_event: Event 1010
D/BtGatt.GattService( 1657): onGetDescriptor() - address=71:C5:24:0C:2A:E6, status=133, descUuid=00002900-0000-1000-8000-00805f9b34fb
D/BtGatt.btif( 1657): btif_gattc_get_descriptor
D/BtGatt.btif( 1657): btgattc_handle_event: Event 1009
D/BtGatt.GattService( 1657): onGetDescriptor() - address=71:C5:24:0C:2A:E6, status=0, descUuid=00002902-0000-1000-8000-00805f9b34fb
D/BluetoothGatt(20611): onGetDescriptor() - Device=71:C5:24:0C:2A:E6 UUID=00002902-0000-1000-8000-00805f9b34fb
D/BtGatt.btif( 1657): btif_gattc_get_descriptor
D/BtGatt.btif( 1657): btgattc_handle_event: Event 1010
D/BtGatt.GattService( 1657): onGetDescriptor() - address=71:C5:24:0C:2A:E6, status=133, descUuid=00002902-0000-1000-8000-00805f9b34fb
D/BtGatt.btif( 1657): btif_gattc_get_descriptor
D/BtGatt.btif( 1657): btgattc_handle_event: Event 1009
D/BtGatt.GattService( 1657): onGetDescriptor() - address=71:C5:24:0C:2A:E6, status=0, descUuid=00002902-0000-1000-8000-00805f9b34fb
D/BluetoothGatt(20611): onGetDescriptor() - Device=71:C5:24:0C:2A:E6 UUID=00002902-0000-1000-8000-00805f9b34fb
D/BtGatt.btif( 1657): btif_gattc_get_descriptor
D/BtGatt.btif( 1657): btgattc_handle_event: Event 1010
D/BtGatt.GattService( 1657): onGetDescriptor() - address=71:C5:24:0C:2A:E6, status=133, descUuid=00002902-0000-1000-8000-00805f9b34fb
D/BtGatt.btif( 1657): btif_gattc_get_descriptor
D/BtGatt.btif( 1657): btgattc_handle_event: Event 1009
D/BtGatt.GattService( 1657): onGetDescriptor() - address=71:C5:24:0C:2A:E6, status=0, descUuid=00002900-0000-1000-8000-00805f9b34fb
D/BluetoothGatt(20611): onGetDescriptor() - Device=71:C5:24:0C:2A:E6 UUID=00002900-0000-1000-8000-00805f9b34fb
D/BtGatt.btif( 1657): btif_gattc_get_descriptor
D/BtGatt.btif( 1657): btgattc_handle_event: Event 1010
D/BtGatt.GattService( 1657): onGetDescriptor() - address=71:C5:24:0C:2A:E6, status=0, descUuid=00002902-0000-1000-8000-00805f9b34fb
D/BluetoothGatt(20611): onGetDescriptor() - Device=71:C5:24:0C:2A:E6 UUID=00002902-0000-1000-8000-00805f9b34fb
D/BtGatt.btif( 1657): btif_gattc_get_descriptor
D/BtGatt.btif( 1657): btgattc_handle_event: Event 1010
D/BtGatt.GattService( 1657): onGetDescriptor() - address=71:C5:24:0C:2A:E6, status=133, descUuid=00002902-0000-1000-8000-00805f9b34fb
D/BtGatt.btif( 1657): btif_gattc_get_descriptor
D/BtGatt.btif( 1657): btgattc_handle_event: Event 1009
D/BtGatt.GattService( 1657): onGetDescriptor() - address=71:C5:24:0C:2A:E6, status=0, descUuid=00002900-0000-1000-8000-00805f9b34fb
D/BluetoothGatt(20611): onGetDescriptor() - Device=71:C5:24:0C:2A:E6 UUID=00002900-0000-1000-8000-00805f9b34fb
D/BtGatt.btif( 1657): btif_gattc_get_descriptor
D/BtGatt.btif( 1657): btgattc_handle_event: Event 1010
D/BtGatt.GattService( 1657): onGetDescriptor() - address=71:C5:24:0C:2A:E6, status=0, descUuid=00002902-0000-1000-8000-00805f9b34fb
D/BluetoothGatt(20611): onGetDescriptor() - Device=71:C5:24:0C:2A:E6 UUID=00002902-0000-1000-8000-00805f9b34fb
D/BtGatt.btif( 1657): btif_gattc_get_descriptor
D/BtGatt.btif( 1657): btgattc_handle_event: Event 1010
D/BtGatt.GattService( 1657): onGetDescriptor() - address=71:C5:24:0C:2A:E6, status=133, descUuid=00002902-0000-1000-8000-00805f9b34fb
D/BtGatt.btif( 1657): btif_gattc_get_descriptor
D/BtGatt.btif( 1657): btgattc_handle_event: Event 1009
D/BtGatt.GattService( 1657): onGetDescriptor() - address=71:C5:24:0C:2A:E6, status=0, descUuid=00002900-0000-1000-8000-00805f9b34fb
D/BluetoothGatt(20611): onGetDescriptor() - Device=71:C5:24:0C:2A:E6 UUID=00002900-0000-1000-8000-00805f9b34fb
D/BtGatt.btif( 1657): btif_gattc_get_descriptor
D/BtGatt.btif( 1657): btgattc_handle_event: Event 1010
D/BtGatt.GattService( 1657): onGetDescriptor() - address=71:C5:24:0C:2A:E6, status=133, descUuid=00002900-0000-1000-8000-00805f9b34fb
D/BtGatt.btif( 1657): btif_gattc_get_descriptor
D/BtGatt.btif( 1657): btgattc_handle_event: Event 1009
D/BtGatt.GattService( 1657): onGetDescriptor() - address=71:C5:24:0C:2A:E6, status=0, descUuid=00002900-0000-1000-8000-00805f9b34fb
D/BluetoothGatt(20611): onGetDescriptor() - Device=71:C5:24:0C:2A:E6 UUID=00002900-0000-1000-8000-00805f9b34fb
D/BtGatt.btif( 1657): btif_gattc_get_descriptor
D/BtGatt.btif( 1657): btgattc_handle_event: Event 1010
D/BtGatt.GattService( 1657): onGetDescriptor() - address=71:C5:24:0C:2A:E6, status=0, descUuid=00002902-0000-1000-8000-00805f9b34fb
D/BluetoothGatt(20611): onGetDescriptor() - Device=71:C5:24:0C:2A:E6 UUID=00002902-0000-1000-8000-00805f9b34fb
D/BtGatt.btif( 1657): btif_gattc_get_descriptor
D/BtGatt.btif( 1657): btgattc_handle_event: Event 1010
D/BtGatt.GattService( 1657): onGetDescriptor() - address=71:C5:24:0C:2A:E6, status=133, descUuid=00002902-0000-1000-8000-00805f9b34fb
D/BtGatt.btif( 1657): btif_gattc_get_descriptor
D/BtGatt.btif( 1657): btgattc_handle_event: Event 1009
D/BtGatt.GattService( 1657): onGetDescriptor() - address=71:C5:24:0C:2A:E6, status=0, descUuid=00002900-0000-1000-8000-00805f9b34fb
D/BluetoothGatt(20611): onGetDescriptor() - Device=71:C5:24:0C:2A:E6 UUID=00002900-0000-1000-8000-00805f9b34fb
D/BtGatt.btif( 1657): btif_gattc_get_descriptor
D/BtGatt.btif( 1657): btgattc_handle_event: Event 1010
D/BtGatt.GattService( 1657): onGetDescriptor() - address=71:C5:24:0C:2A:E6, status=0, descUuid=00002902-0000-1000-8000-00805f9b34fb
D/BluetoothGatt(20611): onGetDescriptor() - Device=71:C5:24:0C:2A:E6 UUID=00002902-0000-1000-8000-00805f9b34fb
D/BtGatt.btif( 1657): btif_gattc_get_descriptor
D/BtGatt.btif( 1657): btgattc_handle_event: Event 1010
D/BtGatt.GattService( 1657): onGetDescriptor() - address=71:C5:24:0C:2A:E6, status=133, descUuid=00002902-0000-1000-8000-00805f9b34fb
D/BluetoothGatt(20611): onSearchComplete() = Device=71:C5:24:0C:2A:E6 Status=0
D/BluetoothLeService(20611): writeString: feefiefoefum
D/BluetoothLeService(20611): setCharacteristicNotification start
D/BluetoothGatt(20611): setCharacteristicNotification() - uuid: 4e1db2f6-12f6-459a-8388-cb643d759308 enable: true
D/BtGatt.GattService( 1657): registerForNotification() - address=71:C5:24:0C:2A:E6 enable: true
D/BtGatt.btif( 1657): btif_gattc_reg_for_notification
D/BtGatt.btif( 1657): btgattc_handle_event: Event 1018
D/BtGatt.GattService( 1657): onRegisterForNotifications() - address=null, status=0, registered=1, charUuid=4e1db2f6-12f6-459a-8388-cb643d759308
D/BluetoothLeService(20611): setCharacteristicNotification characteristic.getUuid() - 4e1db2f6-12f6-459a-8388-cb643d759308
D/BluetoothGatt(20611): writeDescriptor() - uuid: 00002902-0000-1000-8000-00805f9b34fb
D/BtGatt.GattService( 1657): writeDescriptor() - address=71:C5:24:0C:2A:E6
D/BtGatt.btif( 1657): btif_gattc_write_char_descr
D/BtGatt.btif( 1657): btgattc_handle_event: Event 1016
D/BluetoothLeService(20611): Characteristic  Notification  - 4e1db2f6-12f6-459a-8388-cb643d759308
D/BluetoothLeService(20611): setCharacteristicNotification end
D/BtGatt.btif( 1657): btif_gattc_upstreams_evt: Event 9
D/BtGatt.GattService( 1657): onWriteDescriptor() - address=71:C5:24:0C:2A:E6, status=5
D/BluetoothGatt(20611): onDescriptorWrite() - Device=71:C5:24:0C:2A:E6 UUID=4e1db2f6-12f6-459a-8388-cb643d759308
D/BtGatt.GattService( 1657): writeDescriptor() - address=71:C5:24:0C:2A:E6
D/BtGatt.btif( 1657): btif_gattc_write_char_descr
D/BluetoothLeService(20611): onDescriptorWrite: failure status = 5
D/BluetoothLeService(20611): writeCharacteristic start
D/BtGatt.btif( 1657): btgattc_handle_event: Event 1016
D/BluetoothGatt(20611): writeCharacteristic() - uuid: 4e1db2f6-12f6-459a-8388-cb643d759308
D/BtGatt.GattService( 1657): writeCharacteristic() - address=71:C5:24:0C:2A:E6
D/BtGatt.btif( 1657): btif_gattc_write_char
D/BtGatt.btif( 1657): btgattc_handle_event: Event 1015
D/BluetoothLeService(20611): writeCharacteristic end
E/bt-btif ( 1657): already has a pending command!!
E/bt-smp  ( 1657): Passkey generated = 505395
I/BluetoothBondStateMachine( 1657): bondStateChangeCallback: Status: 0 Address: 71:C5:24:0C:2A:E6 newState: 1
V/BluetoothEventManager(10577): Received android.bluetooth.device.action.CLASS_CHANGED
I/BluetoothBondStateMachine( 1657): Bond State Change Intent:71:C5:24:0C:2A:E6 OldState: 10 NewState: 11
D/BtConfig.SecureMode( 1657): isSecureModeOn:false
I/BluetoothBondStateMachine( 1657): Entering PendingCommandState State
D/BluetoothDump( 1657): create BluetoothDump
D/BluetoothAdapterService(1119154816)( 1657): Get Bonded Devices being called
I/BluetoothManagerService(  845): putLogs: 111686
V/BluetoothEventManager(10577): Received android.bluetooth.device.action.BOND_STATE_CHANGED
D/BluetoothDump( 1657): create BluetoothDump
I/BluetoothManagerService(  845): putLogs: 111770
D/BluetoothNotiBroadcastReceiver(10577): onReceive
D/GMFPReceiver(15921): android.bluetooth.device.action.BOND_STATE_CHANGED
D/GMFPReceiver(15921): jangil::setProperties()
D/BluetoothAdapterService(1119154816)( 1657): Get Bonded Devices being called
D/GMFPReceiver(15921): jangil::printBTStatus()
D/GMFPReceiver(15921): ::::::::Wearable0001::false
D/GMFPReceiver(15921): ::::::::Wearable0002::false
W/ContextImpl(10577): Calling a method in the system process without a qualified user: android.app.ContextImpl.startActivity:1399 android.content.ContextWrapper.startActivity:323 android.content.ContextWrapper.startActivity:323 com.android.settings.bluetooth.BluetoothPairingRequest.onReceive:68 android.app.ActivityThread.handleReceiver:2552 
W/ContextImpl(10577): Calling a method in the system process without a qualified user: android.app.ContextImpl.startActivity:1411 android.app.ContextImpl.startActivity:1400 android.content.ContextWrapper.startActivity:323 android.content.ContextWrapper.startActivity:323 com.android.settings.bluetooth.BluetoothPairingRequest.onReceive:68 
D/EnterpriseDeviceManager(  845): ContainerId: 0
D/SSRMv2:CustomFrequencyManagerService(  845): acquireDVFSLockLocked : type : DVFS_MIN_LIMIT  frequency : 1350000  uid : 1000  pid : 845  pkgName : ACTIVITY_RESUME_BOOSTER@6
W/ActivityManager(  845): mDVFSHelper.acquire()
D/dalvikvm(  845): GC_FOR_ALLOC freed 6420K, 22% free 59092K/75620K, paused 153ms, total 153ms
W/ContextImpl(  845): Calling a method in the system process without a qualified user: android.app.ContextImpl.sendBroadcast:1516 com.android.server.am.ActivityStack.startPausingLocked:1007 com.android.server.am.ActivityStack.resumeTopActivityLocked:1945 com.android.server.am.ActivityStackSupervisor.resumeTopActivitiesLocked:3169 com.android.server.am.ActivityStackSupervisor.resumeTopActivitiesLocked:3141 
D/PointerIcon(  845): setMouseIconStyle1 pointerType: 1001iconType:101 flag:0
D/PointerIcon(  845): setMouseCustomIcon IconType is same.101
D/PointerIcon(  845): setHoveringSpenIconStyle1 pointerType: 10001iconType:1 flag:0
D/PointerIcon(  845): setHoveringSpenCustomIcon IconType is same.1
V/SmartFaceService - 3rd party pause(  845): onReceive [android.intent.action.ACTIVITY_STATE/com.example.android.bluetoothchat/pause]
I/AudioService(  845): getStreamVolume 5 index 50
E/NotificationService(  845): Not posting notification with icon==0: Notification(pri=0 icon=0 contentView=com.android.settings/0x1090086 vibrate=null sound=default defaults=0x1 flags=0x0 when=1432548688729 ledARGB=0x0 contentIntent=N deleteIntent=N contentTitle=N contentText=N originalPackageName=N tickerText=N kind=[null])
E/NotificationService(  845): WARNING: In a future release this will crash the app: com.android.settings
W/ContextImpl(  845): Calling a method in the system process without a qualified user: android.app.ContextImpl.sendBroadcast:1516 com.android.server.am.ActivityStackSupervisor.realStartActivityLocked:1209 com.android.server.am.ActivityStackSupervisor.startSpecificActivityLocked:1360 com.android.server.am.ActivityStack.resumeTopActivityLocked:2269 com.android.server.am.ActivityStackSupervisor.resumeTopActivitiesLocked:3169 
W/ApplicationPackageManager(10577): getCSCPackageItemText()
D/KeyguardViewMediator( 1196): setHidden false
D/KeyguardUpdateMonitor( 1196): sendKeyguardVisibilityChanged(true)
D/KeyguardUpdateMonitor( 1196): handleKeyguardVisibilityChanged(1)
D/lights  (  845): button : 1 +
D/lights  (  845): button : 1 -
W/EDMNativeHelper(  276): EDMNativeHelperService is published
D/AbsListView(20611): unregisterIRListener() is called 
V/SmartFaceService - 3rd party pause(  845): onReceive [android.intent.action.ACTIVITY_STATE/com.android.settings/create]
D/PowerManagerService(  845): [api] acquire WakeLock flags=0x3000001a tag=BluetoothPairingDialog uid=1000 pid=10577
I/CachedBluetoothDevice(10577): updateProfiles
D/PowerManagerService(  845): [api] acquire WakeLock flags=0xa tag=BluetoothPairingDialog uid=1000 pid=10577
I/SurfaceFlinger(  291): id=187 createSurf (1x1),1 flag=4, CluetoothPa
I/SpenGestureManager(  845): setFocusWindow21030
D/EnterpriseDeviceManager(  845): ContainerId: 0
D/KeyguardViewMediator( 1196): setHidden false
D/KeyguardUpdateMonitor( 1196): sendKeyguardVisibilityChanged(true)
D/KeyguardUpdateMonitor( 1196): handleKeyguardVisibilityChanged(1)
D/STATUSBAR-StatusBarManagerService(  845): manageDisableList what=0x0 pkg=WindowManager.LayoutParams
D/KeyguardViewMediator( 1196): setHidden false
D/KeyguardUpdateMonitor( 1196): sendKeyguardVisibilityChanged(true)
D/KeyguardUpdateMonitor( 1196): handleKeyguardVisibilityChanged(1)
D/PointerIcon(  845): setMouseIconStyle1 pointerType: 1001iconType:101 flag:0
D/PointerIcon(  845): setMouseCustomIcon IconType is same.101
D/PointerIcon(  845): setHoveringSpenIconStyle1 pointerType: 10001iconType:1 flag:0
D/PointerIcon(  845): setHoveringSpenCustomIcon IconType is same.1
D/KeyguardViewMediator( 1196): setHidden false
D/KeyguardUpdateMonitor( 1196): sendKeyguardVisibilityChanged(true)
D/KeyguardUpdateMonitor( 1196): handleKeyguardVisibilityChanged(1)
D/KeyguardViewMediator( 1196): setHidden false
D/KeyguardUpdateMonitor( 1196): sendKeyguardVisibilityChanged(true)
D/KeyguardUpdateMonitor( 1196): handleKeyguardVisibilityChanged(1)
D/KeyguardViewMediator( 1196): setHidden false
D/KeyguardUpdateMonitor( 1196): sendKeyguardVisibilityChanged(true)
D/KeyguardUpdateMonitor( 1196): handleKeyguardVisibilityChanged(1)
E/MP-Decision( 1994): num online cores: 3 reqd : 2 available : 4 rq_depth:0.000000 hotplug_avg_load_dw: 45
E/MP-Decision( 1994): DOWN cpu:2 core_idx:2 Ns:2.100000 Ts:240 rq:0.000000 seq:245.000000
E/MP-Decision( 1994): num online cores: 2 reqd : 1 available : 4 rq_depth:0.200000 hotplug_avg_load_dw: 26
E/MP-Decision( 1994): DOWN cpu:1 core_idx:1 Ns:1.100000 Ts:190 rq:0.200000 seq:242.000000
D/SSRMv2:CustomFrequencyManagerService(  845): releaseDVFSLockLocked : Getting Lock type frm List : DVFS_MIN_LIMIT  frequency : 1350000  uid : 1000  pid : 845  tag : ACTIVITY_RESUME_BOOSTER@6
D/KeyguardViewMediator( 1196): setHidden false
D/KeyguardUpdateMonitor( 1196): sendKeyguardVisibilityChanged(true)
W/ActivityManager(  845): mDVFSHelper.release()
D/SSRMv2:CustomFrequencyManagerService(  845): acquireDVFSLockLocked : type : DVFS_MIN_LIMIT  frequency : 1350000  uid : 1000  pid : 845  pkgName : ACTIVITY_RESUME_BOOSTER@9
D/KeyguardUpdateMonitor( 1196): handleKeyguardVisibilityChanged(1)
D/KeyguardViewMediator( 1196): setHidden false
D/KeyguardUpdateMonitor( 1196): sendKeyguardVisibilityChanged(true)
D/KeyguardUpdateMonitor( 1196): handleKeyguardVisibilityChanged(1)
D/SSRMv2:CustomFrequencyManagerService(  845): releaseDVFSLockLocked : Getting Lock type frm List : DVFS_MIN_LIMIT  frequency : 1350000  uid : 1000  pid : 845  tag : ACTIVITY_RESUME_BOOSTER@9
D/STATUSBAR-IconMerger( 1196): checkOverflow(432), More:true, Req:true Child:7
W/EDMNativeHelper(  276): EDMNativeHelperService is published
W/EDMNativeHelper(  276): EDMNativeHelperService is published
D/STATUSBAR-IconMerger( 1196): checkOverflow(432), More:true, Req:true Child:7
W/EDMNativeHelper(  276): EDMNativeHelperService is published
D/STATUSBAR-NetworkController( 1196): onReceive() - RSSI_CHANGED_ACTION, WIFI_STATE, NETWORK_STATE
D/STATUSBAR-IconMerger( 1196): checkOverflow(432), More:true, Req:true Child:7
D/STATUSBAR-NetworkController( 1196): onSignalStrengthsChanged signalStrength=SignalStrength: 99 -1 -1 -1 -1 -1 -1 99 2147483647 2147483647 2147483647 -1 2147483647 gsm|lte 0x0 level=0
W/EDMNativeHelper(  276): EDMNativeHelperService is published
D/SSRMv2:Monitor(  845): SIOP:: AP = 400, Prev AP = 400, Duration = 10048, PST = 394
D/SSRMv2:AmoledAdjustTimer(  845): prevTemp = 302, currTemp = 302, prevStep = 5, currStep = 5
W/EDMNativeHelper(  276): EDMNativeHelperService is published
W/EDMNativeHelper(  276): EDMNativeHelperService is published
D/BatteryService(  845): level:100, scale:100, status:5, health:2, present:true, voltage: 4345, temperature: 303, technology: Li-ion, AC powered:false, USB powered:true, Wireless powered:false, icon:17303411, invalid charger:0, online:4, current avg:460, charge type:1, power sharing:false
D/BatteryService(  845): Sending ACTION_BATTERY_CHANGED.
D/UiModeManager(  845): mCoverManager.getCoverState() : true
D/KeyguardUpdateMonitor( 1196): received broadcast android.intent.action.BATTERY_CHANGED
D/KeyguardUpdateMonitor( 1196): handleBatteryUpdate
D/STATUSBAR-PhoneStatusBar( 1196):  mBrightnessEnablebySettings = true mBrightnessEnablebyBattery = true mBrightnessEnablebyDisableFlag = true mPmsBrightnessEnablebySettings = true
D/HeadsetStateMachine( 1657): Disconnected process message: 10
D/BatteryMeterView( 1196): ACTION_BATTERY_CHANGED : level:100 status:5 health:2
W/EDMNativeHelper(  276): EDMNativeHelperService is published
D/STATUSBAR-IconMerger( 1196): checkOverflow(432), More:true, Req:true Child:7
W/EDMNativeHelper(  276): EDMNativeHelperService is published
W/EDMNativeHelper(  276): EDMNativeHelperService is published
E/bt-smp  ( 1657): STK Generated
E/bt-smp  ( 1657): LTK ready
I/BluetoothBondStateMachine( 1657): bondStateChangeCallback: Status: 0 Address: 71:C5:24:0C:2A:E6 newState: 2
D/BtConfig.SecureMode( 1657): isSecureModeOn:false
D/BluetoothAdapterService(1119154816)( 1657): Get Bonded Devices being called
D/BluetoothDump( 1657): create BluetoothDump
V/BluetoothEventManager(10577): Received android.bluetooth.device.action.BOND_STATE_CHANGED
I/BluetoothBondStateMachine( 1657): Bond State Change Intent:71:C5:24:0C:2A:E6 OldState: 11 NewState: 12
D/BtConfig.SecureMode( 1657): isSecureModeOn:false
D/HidService( 1657): getHidService(): returning com.android.bluetooth.hid.HidService@42b835d8
D/HeadsetService( 1657): getHeadsetService(): returning com.android.bluetooth.hfp.HeadsetService@42b48408
W/ContextImpl(  845): Calling a method in the system process without a qualified user: android.app.ContextImpl.sendBroadcast:1516 com.android.server.am.ActivityStack.startPausingLocked:1007 com.android.server.am.ActivityStack.finishActivityLocked:3164 com.android.server.am.ActivityStack.requestFinishActivityLocked:2977 com.android.server.am.ActivityManagerService.finishActivity:4442 
W/BackupManagerService(  845): dataChanged but no participant pkg='com.android.providers.settings' uid=1002
D/HidService( 1657): Saved priority 71:C5:24:0C:2A:E6 = 100
W/BackupManagerService(  845): dataChanged but no participant pkg='com.android.providers.settings' uid=1002
D/HeadsetService( 1657): Saved priority 71:C5:24:0C:2A:E6 = 100
I/BluetoothBondStateMachine( 1657): StableState(): Entering Off State
W/BackupManagerService(  845): dataChanged but no participant pkg='com.android.providers.settings' uid=1002
I/BluetoothManagerService(  845): putLogs: 111842
D/BluetoothDump( 1657): create BluetoothDump
I/BluetoothManagerService(  845): putLogs: 111926
V/SmartFaceService - 3rd party pause(  845): onReceive [android.intent.action.ACTIVITY_STATE/com.android.settings/pause]
D/SSRMv2:CustomFrequencyManagerService(  845): acquireDVFSLockLocked : type : DVFS_MIN_LIMIT  frequency : 1350000  uid : 1000  pid : 845  pkgName : ACTIVITY_RESUME_BOOSTER@6
W/ActivityManager(  845): mDVFSHelper.acquire()
W/ContextImpl(  845): Calling a method in the system process without a qualified user: android.app.ContextImpl.sendBroadcast:1516 com.android.server.am.ActivityStack.resumeTopActivityLocked:2183 com.android.server.am.ActivityStackSupervisor.resumeTopActivitiesLocked:3169 com.android.server.am.ActivityStack.completePauseLocked:1232 com.android.server.am.ActivityStack.activityPausedLocked:1093 
D/BtGatt.btif( 1657): btif_gattc_upstreams_evt: Event 9
D/BtGatt.GattService( 1657): onWriteDescriptor() - address=71:C5:24:0C:2A:E6, status=0
D/BluetoothGatt(20611): onDescriptorWrite() - Device=71:C5:24:0C:2A:E6 UUID=4e1db2f6-12f6-459a-8388-cb643d759308
E/MP-Decision( 1994): num online cores: 1 reqd : 4 available : 4 rq_depth:6.300000 hotplug_avg_load_dw: 32
E/MP-Decision( 1994): UP cpu:1 core_idx:1 Nw:1.900000 Tw:140 rq:6.300000 seq:147.000000
E/MP-Decision( 1994): UP cpu:2 core_idx:2 Nw:2.700000 Tw:90 rq:6.300000 seq:147.000000
D/KeyguardViewMediator( 1196): setHidden false
D/KeyguardUpdateMonitor( 1196): sendKeyguardVisibilityChanged(true)
E/MP-Decision( 1994): UP cpu:3 core_idx:3 Nw:3.500000 Tw:90 rq:6.300000 seq:147.000000
D/KeyguardUpdateMonitor( 1196): handleKeyguardVisibilityChanged(1)
I/SpenGestureManager(  845): setFocusWindow21030
D/EnterpriseDeviceManager(  845): ContainerId: 0
D/STATUSBAR-StatusBarManagerService(  845): manageDisableList what=0x0 pkg=WindowManager.LayoutParams
D/KeyguardViewMediator( 1196): setHidden false
D/KeyguardUpdateMonitor( 1196): sendKeyguardVisibilityChanged(true)
D/KeyguardUpdateMonitor( 1196): handleKeyguardVisibilityChanged(1)
D/PointerIcon(  845): setMouseIconStyle1 pointerType: 1001iconType:101 flag:0
D/PointerIcon(  845): setMouseCustomIcon IconType is same.101
D/PointerIcon(  845): setHoveringSpenIconStyle1 pointerType: 10001iconType:1 flag:0
D/PointerIcon(  845): setHoveringSpenCustomIcon IconType is same.1
V/SmartFaceService - 3rd party pause(  845): onReceive [android.intent.action.ACTIVITY_STATE/com.example.android.bluetoothchat/resume]
D/KeyguardViewMediator( 1196): setHidden false
D/KeyguardUpdateMonitor( 1196): sendKeyguardVisibilityChanged(true)
D/KeyguardUpdateMonitor( 1196): handleKeyguardVisibilityChanged(1)
D/BluetoothNotiBroadcastReceiver(10577): onReceive
D/NotificationService(  845): cancelNotificationLocked
D/NotificationService(  845):  hasClearableItems
D/STATUSBAR-NotificationService(  845): cancelN stopAsync
D/LightsService(  845): [api] [SvcLED] turnOff:: id = 4 (uid: 1000 pid: 845) 
D/LightsService(  845): [SvcLED] setSvcLedStateLocked:: SvcLEDState : 0x0 -> 0x0 | SvcLED(id=4) set Off
D/LightsService(  845): [SvcLED] Lux failed to be updated in 700ms. -> handleForcedSvcLEDTasK
D/LightsService(  845): [SvcLED]  setSvcLedLightLocked :: Current SvcLED(id=4) maintains its priority right
D/GMFPReceiver(15921): android.bluetooth.device.action.BOND_STATE_CHANGED
D/GMFPReceiver(15921): jangil::setProperties()
D/BluetoothAdapterService(1119154816)( 1657): Get Bonded Devices being called
D/GMFPReceiver(15921): onReceive() state BOND_BONDED - mAddress is 71:C5:24:0C:2A:E6
D/GMFPReceiver(15921): jangil::printBTStatus()
D/GMFPReceiver(15921): ::::::::Wearable0001::false
D/GMFPReceiver(15921): ::::::::Wearable0002::false
W/qdhwcomposer(  291): Excessive delay reading vsync: took 13513 ms
E/bt-btif ( 1657): bta_dm_gatt_disc_result serivce_id len=2 
E/bt-btif ( 1657): bta_dm_gatt_disc_result serivce_id len=2 
E/bt-btif ( 1657): bta_dm_gatt_disc_result serivce_id len=2 
E/bt-btif ( 1657): bta_dm_gatt_disc_result serivce_id len=2 
E/bt-btif ( 1657): bta_dm_gatt_disc_result serivce_id len=16 
E/bt-btif ( 1657): bta_dm_gatt_disc_result serivce_id len=16 
E/bt-btif ( 1657): bta_dm_gatt_disc_result serivce_id len=16 
E/bt-btif ( 1657): bta_dm_gatt_disc_result serivce_id len=16 
D/KeyguardViewMediator( 1196): setHidden false
D/KeyguardUpdateMonitor( 1196): sendKeyguardVisibilityChanged(true)
I/SurfaceFlinger(  291): id=187 Removed CluetoothPa (12/14)
D/KeyguardUpdateMonitor( 1196): handleKeyguardVisibilityChanged(1)
I/SurfaceFlinger(  291): id=187 Removed CluetoothPa (-2/14)
E/MP-Decision( 1994): num online cores: 4 reqd : 2 available : 4 rq_depth:0.500000 hotplug_avg_load_dw: 45
E/MP-Decision( 1994): DOWN cpu:3 core_idx:3 Ns:3.100000 Ts:240 rq:0.500000 seq:243.000000
E/MP-Decision( 1994): DOWN cpu:2 core_idx:2 Ns:2.100000 Ts:240 rq:0.500000 seq:243.000000
D/KeyguardViewMediator( 1196): setHidden false
D/KeyguardUpdateMonitor( 1196): sendKeyguardVisibilityChanged(true)
D/KeyguardUpdateMonitor( 1196): handleKeyguardVisibilityChanged(1)
W/EDMNativeHelper(  276): EDMNativeHelperService is published
E/MP-Decision( 1994): num online cores: 2 reqd : 1 available : 4 rq_depth:0.000000 hotplug_avg_load_dw: 17
E/MP-Decision( 1994): DOWN cpu:1 core_idx:1 Ns:1.100000 Ts:190 rq:0.000000 seq:343.000000
E/Watchdog(  845): !@Sync 806
W/EDMNativeHelper(  276): EDMNativeHelperService is published
W/EDMNativeHelper(  276): EDMNativeHelperService is published
D/SSRMv2:CustomFrequencyManagerService(  845): releaseDVFSLockLocked : Getting Lock type frm List : DVFS_MIN_LIMIT  frequency : 1350000  uid : 1000  pid : 845  tag : ACTIVITY_RESUME_BOOSTER@6
W/ActivityManager(  845): mDVFSHelper.release()
D/SSRMv2:CustomFrequencyManagerService(  845): acquireDVFSLockLocked : type : DVFS_MIN_LIMIT  frequency : 1350000  uid : 1000  pid : 845  pkgName : ACTIVITY_RESUME_BOOSTER@9
D/STATUSBAR-NetworkController( 1196): onReceive() - RSSI_CHANGED_ACTION, WIFI_STATE, NETWORK_STATE
D/STATUSBAR-IconMerger( 1196): checkOverflow(432), More:true, Req:true Child:7
D/SSRMv2:CustomFrequencyManagerService(  845): releaseDVFSLockLocked : Getting Lock type frm List : DVFS_MIN_LIMIT  frequency : 1350000  uid : 1000  pid : 845  tag : ACTIVITY_RESUME_BOOSTER@9
W/EDMNativeHelper(  276): EDMNativeHelperService is published
D/STATUSBAR-IconMerger( 1196): checkOverflow(432), More:true, Req:true Child:7
W/EDMNativeHelper(  276): EDMNativeHelperService is published
D/STATUSBAR-IconMerger( 1196): checkOverflow(432), More:true, Req:true Child:7
D/SSRMv2:Monitor(  845): SIOP:: AP = 400, Prev AP = 400, Duration = 10035, PST = 394
