D/SSRMv2:CustomFrequencyManagerService(  845): acquireDVFSLockLocked : type : DVFS_MIN_LIMIT  frequency : 1350000  uid : 1000  pid : 845  pkgName : ACTIVITY_RESUME_BOOSTER@6
W/ActivityManager(  845): mDVFSHelper.acquire()
D/KeyguardViewMediator( 1196): setHidden false
D/KeyguardUpdateMonitor( 1196): sendKeyguardVisibilityChanged(true)
D/KeyguardUpdateMonitor( 1196): handleKeyguardVisibilityChanged(1)
I/SpenGestureManager(  845): setFocusWindow21025
D/EnterpriseDeviceManager(  845): ContainerId: 0
W/ContextImpl(  845): Calling a method in the system process without a qualified user: android.app.ContextImpl.sendBroadcast:1516 com.android.server.am.ActivityStack.resumeTopActivityLocked:2183 com.android.server.am.ActivityStackSupervisor.resumeTopActivitiesLocked:3169 com.android.server.am.ActivityStack.completePauseLocked:1232 com.android.server.am.ActivityStack.activityPausedLocked:1093 
D/STATUSBAR-StatusBarManagerService(  845): manageDisableList what=0x0 pkg=WindowManager.LayoutParams
D/KeyguardViewMediator( 1196): setHidden false
D/KeyguardUpdateMonitor( 1196): sendKeyguardVisibilityChanged(true)
D/KeyguardUpdateMonitor( 1196): handleKeyguardVisibilityChanged(1)
D/PointerIcon(  845): setMouseIconStyle1 pointerType: 1001iconType:101 flag:0
D/PointerIcon(  845): setMouseCustomIcon IconType is same.101
D/PointerIcon(  845): setHoveringSpenIconStyle1 pointerType: 10001iconType:1 flag:0
D/PointerIcon(  845): setHoveringSpenCustomIcon IconType is same.1
V/SmartFaceService - 3rd party pause(  845): onReceive [android.intent.action.ACTIVITY_STATE/com.example.android.bluetoothchat/resume]
D/AbsListView(20611): unregisterIRListener() is called 
E/MP-Decision( 1994): num online cores: 2 reqd : 3 available : 4 rq_depth:2.900000 hotplug_avg_load_dw: 71
E/MP-Decision( 1994): UP cpu:1 core_idx:1 Nw:1.900000 Tw:140 rq:2.900000 seq:0.000000
E/MP-Decision( 1994): UP cpu:2 core_idx:2 Nw:2.700000 Tw:90 rq:2.900000 seq:97.000000
D/AbsListView(20611): unregisterIRListener() is called 
D/AbsListView(20611): unregisterIRListener() is called 
D/KeyguardViewMediator( 1196): setHidden false
D/KeyguardUpdateMonitor( 1196): sendKeyguardVisibilityChanged(true)
D/KeyguardUpdateMonitor( 1196): handleKeyguardVisibilityChanged(1)
V/BluetoothEventManager(10577): Received android.bluetooth.adapter.action.DISCOVERY_FINISHED
D/AbsListView(20611): onDetachedFromWindow
D/AbsListView(20611): unregisterIRListener() is called 
V/BluetoothDiscoveryReceiver(10577): Received: android.bluetooth.adapter.action.DISCOVERY_FINISHED
D/AbsListView(20611): onDetachedFromWindow
D/AbsListView(20611): unregisterIRListener() is called 
D/KeyguardViewMediator( 1196): setHidden false
D/KeyguardUpdateMonitor( 1196): sendKeyguardVisibilityChanged(true)
D/KeyguardUpdateMonitor( 1196): handleKeyguardVisibilityChanged(1)
D/InputReader(  845): Input event: value=0 when=24153925824000
I/InputReader(  845): Touch event's action is 0x1 (deviceType=0) [pCnt=1, s=] when=24153925824000
W/EDMNativeHelper(  276): EDMNativeHelperService is published
D/KeyguardViewMediator( 1196): setHidden false
D/KeyguardUpdateMonitor( 1196): sendKeyguardVisibilityChanged(true)
I/SurfaceFlinger(  291): id=174 Removed EeviceListA (12/14)
I/SurfaceFlinger(  291): id=174 Removed EeviceListA (-2/14)
D/KeyguardUpdateMonitor( 1196): handleKeyguardVisibilityChanged(1)
D/KeyguardViewMediator( 1196): setHidden false
D/KeyguardUpdateMonitor( 1196): sendKeyguardVisibilityChanged(true)
D/KeyguardUpdateMonitor( 1196): handleKeyguardVisibilityChanged(1)
W/SurfaceFlinger(  291): couldn't log to binary event log: overflow.
D/KeyguardViewMediator( 1196): setHidden false
D/KeyguardUpdateMonitor( 1196): sendKeyguardVisibilityChanged(true)
D/KeyguardUpdateMonitor( 1196): handleKeyguardVisibilityChanged(1)
E/MP-Decision( 1994): num online cores: 3 reqd : 1 available : 4 rq_depth:0.000000 hotplug_avg_load_dw: 28
E/MP-Decision( 1994): DOWN cpu:2 core_idx:2 Ns:2.100000 Ts:240 rq:0.000000 seq:243.000000
E/MP-Decision( 1994): DOWN cpu:1 core_idx:1 Ns:1.100000 Ts:190 rq:0.000000 seq:243.000000
W/EDMNativeHelper(  276): EDMNativeHelperService is published
D/InputReader(  845): Input event: value=1 when=24155226483000
I/InputReader(  845): Touch event's action is 0x0 (deviceType=0) [pCnt=1, s=0.114 ] when=24155226544000
I/InputDispatcher(  845): Delivering touch to: action: 0x4
I/InputDispatcher(  845): Delivering touch to: action: 0x0
D/InputReader(  845): Input event: value=0 when=24155328869000
I/InputReader(  845): Touch event's action is 0x1 (deviceType=0) [pCnt=1, s=] when=24155328869000
I/InputDispatcher(  845): Delivering touch to: action: 0x1
D/STATUSBAR-IconMerger( 1196): checkOverflow(432), More:true, Req:true Child:7
W/EDMNativeHelper(  276): EDMNativeHelperService is published
D/InputReader(  845): Input event: value=1 when=24156175976000
I/InputReader(  845): Touch event's action is 0x0 (deviceType=0) [pCnt=1, s=0.115 ] when=24156176037000
I/InputDispatcher(  845): Delivering touch to: action: 0x4
I/InputDispatcher(  845): Delivering touch to: action: 0x0
W/qdhwcomposer(  291): Excessive delay reading vsync: took 2775 ms
D/InputReader(  845): Input event: value=0 when=24156310559000
I/InputReader(  845): Touch event's action is 0x1 (deviceType=0) [pCnt=1, s=] when=24156310559000
I/InputDispatcher(  845): Delivering touch to: action: 0x1
E/DatabaseUtils(  845): Writing exception to parcel
E/DatabaseUtils(  845): java.lang.SecurityException: Permission Denial: get/set setting for user asks to run as user -2 but is calling from user 0; this requires android.permission.INTERACT_ACROSS_USERS_FULL
E/DatabaseUtils(  845): 	at com.android.server.am.ActivityManagerService.handleIncomingUser(ActivityManagerService.java:14775)
E/DatabaseUtils(  845): 	at android.app.ActivityManager.handleIncomingUser(ActivityManager.java:2473)
E/DatabaseUtils(  845): 	at com.android.providers.settings.SettingsProvider.call(SettingsProvider.java:688)
E/DatabaseUtils(  845): 	at android.content.ContentProvider$Transport.call(ContentProvider.java:325)
E/DatabaseUtils(  845): 	at android.content.ContentProviderNative.onTransact(ContentProviderNative.java:275)
E/DatabaseUtils(  845): 	at android.os.Binder.execTransact(Binder.java:404)
E/DatabaseUtils(  845): 	at dalvik.system.NativeStart.run(Native Method)
E/EnterpriseContainerManager(  845): ContainerPolicy Service is not yet ready!!!
D/EnterpriseDeviceManager(  845): ContainerId: 0
W/ActivityManager(  845): Permission Denial: get/set setting for user asks to run as user -2 but is calling from user 0; this requires android.permission.INTERACT_ACROSS_USERS_FULL
D/SSRMv2:CustomFrequencyManagerService(  845): releaseDVFSLockLocked : Getting Lock type frm List : DVFS_MIN_LIMIT  frequency : 1350000  uid : 1000  pid : 845  tag : ACTIVITY_RESUME_BOOSTER@6
D/SSRMv2:CustomFrequencyManagerService(  845): acquireDVFSLockLocked : type : DVFS_MIN_LIMIT  frequency : 1350000  uid : 1000  pid : 845  pkgName : ACTIVITY_RESUME_BOOSTER@6
W/ActivityManager(  845): mDVFSHelper.acquire()
W/ContextImpl(  845): Calling a method in the system process without a qualified user: android.app.ContextImpl.sendBroadcast:1516 com.android.server.am.ActivityStack.startPausingLocked:1007 com.android.server.am.ActivityStack.resumeTopActivityLocked:1945 com.android.server.am.ActivityStackSupervisor.resumeTopActivitiesLocked:3169 com.android.server.am.ActivityStackSupervisor.resumeTopActivitiesLocked:3141 
D/PointerIcon(  845): setMouseIconStyle1 pointerType: 1001iconType:101 flag:0
D/PointerIcon(  845): setMouseCustomIcon IconType is same.101
D/PointerIcon(  845): setHoveringSpenIconStyle1 pointerType: 10001iconType:1 flag:0
D/PointerIcon(  845): setHoveringSpenCustomIcon IconType is same.1
V/SmartFaceService - 3rd party pause(  845): onReceive [android.intent.action.ACTIVITY_STATE/com.example.android.bluetoothchat/pause]
D/KeyguardViewMediator( 1196): setHidden false
D/KeyguardUpdateMonitor( 1196): sendKeyguardVisibilityChanged(true)
W/ContextImpl(  845): Calling a method in the system process without a qualified user: android.app.ContextImpl.sendBroadcast:1516 com.android.server.am.ActivityStackSupervisor.realStartActivityLocked:1209 com.android.server.am.ActivityStackSupervisor.startSpecificActivityLocked:1360 com.android.server.am.ActivityStack.resumeTopActivityLocked:2269 com.android.server.am.ActivityStackSupervisor.resumeTopActivitiesLocked:3169 
D/KeyguardUpdateMonitor( 1196): handleKeyguardVisibilityChanged(1)
V/SmartFaceService - 3rd party pause(  845): onReceive [android.intent.action.ACTIVITY_STATE/com.example.android.bluetoothchat/create]
D/AbsListView(20611): unregisterIRListener() is called 
W/ApplicationPackageManager(20611): getCSCPackageItemText()
D/ProgressBar(20611): setProgressDrawable drawableHeight = 48
D/AbsListView(20611): Get MotionRecognitionManager
E/MP-Decision( 1994): num online cores: 1 reqd : 2 available : 4 rq_depth:2.000000 hotplug_avg_load_dw: 61
E/MP-Decision( 1994): UP cpu:1 core_idx:1 Nw:1.900000 Tw:140 rq:2.000000 seq:148.000000
D/MotionRecognitionService(  845):  ssp status : true
D/AbsListView(20611): Get MotionRecognitionManager
D/SSRMv2:Monitor(  845): SIOP:: AP = 400, Prev AP = 380, Duration = 10028, PST = 392
D/SSRMv2:AmoledAdjustTimer(  845): prevTemp = 300, currTemp = 300, prevStep = 5, currStep = 5
D/BluetoothAdapterService(1119154816)( 1657): Get Bonded Devices being called
D/AbsListView(20611): onVisibilityChanged() is called, visibility : 4
D/AbsListView(20611): unregisterIRListener() is called 
D/AbsListView(20611): onVisibilityChanged() is called, visibility : 4
D/AbsListView(20611): unregisterIRListener() is called 
D/AbsListView(20611): onVisibilityChanged() is called, visibility : 0
D/AbsListView(20611): unregisterIRListener() is called 
D/AbsListView(20611): onVisibilityChanged() is called, visibility : 0
D/AbsListView(20611): unregisterIRListener() is called 
D/AbsListView(20611): unregisterIRListener() is called 
D/AbsListView(20611): unregisterIRListener() is called 
I/SurfaceFlinger(  291): id=175 createSurf (1x1),1 flag=4, EeviceListA
I/SpenGestureManager(  845): setFocusWindow21030
D/EnterpriseDeviceManager(  845): ContainerId: 0
D/KeyguardViewMediator( 1196): setHidden false
D/KeyguardUpdateMonitor( 1196): sendKeyguardVisibilityChanged(true)
D/STATUSBAR-StatusBarManagerService(  845): manageDisableList what=0x0 pkg=WindowManager.LayoutParams
D/KeyguardViewMediator( 1196): setHidden false
D/KeyguardUpdateMonitor( 1196): sendKeyguardVisibilityChanged(true)
D/PointerIcon(  845): setMouseIconStyle1 pointerType: 1001iconType:101 flag:0
D/PointerIcon(  845): setMouseCustomIcon IconType is same.101
D/PointerIcon(  845): setHoveringSpenIconStyle1 pointerType: 10001iconType:1 flag:0
D/PointerIcon(  845): setHoveringSpenCustomIcon IconType is same.1
D/STATUSBAR-IconMerger( 1196): checkOverflow(432), More:true, Req:true Child:7
D/KeyguardUpdateMonitor( 1196): handleKeyguardVisibilityChanged(1)
D/ProgressBar(20611): updateDrawableBounds: left = 0
D/ProgressBar(20611): updateDrawableBounds: top = 0
D/KeyguardUpdateMonitor( 1196): handleKeyguardVisibilityChanged(1)
D/ProgressBar(20611): updateDrawableBounds: right = 48
D/ProgressBar(20611): updateDrawableBounds: bottom = 48
D/AbsListView(20611): unregisterIRListener() is called 
D/AbsListView(20611): unregisterIRListener() is called 
D/AbsListView(20611): unregisterIRListener() is called 
D/AbsListView(20611): unregisterIRListener() is called 
D/KeyguardViewMediator( 1196): setHidden false
D/KeyguardUpdateMonitor( 1196): sendKeyguardVisibilityChanged(true)
D/AbsListView(20611): unregisterIRListener() is called 
D/AbsListView(20611): unregisterIRListener() is called 
D/KeyguardUpdateMonitor( 1196): handleKeyguardVisibilityChanged(1)
D/KeyguardViewMediator( 1196): setHidden false
D/KeyguardUpdateMonitor( 1196): sendKeyguardVisibilityChanged(true)
D/KeyguardUpdateMonitor( 1196): handleKeyguardVisibilityChanged(1)
D/KeyguardViewMediator( 1196): setHidden false
D/KeyguardUpdateMonitor( 1196): sendKeyguardVisibilityChanged(true)
D/KeyguardUpdateMonitor( 1196): handleKeyguardVisibilityChanged(1)
W/ContextImpl(  845): Calling a method in the system process without a qualified user: android.app.ContextImpl.sendBroadcast:1502 com.android.server.InputMethodManagerService$4.run:2826 java.lang.Thread.run:841 <bottom of call stack> <bottom of call stack> 
D/AbsListView(20611): unregisterIRListener() is called 
D/AbsListView(20611): unregisterIRListener() is called 
D/SSRMv2:CustomFrequencyManagerService(  845): releaseDVFSLockLocked : Getting Lock type frm List : DVFS_MIN_LIMIT  frequency : 1350000  uid : 1000  pid : 845  tag : ACTIVITY_RESUME_BOOSTER@6
W/ActivityManager(  845): mDVFSHelper.release()
D/SSRMv2:CustomFrequencyManagerService(  845): acquireDVFSLockLocked : type : DVFS_MIN_LIMIT  frequency : 1350000  uid : 1000  pid : 845  pkgName : ACTIVITY_RESUME_BOOSTER@9
D/KeyguardViewMediator( 1196): setHidden false
D/KeyguardUpdateMonitor( 1196): sendKeyguardVisibilityChanged(true)
D/KeyguardUpdateMonitor( 1196): handleKeyguardVisibilityChanged(1)
D/KeyguardViewMediator( 1196): setHidden false
D/KeyguardUpdateMonitor( 1196): sendKeyguardVisibilityChanged(true)
D/KeyguardUpdateMonitor( 1196): handleKeyguardVisibilityChanged(1)
W/EDMNativeHelper(  276): EDMNativeHelperService is published
D/SSRMv2:CustomFrequencyManagerService(  845): releaseDVFSLockLocked : Getting Lock type frm List : DVFS_MIN_LIMIT  frequency : 1350000  uid : 1000  pid : 845  tag : ACTIVITY_RESUME_BOOSTER@9
E/MP-Decision( 1994): num online cores: 2 reqd : 1 available : 4 rq_depth:0.000000 hotplug_avg_load_dw: 24
E/MP-Decision( 1994): DOWN cpu:1 core_idx:1 Ns:1.100000 Ts:190 rq:0.000000 seq:343.000000
D/btif_config_util( 1657): btif_config_save_file(L153): in file name:/data/misc/bluedroid/bt_config.new
D/InputReader(  845): Input event: value=1 when=24157639660000
I/InputReader(  845): Touch event's action is 0x0 (deviceType=0) [pCnt=1, s=0.116 ] when=24157639844000
I/InputDispatcher(  845): Delivering touch to: action: 0x4
I/InputDispatcher(  845): Delivering touch to: action: 0x0
D/PowerManagerService(  845): [api] userActivityFromNative : 50 (event: 2 flags: 0)
D/InputReader(  845): Input event: value=0 when=24157774029000
I/InputReader(  845): Touch event's action is 0x1 (deviceType=0) [pCnt=1, s=] when=24157774029000
I/InputDispatcher(  845): Delivering touch to: action: 0x1
E/DatabaseUtils(  845): Writing exception to parcel
E/DatabaseUtils(  845): java.lang.SecurityException: Permission Denial: get/set setting for user asks to run as user -2 but is calling from user 0; this requires android.permission.INTERACT_ACROSS_USERS_FULL
E/DatabaseUtils(  845): 	at com.android.server.am.ActivityManagerService.handleIncomingUser(ActivityManagerService.java:14775)
E/DatabaseUtils(  845): 	at android.app.ActivityManager.handleIncomingUser(ActivityManager.java:2473)
E/DatabaseUtils(  845): 	at com.android.providers.settings.SettingsProvider.call(SettingsProvider.java:688)
E/DatabaseUtils(  845): 	at android.content.ContentProvider$Transport.call(ContentProvider.java:325)
E/DatabaseUtils(  845): 	at android.content.ContentProviderNative.onTransact(ContentProviderNative.java:275)
E/DatabaseUtils(  845): 	at android.os.Binder.execTransact(Binder.java:404)
E/DatabaseUtils(  845): 	at dalvik.system.NativeStart.run(Native Method)
D/DeviceListActivity(20611): doDiscovery()
W/ActivityManager(  845): Permission Denial: get/set setting for user asks to run as user -2 but is calling from user 0; this requires android.permission.INTERACT_ACROSS_USERS_FULL
E/bt-btm  ( 1657): btm_ble_start_inquiry inq_active = 0x11
V/BluetoothEventManager(10577): Received android.bluetooth.adapter.action.DISCOVERY_STARTED
D/BluetoothDevicePreference(10577): Is my device connected::false
I/BluetoothDevicePreference(10577): summaryResId else part
D/BluetoothDevicePreference(10577): Is my device connected::false
I/BluetoothDevicePreference(10577): summaryResId else part
D/BluetoothDevicePreference(10577): Is my device connected::false
D/KeyguardViewMediator( 1196): setHidden false
D/KeyguardUpdateMonitor( 1196): sendKeyguardVisibilityChanged(true)
D/KeyguardUpdateMonitor( 1196): handleKeyguardVisibilityChanged(1)
I/BluetoothDevicePreference(10577): summaryResId else part
V/BluetoothDiscoveryReceiver(10577): Received: android.bluetooth.adapter.action.DISCOVERY_STARTED
D/KeyguardViewMediator( 1196): setHidden false
D/KeyguardUpdateMonitor( 1196): sendKeyguardVisibilityChanged(true)
D/KeyguardUpdateMonitor( 1196): handleKeyguardVisibilityChanged(1)
D/KeyguardViewMediator( 1196): setHidden false
D/KeyguardUpdateMonitor( 1196): sendKeyguardVisibilityChanged(true)
D/KeyguardUpdateMonitor( 1196): handleKeyguardVisibilityChanged(1)
D/ProgressBar(20611): updateDrawableBounds: left = 0
D/ProgressBar(20611): updateDrawableBounds: top = 0
D/ProgressBar(20611): updateDrawableBounds: right = 843
D/ProgressBar(20611): updateDrawableBounds: bottom = 48
D/ProgressBar(20611): updateDrawableBounds: mProgressDrawable.setBounds()
D/AbsListView(20611): unregisterIRListener() is called 
D/AbsListView(20611): unregisterIRListener() is called 
E/MP-Decision( 1994): num online cores: 1 reqd : 3 available : 4 rq_depth:3.900000 hotplug_avg_load_dw: 59
E/MP-Decision( 1994): UP cpu:1 core_idx:1 Nw:1.900000 Tw:140 rq:3.900000 seq:147.000000
E/MP-Decision( 1994): UP cpu:2 core_idx:2 Nw:2.700000 Tw:90 rq:3.900000 seq:98.000000
D/AbsListView(20611): unregisterIRListener() is called 
D/AbsListView(20611): unregisterIRListener() is called 
W/EDMNativeHelper(  276): EDMNativeHelperService is published
V/AlarmManager(  845): waitForAlarm result :8
D/ConnectivityService(  845): Sampling interval elapsed, updating statistics ..
D/ConnectivityService(  845): Done.
D/ConnectivityService(  845): Setting timer for 720seconds
D/KeyguardUpdateMonitor( 1196): received broadcast android.intent.action.BATTERY_CHANGED
D/KeyguardUpdateMonitor( 1196): handleBatteryUpdate
D/BatteryService(  845): level:100, scale:100, status:5, health:2, present:true, voltage: 4308, temperature: 300, technology: Li-ion, AC powered:false, USB powered:true, Wireless powered:false, icon:17303411, invalid charger:0, online:4, current avg:460, charge type:1, power sharing:false
D/BatteryService(  845): Sending ACTION_BATTERY_CHANGED.
D/UiModeManager(  845): mCoverManager.getCoverState() : true
D/HeadsetStateMachine( 1657): Disconnected process message: 10
D/STATUSBAR-PhoneStatusBar( 1196):  mBrightnessEnablebySettings = true mBrightnessEnablebyBattery = true mBrightnessEnablebyDisableFlag = true mPmsBrightnessEnablebySettings = true
D/BatteryMeterView( 1196): ACTION_BATTERY_CHANGED : level:100 status:5 health:2
D/KeyguardViewMediator( 1196): setHidden false
D/KeyguardUpdateMonitor( 1196): sendKeyguardVisibilityChanged(true)
D/KeyguardUpdateMonitor( 1196): handleKeyguardVisibilityChanged(1)
D/        ( 1657): cod is 0, set as unclassified
D/        ( 1657): cod change to previous cod
E/bt-btif ( 1657): property type:241, len:0 is invalid
E/BluetoothRemoteDevices( 1657): devicePropertyChangedCallback: bdDevice: 71:C5:24:0C:2A:E6, value is empty for type: 241
V/BluetoothEventManager(10577): Received android.bluetooth.device.action.CLASS_CHANGED
V/BluetoothEventManager(10577): Received android.bluetooth.device.action.FOUND
E/CachedBluetoothDevice(10577): calling dispatchAttributesChanged
E/MP-Decision( 1994): num online cores: 3 reqd : 2 available : 4 rq_depth:1.100000 hotplug_avg_load_dw: 50
E/MP-Decision( 1994): DOWN cpu:2 core_idx:2 Ns:2.100000 Ts:240 rq:1.100000 seq:245.000000
D/KeyguardViewMediator( 1196): setHidden false
D/KeyguardUpdateMonitor( 1196): sendKeyguardVisibilityChanged(true)
D/KeyguardUpdateMonitor( 1196): handleKeyguardVisibilityChanged(1)
D/KeyguardViewMediator( 1196): setHidden false
D/KeyguardUpdateMonitor( 1196): sendKeyguardVisibilityChanged(true)
D/KeyguardUpdateMonitor( 1196): handleKeyguardVisibilityChanged(1)
D/AbsListView(20611): unregisterIRListener() is called 
D/AbsListView(20611): unregisterIRListener() is called 
D/AbsListView(20611): unregisterIRListener() is called 
D/AbsListView(20611): unregisterIRListener() is called 
D/        ( 1657): cod is 0, set as unclassified
D/        ( 1657): cod change to previous cod
E/bt-btif ( 1657): property type:241, len:0 is invalid
V/BluetoothEventManager(10577): Received android.bluetooth.device.action.NAME_CHANGED
E/BluetoothRemoteDevices( 1657): devicePropertyChangedCallback: bdDevice: 7B:9D:61:98:0F:51, value is empty for type: 241
D/        ( 1657): cod is 0, set as unclassified
D/        ( 1657): cod change to previous cod
E/bt-btif ( 1657): property type:241, len:0 is invalid
D/BluetoothDevicePreference(10577): Is my device connected::false
I/BluetoothDevicePreference(10577): summaryResId else part
E/BluetoothRemoteDevices( 1657): devicePropertyChangedCallback: bdDevice: 18:EE:69:2D:A5:90, value is empty for type: 241
V/BluetoothEventManager(10577): Received android.bluetooth.device.action.CLASS_CHANGED
D/BluetoothDevicePreference(10577): Is my device connected::false
I/BluetoothDevicePreference(10577): summaryResId else part
V/BluetoothEventManager(10577): Received android.bluetooth.device.action.FOUND
E/CachedBluetoothDevice(10577): calling dispatchAttributesChanged
D/BluetoothDevicePreference(10577): Is my device connected::false
I/BluetoothDevicePreference(10577): summaryResId else part
V/BluetoothEventManager(10577): Received android.bluetooth.device.action.CLASS_CHANGED
D/BluetoothDevicePreference(10577): Is my device connected::false
I/BluetoothDevicePreference(10577): summaryResId else part
V/BluetoothEventManager(10577): Received android.bluetooth.device.action.FOUND
E/CachedBluetoothDevice(10577): calling dispatchAttributesChanged
D/BluetoothDevicePreference(10577): Is my device connected::false
I/BluetoothDevicePreference(10577): summaryResId else part
E/MP-Decision( 1994): num online cores: 2 reqd : 4 available : 4 rq_depth:3.500000 hotplug_avg_load_dw: 79
E/MP-Decision( 1994): UP cpu:1 core_idx:1 Nw:1.900000 Tw:140 rq:3.500000 seq:0.000000
E/MP-Decision( 1994): UP cpu:2 core_idx:2 Nw:2.700000 Tw:90 rq:3.500000 seq:98.000000
D/KeyguardViewMediator( 1196): setHidden false
D/KeyguardUpdateMonitor( 1196): sendKeyguardVisibilityChanged(true)
D/KeyguardUpdateMonitor( 1196): handleKeyguardVisibilityChanged(1)
E/MP-Decision( 1994): UP cpu:3 core_idx:3 Nw:3.500000 Tw:90 rq:3.500000 seq:98.000000
W/EDMNativeHelper(  276): EDMNativeHelperService is published
D/KeyguardViewMediator( 1196): setHidden false
D/KeyguardUpdateMonitor( 1196): sendKeyguardVisibilityChanged(true)
D/KeyguardUpdateMonitor( 1196): handleKeyguardVisibilityChanged(1)
D/AbsListView(20611): unregisterIRListener() is called 
D/AbsListView(20611): unregisterIRListener() is called 
D/KeyguardViewMediator( 1196): setHidden false
D/KeyguardUpdateMonitor( 1196): sendKeyguardVisibilityChanged(true)
D/KeyguardUpdateMonitor( 1196): handleKeyguardVisibilityChanged(1)
D/KeyguardViewMediator( 1196): setHidden false
D/KeyguardUpdateMonitor( 1196): sendKeyguardVisibilityChanged(true)
D/KeyguardUpdateMonitor( 1196): handleKeyguardVisibilityChanged(1)
D/AbsListView(20611): unregisterIRListener() is called 
D/AbsListView(20611): unregisterIRListener() is called 
D/AbsListView(20611): unregisterIRListener() is called 
D/AbsListView(20611): unregisterIRListener() is called 
E/MP-Decision( 1994): num online cores: 4 reqd : 3 available : 4 rq_depth:1.300000 hotplug_avg_load_dw: 91
E/MP-Decision( 1994): DOWN cpu:3 core_idx:3 Ns:3.100000 Ts:240 rq:1.300000 seq:245.000000
E/MP-Decision( 1994): num online cores: 3 reqd : 2 available : 4 rq_depth:0.600000 hotplug_avg_load_dw: 22
E/MP-Decision( 1994): DOWN cpu:2 core_idx:2 Ns:2.100000 Ts:240 rq:0.600000 seq:241.000000
E/MP-Decision( 1994): num online cores: 2 reqd : 1 available : 4 rq_depth:1.000000 hotplug_avg_load_dw: 19
E/MP-Decision( 1994): DOWN cpu:1 core_idx:1 Ns:1.100000 Ts:190 rq:1.000000 seq:188.000000
D/KeyguardViewMediator( 1196): setHidden false
D/KeyguardUpdateMonitor( 1196): sendKeyguardVisibilityChanged(true)
D/KeyguardUpdateMonitor( 1196): handleKeyguardVisibilityChanged(1)
D/        ( 1657): cod is 0, set as unclassified
D/        ( 1657): cod change to previous cod
E/bt-btif ( 1657): property type:241, len:0 is invalid
V/BluetoothEventManager(10577): Received android.bluetooth.device.action.CLASS_CHANGED
E/BluetoothRemoteDevices( 1657): devicePropertyChangedCallback: bdDevice: 68:D9:3C:92:E0:39, value is empty for type: 241
D/BluetoothDevicePreference(10577): Is my device connected::false
I/BluetoothDevicePreference(10577): summaryResId else part
V/BluetoothEventManager(10577): Received android.bluetooth.device.action.FOUND
E/CachedBluetoothDevice(10577): calling dispatchAttributesChanged
D/BluetoothDevicePreference(10577): Is my device connected::false
I/BluetoothDevicePreference(10577): summaryResId else part
D/KeyguardViewMediator( 1196): setHidden false
D/KeyguardUpdateMonitor( 1196): sendKeyguardVisibilityChanged(true)
D/KeyguardUpdateMonitor( 1196): handleKeyguardVisibilityChanged(1)
D/KeyguardViewMediator( 1196): setHidden false
D/KeyguardUpdateMonitor( 1196): sendKeyguardVisibilityChanged(true)
D/KeyguardUpdateMonitor( 1196): handleKeyguardVisibilityChanged(1)
D/KeyguardViewMediator( 1196): setHidden false
D/KeyguardUpdateMonitor( 1196): sendKeyguardVisibilityChanged(true)
D/KeyguardUpdateMonitor( 1196): handleKeyguardVisibilityChanged(1)
E/MP-Decision( 1994): num online cores: 1 reqd : 2 available : 4 rq_depth:3.300000 hotplug_avg_load_dw: 47
E/MP-Decision( 1994): UP cpu:1 core_idx:1 Nw:1.900000 Tw:140 rq:3.300000 seq:147.000000
D/AbsListView(20611): unregisterIRListener() is called 
D/AbsListView(20611): unregisterIRListener() is called 
D/AbsListView(20611): unregisterIRListener() is called 
D/AbsListView(20611): unregisterIRListener() is called 
W/EDMNativeHelper(  276): EDMNativeHelperService is published
D/KeyguardViewMediator( 1196): setHidden false
D/KeyguardUpdateMonitor( 1196): sendKeyguardVisibilityChanged(true)
D/KeyguardUpdateMonitor( 1196): handleKeyguardVisibilityChanged(1)
D/        ( 1657): cod is 0, set as unclassified
D/        ( 1657): cod change to previous cod
E/bt-btif ( 1657): property type:241, len:0 is invalid
W/EDMNativeHelper(  276): EDMNativeHelperService is published
V/BluetoothEventManager(10577): Received android.bluetooth.device.action.CLASS_CHANGED
E/BluetoothRemoteDevices( 1657): devicePropertyChangedCallback: bdDevice: 67:C5:F5:CE:6C:29, value is empty for type: 241
D/BluetoothDevicePreference(10577): Is my device connected::false
I/BluetoothDevicePreference(10577): summaryResId else part
V/BluetoothEventManager(10577): Received android.bluetooth.device.action.FOUND
E/CachedBluetoothDevice(10577): calling dispatchAttributesChanged
D/BluetoothDevicePreference(10577): Is my device connected::false
I/BluetoothDevicePreference(10577): summaryResId else part
E/bt-btif ( 1657): property type:241, len:0 is invalid
D/KeyguardViewMediator( 1196): setHidden false
D/KeyguardUpdateMonitor( 1196): sendKeyguardVisibilityChanged(true)
D/KeyguardUpdateMonitor( 1196): handleKeyguardVisibilityChanged(1)
V/BluetoothEventManager(10577): Received android.bluetooth.device.action.NAME_CHANGED
E/BluetoothRemoteDevices( 1657): devicePropertyChangedCallback: bdDevice: 90:27:E4:F1:5D:C7, value is empty for type: 241
D/BluetoothDevicePreference(10577): Is my device connected::false
I/BluetoothDevicePreference(10577): summaryResId else part
V/BluetoothEventManager(10577): Received android.bluetooth.device.action.CLASS_CHANGED
D/BluetoothDevicePreference(10577): Is my device connected::false
I/BluetoothDevicePreference(10577): summaryResId else part
V/BluetoothEventManager(10577): Received android.bluetooth.device.action.FOUND
E/CachedBluetoothDevice(10577): calling dispatchAttributesChanged
D/BluetoothDevicePreference(10577): Is my device connected::false
I/BluetoothDevicePreference(10577): summaryResId else part
D/KeyguardViewMediator( 1196): setHidden false
D/KeyguardUpdateMonitor( 1196): sendKeyguardVisibilityChanged(true)
D/KeyguardUpdateMonitor( 1196): handleKeyguardVisibilityChanged(1)
D/AbsListView(20611): unregisterIRListener() is called 
D/AbsListView(20611): unregisterIRListener() is called 
D/KeyguardViewMediator( 1196): setHidden false
D/KeyguardUpdateMonitor( 1196): sendKeyguardVisibilityChanged(true)
D/KeyguardUpdateMonitor( 1196): handleKeyguardVisibilityChanged(1)
D/KeyguardViewMediator( 1196): setHidden false
D/KeyguardUpdateMonitor( 1196): sendKeyguardVisibilityChanged(true)
D/KeyguardUpdateMonitor( 1196): handleKeyguardVisibilityChanged(1)
D/AbsListView(20611): unregisterIRListener() is called 
D/AbsListView(20611): unregisterIRListener() is called 
D/AbsListView(20611): unregisterIRListener() is called 
D/AbsListView(20611): unregisterIRListener() is called 
E/MP-Decision( 1994): num online cores: 2 reqd : 1 available : 4 rq_depth:0.700000 hotplug_avg_load_dw: 24
E/MP-Decision( 1994): DOWN cpu:1 core_idx:1 Ns:1.100000 Ts:190 rq:0.700000 seq:245.000000
D/KeyguardViewMediator( 1196): setHidden false
D/KeyguardUpdateMonitor( 1196): sendKeyguardVisibilityChanged(true)
D/KeyguardUpdateMonitor( 1196): handleKeyguardVisibilityChanged(1)
W/EDMNativeHelper(  276): EDMNativeHelperService is published
D/STATUSBAR-NetworkController( 1196): onReceive() - RSSI_CHANGED_ACTION, WIFI_STATE, NETWORK_STATE
W/qdhwcomposer(  291): Excessive delay reading vsync: took 5850 ms
D/STATUSBAR-IconMerger( 1196): checkOverflow(432), More:true, Req:true Child:7
D/STATUSBAR-NetworkController( 1196): onSignalStrengthsChanged signalStrength=SignalStrength: 99 -1 -1 -1 -1 -1 -1 99 2147483647 2147483647 2147483647 -1 2147483647 gsm|lte 0x0 level=0
D/InputReader(  845): Input event: value=1 when=24162882184000
I/InputReader(  845): Touch event's action is 0x0 (deviceType=0) [pCnt=1, s=0.117 ] when=24162882275000
I/InputDispatcher(  845): Delivering touch to: action: 0x4
I/InputDispatcher(  845): Delivering touch to: action: 0x0
W/ContextImpl(  845): Calling a method in the system process without a qualified user: android.app.ContextImpl.sendBroadcast:1516 com.android.server.am.ActivityStack.startPausingLocked:1007 com.android.server.am.ActivityStack.finishActivityLocked:3164 com.android.server.am.ActivityStack.requestFinishActivityLocked:2977 com.android.server.am.ActivityManagerService.finishActivity:4442 
D/InputDispatcher(  845): Waiting for application to become ready for input: xxxx Reason: Waiting because the touched window is paused.
V/SmartFaceService - 3rd party pause(  845): onReceive [android.intent.action.ACTIVITY_STATE/com.example.android.bluetoothchat/pause]
D/SSRMv2:CustomFrequencyManagerService(  845): acquireDVFSLockLocked : type : DVFS_MIN_LIMIT  frequency : 1350000  uid : 1000  pid : 845  pkgName : ACTIVITY_RESUME_BOOSTER@6
W/ActivityManager(  845): mDVFSHelper.acquire()
W/ContextImpl(  845): Calling a method in the system process without a qualified user: android.app.ContextImpl.sendBroadcast:1516 com.android.server.am.ActivityStack.resumeTopActivityLocked:2183 com.android.server.am.ActivityStackSupervisor.resumeTopActivitiesLocked:3169 com.android.server.am.ActivityStack.completePauseLocked:1232 com.android.server.am.ActivityStack.activityPausedLocked:1093 
D/KeyguardViewMediator( 1196): setHidden false
D/KeyguardUpdateMonitor( 1196): sendKeyguardVisibilityChanged(true)
D/KeyguardUpdateMonitor( 1196): handleKeyguardVisibilityChanged(1)
I/SpenGestureManager(  845): setFocusWindow21025
D/EnterpriseDeviceManager(  845): ContainerId: 0
D/KeyguardViewMediator( 1196): setHidden false
D/KeyguardUpdateMonitor( 1196): sendKeyguardVisibilityChanged(true)
D/KeyguardUpdateMonitor( 1196): handleKeyguardVisibilityChanged(1)
D/STATUSBAR-StatusBarManagerService(  845): manageDisableList what=0x0 pkg=WindowManager.LayoutParams
W/EDMNativeHelper(  276): EDMNativeHelperService is published
D/PointerIcon(  845): setMouseIconStyle1 pointerType: 1001iconType:101 flag:0
D/PointerIcon(  845): setMouseCustomIcon IconType is same.101
D/PointerIcon(  845): setHoveringSpenIconStyle1 pointerType: 10001iconType:1 flag:0
D/PointerIcon(  845): setHoveringSpenCustomIcon IconType is same.1
V/SmartFaceService - 3rd party pause(  845): onReceive [android.intent.action.ACTIVITY_STATE/com.example.android.bluetoothchat/resume]
D/AbsListView(20611): unregisterIRListener() is called 
E/MP-Decision( 1994): num online cores: 1 reqd : 2 available : 4 rq_depth:2.700000 hotplug_avg_load_dw: 53
E/MP-Decision( 1994): UP cpu:1 core_idx:1 Nw:1.900000 Tw:140 rq:2.700000 seq:147.000000
D/AbsListView(20611): unregisterIRListener() is called 
D/AbsListView(20611): unregisterIRListener() is called 
E/MP-Decision( 1994): num online cores: 2 reqd : 3 available : 4 rq_depth:3.700000 hotplug_avg_load_dw: 141
E/MP-Decision( 1994): UP cpu:1 core_idx:1 Nw:1.900000 Tw:140 rq:3.700000 seq:0.000000
E/MP-Decision( 1994): UP cpu:2 core_idx:2 Nw:2.700000 Tw:90 rq:3.700000 seq:93.000000
D/KeyguardViewMediator( 1196): setHidden false
D/KeyguardUpdateMonitor( 1196): sendKeyguardVisibilityChanged(true)
D/KeyguardUpdateMonitor( 1196): handleKeyguardVisibilityChanged(1)
D/InputReader(  845): Input event: value=0 when=24163092419000
I/InputReader(  845): Touch event's action is 0x1 (deviceType=0) [pCnt=1, s=] when=24163092419000
I/InputDispatcher(  845): Delivering touch to: action: 0x1
D/AbsListView(20611): onDetachedFromWindow
D/AbsListView(20611): unregisterIRListener() is called 
D/AbsListView(20611): onDetachedFromWindow
D/AbsListView(20611): unregisterIRListener() is called 
V/BluetoothEventManager(10577): Received android.bluetooth.adapter.action.DISCOVERY_FINISHED
V/BluetoothDiscoveryReceiver(10577): Received: android.bluetooth.adapter.action.DISCOVERY_FINISHED
D/KeyguardViewMediator( 1196): setHidden false
D/KeyguardUpdateMonitor( 1196): sendKeyguardVisibilityChanged(true)
D/KeyguardUpdateMonitor( 1196): handleKeyguardVisibilityChanged(1)
V/AlarmManager(  845): waitForAlarm result :8
D/KeyguardClockWidgetService( 1894): onReceive action=android.intent.action.TIME_TICK
V/AlarmManager(  845): ClockReceiver onReceive() ACTION_TIME_TICK
D/KeyguardUpdateMonitor( 1196): received broadcast android.intent.action.TIME_TICK
D/KeyguardUpdateMonitor( 1196): handleTimeUpdate
D/STATUSBAR-IconMerger( 1196): checkOverflow(432), More:true, Req:true Child:7
E/MP-Decision( 1994): num online cores: 3 reqd : 2 available : 4 rq_depth:1.500000 hotplug_avg_load_dw: 65
E/MP-Decision( 1994): DOWN cpu:2 core_idx:2 Ns:2.100000 Ts:240 rq:1.500000 seq:242.000000
D/KeyguardViewMediator( 1196): setHidden false
D/KeyguardUpdateMonitor( 1196): sendKeyguardVisibilityChanged(true)
D/KeyguardUpdateMonitor( 1196): handleKeyguardVisibilityChanged(1)
I/SurfaceFlinger(  291): id=175 Removed EeviceListA (12/14)
I/SurfaceFlinger(  291): id=175 Removed EeviceListA (-2/14)
D/KeyguardViewMediator( 1196): setHidden false
D/KeyguardUpdateMonitor( 1196): sendKeyguardVisibilityChanged(true)
D/KeyguardUpdateMonitor( 1196): handleKeyguardVisibilityChanged(1)
W/qdhwcomposer(  291): Excessive delay reading vsync: took 947 ms
W/SurfaceFlinger(  291): couldn't log to binary event log: overflow.
D/KeyguardViewMediator( 1196): setHidden false
D/KeyguardUpdateMonitor( 1196): sendKeyguardVisibilityChanged(true)
D/KeyguardUpdateMonitor( 1196): handleKeyguardVisibilityChanged(1)
E/MP-Decision( 1994): num online cores: 2 reqd : 1 available : 4 rq_depth:0.000000 hotplug_avg_load_dw: 15
E/MP-Decision( 1994): DOWN cpu:1 core_idx:1 Ns:1.100000 Ts:190 rq:0.000000 seq:144.000000
W/EDMNativeHelper(  276): EDMNativeHelperService is published
D/InputReader(  845): Input event: value=1 when=24164050152000
D/InputReader(  845): !@notifyKey(172), action=0
D/InputManager-JNI(  845): !@interceptKeyBeforeQueueing(172), action=0
D/InputManager-JNI(  845): !@handleInterceptActions(172), action=0
D/RecentTasksLoader( 1196): preloadRecentTasksList
D/STATUSBAR-RecentTasksLoader( 1196): loadTasksInBackground() mstate:CANCELLED
E/EnterpriseContainerManager(  845): ContainerPolicy Service is not yet ready!!!
D/EnterpriseDeviceManager(  845): ContainerId: 0
D/STATUSBAR-RecentTasksLoader( 1196): loadThumbnailsAndIconsInBackground()
D/STATUSBAR-RecentTasksLoader( 1196): loadTasksInBackground -doInBackground()
D/STATUSBAR-RecentTasksLoader( 1196): loadThumbnailsAndIconsInBackground-doInBackground()
E/EnterpriseContainerManager(  845): ContainerPolicy Service is not yet ready!!!
D/EnterpriseDeviceManager(  845): ContainerId: 0
E/EnterpriseContainerManager(  845): ContainerPolicy Service is not yet ready!!!
D/EnterpriseDeviceManager(  845): ContainerId: 0
E/EnterpriseContainerManager(  845): ContainerPolicy Service is not yet ready!!!
D/EnterpriseDeviceManager(  845): ContainerId: 0
D/STATUSBAR-RecentTasksLoader( 1196):     recentTasks.size():3
E/MP-Decision( 1994): num online cores: 1 reqd : 3 available : 4 rq_depth:3.500000 hotplug_avg_load_dw: 47
E/MP-Decision( 1994): UP cpu:1 core_idx:1 Nw:1.900000 Tw:140 rq:3.500000 seq:98.000000
E/MP-Decision( 1994): UP cpu:2 core_idx:2 Nw:2.700000 Tw:90 rq:3.500000 seq:98.000000
E/EnterpriseContainerManager(  845): ContainerPolicy Service is not yet ready!!!
D/EnterpriseDeviceManager(  845): ContainerId: 0
W/ApplicationPackageManager( 1196): getCSCPackageItemText()
E/EnterpriseContainerManager(  845): ContainerPolicy Service is not yet ready!!!
D/EnterpriseDeviceManager(  845): ContainerId: 0
W/ApplicationPackageManager( 1196): getCSCPackageItemText()
E/EnterpriseContainerManager( 1196): ContainerPolicy Service is not yet ready!!!
D/EnterpriseDeviceManager( 1196): ContainerId: 0
E/EnterpriseContainerManager( 1196): ContainerPolicy Service is not yet ready!!!
D/EnterpriseDeviceManager( 1196): ContainerId: 0
E/EnterpriseContainerManager(  845): ContainerPolicy Service is not yet ready!!!
D/EnterpriseDeviceManager(  845): ContainerId: 0
W/ApplicationPackageManager( 1196): getCSCPackageItemText()
E/EnterpriseContainerManager( 1196): ContainerPolicy Service is not yet ready!!!
D/EnterpriseDeviceManager( 1196): ContainerId: 0
E/EnterpriseContainerManager(  845): ContainerPolicy Service is not yet ready!!!
D/EnterpriseDeviceManager(  845): ContainerId: 0
W/ApplicationPackageManager( 1196): getCSCPackageItemText()
E/EnterpriseContainerManager( 1196): ContainerPolicy Service is not yet ready!!!
D/EnterpriseDeviceManager( 1196): ContainerId: 0
D/STATUSBAR-RecentTasksLoader( 1196): loadTasksInBackground-onProgressUpdate()
D/STATUSBAR-RecentTasksLoader( 1196):  error - mRecentsPanel == null
D/STATUSBAR-RecentTasksLoader( 1196): loadTasksInBackground-onProgressUpdate()
D/STATUSBAR-RecentTasksLoader( 1196):  error - mRecentsPanel == null
D/STATUSBAR-RecentTasksLoader( 1196): loadThumbnailsAndIconsInBackground-onProgressUpdate()
D/STATUSBAR-RecentTasksLoader( 1196):     !isCancelled()
D/STATUSBAR-RecentTasksLoader( 1196): loadThumbnailsAndIconsInBackground-onProgressUpdate()
D/STATUSBAR-RecentTasksLoader( 1196):     !isCancelled()
D/STATUSBAR-RecentTasksLoader( 1196): loadThumbnailsAndIconsInBackground-onProgressUpdate()
D/STATUSBAR-RecentTasksLoader( 1196):     !isCancelled()
D/STATUSBAR-RecentTasksLoader( 1196): loadThumbnailsAndIconsInBackground-onProgressUpdate()
D/STATUSBAR-RecentTasksLoader( 1196):     !isCancelled()
D/STATUSBAR-RecentTasksLoader( 1196): mState = State.LOADED
E/MP-Decision( 1994): num online cores: 3 reqd : 1 available : 4 rq_depth:0.000000 hotplug_avg_load_dw: 17
E/MP-Decision( 1994): DOWN cpu:2 core_idx:2 Ns:2.100000 Ts:240 rq:0.000000 seq:244.000000
E/MP-Decision( 1994): DOWN cpu:1 core_idx:1 Ns:1.100000 Ts:190 rq:0.000000 seq:195.000000
D/btif_config_util( 1657): btif_config_save_file(L153): in file name:/data/misc/bluedroid/bt_config.new
D/InputDispatcher(  845): set entryflags to AKEY_EVENT_FLAG_LONG_PRESS
V/Vibrator(  845): vibrateImmVibe - PUID: 1000, PackageName: android, type: 9, magType: TouchMagnitude
D/VoIPInterfaceManager(  845): isVoIPRinging()...
D/VoIPInterfaceManager(  845): isVoIPRunningAndDeregi()...
D/VoIPInterfaceManager(  845): Not exist call session
V/VibratorService(  845): hasVibrator - useVibetonz: true
V/VibratorService(  845): vibrateImmVibeMagnitudeType - magnitudeType: TouchMagnitude
D/VibratorService(  845): ImmVibe vibratorOff()
V/VibratorService(  845): vibrateImmVibe - package: android, type: 9, magnitude: 8000
V/Scroll/Pause Worker(  845): onReceive: android.intent.action.CLOSE_SYSTEM_DIALOGS
E/EnterpriseContainerManager(  845): ContainerPolicy Service is not yet ready!!!
D/EnterpriseDeviceManager(  845): ContainerId: 0
E/EnterpriseContainerManager(  845): ContainerPolicy Service is not yet ready!!!
D/EnterpriseDeviceManager(  845): ContainerId: 0
W/ApplicationPackageManager( 1196): getCSCPackageItemText()
E/EnterpriseContainerManager( 1196): ContainerPolicy Service is not yet ready!!!
D/EnterpriseDeviceManager( 1196): ContainerId: 0
E/MP-Decision( 1994): num online cores: 1 reqd : 2 available : 4 rq_depth:1.000000 hotplug_avg_load_dw: 58
E/MP-Decision( 1994): UP cpu:1 core_idx:1 Nw:1.900000 Tw:140 rq:1.000000 seq:0.000000
D/dalvikvm(  845): GC_FOR_ALLOC freed 5704K, 21% free 60038K/75620K, paused 169ms, total 169ms
E/EnterpriseContainerManager(  845): ContainerPolicy Service is not yet ready!!!
D/EnterpriseDeviceManager(  845): ContainerId: 0
V/ApplicationPolicy(  845): isApplicationStateBlocked userId 0 pkgname com.android.systemui
D/SSRMv2:CustomFrequencyManagerService(  845): releaseDVFSLockLocked : Getting Lock type frm List : DVFS_MIN_LIMIT  frequency : 1350000  uid : 1000  pid : 845  tag : ACTIVITY_RESUME_BOOSTER@6
D/SSRMv2:CustomFrequencyManagerService(  845): acquireDVFSLockLocked : type : DVFS_MIN_LIMIT  frequency : 1350000  uid : 1000  pid : 845  pkgName : ACTIVITY_RESUME_BOOSTER@6
W/ActivityManager(  845): mDVFSHelper.acquire()
W/ContextImpl(  845): Calling a method in the system process without a qualified user: android.app.ContextImpl.sendBroadcast:1516 com.android.server.am.ActivityStack.startPausingLocked:1007 com.android.server.am.ActivityStackSupervisor.pauseBackStacks:725 com.android.server.am.ActivityStack.resumeTopActivityLocked:1942 com.android.server.am.ActivityStackSupervisor.resumeTopActivitiesLocked:3169 
D/PointerIcon(  845): setMouseIconStyle1 pointerType: 1001iconType:101 flag:0
D/PointerIcon(  845): setMouseCustomIcon IconType is same.101
D/PointerIcon(  845): setHoveringSpenIconStyle1 pointerType: 10001iconType:1 flag:0
D/PointerIcon(  845): setHoveringSpenCustomIcon IconType is same.1
V/SmartFaceService - 3rd party pause(  845): onReceive [android.intent.action.ACTIVITY_STATE/com.example.android.bluetoothchat/pause]
D/KeyguardViewMediator( 1196): setHidden false
D/KeyguardUpdateMonitor( 1196): sendKeyguardVisibilityChanged(true)
D/KeyguardUpdateMonitor( 1196): handleKeyguardVisibilityChanged(1)
D/STATUSBAR-AirplaneModeQuickSettingButton( 1196): onReceive : android.intent.action.CLOSE_SYSTEM_DIALOGS
W/ContextImpl(  845): Calling a method in the system process without a qualified user: android.app.ContextImpl.sendBroadcast:1516 com.android.server.am.ActivityStackSupervisor.realStartActivityLocked:1209 com.android.server.am.ActivityStackSupervisor.startSpecificActivityLocked:1360 com.android.server.am.ActivityStack.resumeTopActivityLocked:2269 com.android.server.am.ActivityStackSupervisor.resumeTopActivitiesLocked:3169 
W/ApplicationPackageManager( 1196): getCSCPackageItemText()
D/KeyguardViewMediator( 1196): setHidden false
D/KeyguardUpdateMonitor( 1196): sendKeyguardVisibilityChanged(true)
D/AbsListView(20611): unregisterIRListener() is called 
E/RecentsPanelView( 1196): package not found
V/SmartFaceService - 3rd party pause(  845): onReceive [android.intent.action.ACTIVITY_STATE/com.android.systemui/create]
E/MP-Decision( 1994): num online cores: 2 reqd : 3 available : 4 rq_depth:3.500000 hotplug_avg_load_dw: 113
E/MP-Decision( 1994): UP cpu:1 core_idx:1 Nw:1.900000 Tw:140 rq:3.500000 seq:0.000000
E/MP-Decision( 1994): UP cpu:2 core_idx:2 Nw:2.700000 Tw:90 rq:3.500000 seq:98.000000
D/dalvikvm( 1196): GC_CONCURRENT freed 3441K, 50% free 37771K/74984K, paused 15ms+5ms, total 58ms
D/dalvikvm( 1196): WAIT_FOR_CONCURRENT_GC blocked 37ms
D/STATUSBAR-RecentsPanelView( 1196): onFinishInflate()
D/STATUSBAR-RecentsPanelView( 1196): refreshRecentTasksList()
D/STATUSBAR-RecentsPanelView( 1196): onTasksLoaded()
D/RecentsPanelView( 1196): show: true
V/Scroll/Pause Worker(  845): onReceive: android.intent.action.CLOSE_SYSTEM_DIALOGS
W/EDMNativeHelper(  276): EDMNativeHelperService is published
D/WallpaperManager( 1196): SEC_PRODUCT_FEATURE_COMMON_ENABLE_TEXTURE_COMPRESSION is false
D/STATUSBAR-RecentsPanel( 1196): onStart()
D/STATUSBAR-RecentsPanelView( 1196): refreshRecentTasksList()
D/STATUSBAR-RecentTasksLoader( 1196): loadTasksInBackground() mstate:LOADED
D/STATUSBAR-RecentTasksLoader( 1196):     return (mState != State.CANCELLED)
D/RecentsPanelView( 1196): show: true
D/STATUSBAR-RecentsPanel( 1196): onResume()
V/Scroll/Pause Worker(  845): onReceive: android.intent.action.CLOSE_SYSTEM_DIALOGS
D/KeyguardViewMediator( 1196): setHidden false
D/KeyguardUpdateMonitor( 1196): sendKeyguardVisibilityChanged(true)
D/KeyguardUpdateMonitor( 1196): handleKeyguardVisibilityChanged(1)
D/STATUSBAR-NetworkController( 1196): onSignalStrengthsChanged signalStrength=SignalStrength: 99 -1 -1 -1 -1 -1 -1 99 2147483647 2147483647 2147483647 -1 2147483647 gsm|lte 0x0 level=0
D/STATUSBAR-AirplaneModeQuickSettingButton( 1196): onReceive : android.intent.action.CLOSE_SYSTEM_DIALOGS
I/SurfaceFlinger(  291): id=176 createSurf (1x1),1 flag=4, SecentsActi
I/SpenGestureManager(  845): setFocusWindow21030
D/EnterpriseDeviceManager(  845): ContainerId: 0
D/KeyguardViewMediator( 1196): setHidden false
D/KeyguardUpdateMonitor( 1196): sendKeyguardVisibilityChanged(true)
D/STATUSBAR-StatusBarManagerService(  845): manageDisableList what=0x0 pkg=WindowManager.LayoutParams
D/KeyguardViewMediator( 1196): setHidden false
D/KeyguardUpdateMonitor( 1196): sendKeyguardVisibilityChanged(true)
D/PointerIcon(  845): setMouseIconStyle1 pointerType: 1001iconType:101 flag:0
D/PointerIcon(  845): setMouseCustomIcon IconType is same.101
D/PointerIcon(  845): setHoveringSpenIconStyle1 pointerType: 10001iconType:1 flag:0
D/PointerIcon(  845): setHoveringSpenCustomIcon IconType is same.1
D/KeyguardViewMediator( 1196): setHidden false
D/KeyguardUpdateMonitor( 1196): sendKeyguardVisibilityChanged(true)
D/KeyguardUpdateMonitor( 1196): handleKeyguardVisibilityChanged(1)
D/KeyguardUpdateMonitor( 1196): handleKeyguardVisibilityChanged(1)
D/KeyguardUpdateMonitor( 1196): handleKeyguardVisibilityChanged(1)
W/IInputConnectionWrapper(20611): showStatusIcon on inactive InputConnection
D/STATUSBAR-AirplaneModeQuickSettingButton( 1196): onReceive : android.intent.action.CLOSE_SYSTEM_DIALOGS
D/STATUSBAR-RecentsPanel( 1196): onReceive(Intent { act=android.intent.action.CLOSE_SYSTEM_DIALOGS flg=0x50000010 (has extras) })
D/RecentsPanel( 1196): reason : recentapps
W/ContextImpl(  845): Calling a method in the system process without a qualified user: android.app.ContextImpl.sendBroadcast:1502 com.android.server.InputMethodManagerService$4.run:2826 java.lang.Thread.run:841 <bottom of call stack> <bottom of call stack> 
D/KeyguardUpdateMonitor( 1196): handleKeyguardVisibilityChanged(1)
D/KeyguardViewMediator( 1196): setHidden false
D/KeyguardUpdateMonitor( 1196): sendKeyguardVisibilityChanged(true)
D/KeyguardUpdateMonitor( 1196): handleKeyguardVisibilityChanged(1)
I/SurfaceFlinger(  291): id=177 createSurf (429x402),1 flag=4, uhumbnail a
D/KeyguardViewMediator( 1196): setHidden false
D/KeyguardUpdateMonitor( 1196): sendKeyguardVisibilityChanged(true)
D/KeyguardUpdateMonitor( 1196): handleKeyguardVisibilityChanged(1)
D/KeyguardViewMediator( 1196): setHidden false
D/KeyguardUpdateMonitor( 1196): sendKeyguardVisibilityChanged(true)
D/KeyguardUpdateMonitor( 1196): handleKeyguardVisibilityChanged(1)
D/KeyguardViewMediator( 1196): setHidden false
D/KeyguardUpdateMonitor( 1196): sendKeyguardVisibilityChanged(true)
D/KeyguardUpdateMonitor( 1196): handleKeyguardVisibilityChanged(1)
D/STATUSBAR-RecentsPanel( 1196): onReceive(Intent { act=com.android.systemui.recent.action.WINDOW_ANIMATION_START flg=0x10 pkg=com.android.systemui })
D/STATUSBAR-RecentsPanelView( 1196): onWindowAnimationStart()
E/kickstart( 1033): EVENT: Received 48 bytes
E/kickstart( 1033): EVENT: RECEIVED <-- SAHARA_HELLO
E/kickstart( 1033): EVENT: SENDING --> SAHARA_HELLO_RESPONSE
E/kickstart( 1033): EVENT: sahara_mode                         = 2
E/kickstart( 1033): EVENT: m_comm->sahara_hello_packet_rx.mode = 2
E/kickstart( 1033): EVENT: helloRx.mode                        = 2
E/kickstart( 1033): Wrote to /sys/power/wake_lock
E/kickstart( 1033): EVENT: Waiting for data to read
E/kickstart( 1033): EVENT: Data available to read
E/kickstart( 1033): EVENT: Received 16 bytes
E/kickstart( 1033): EVENT: RECEIVED <-- SAHARA_MEMORY_DEBUG
E/kickstart( 1033): EVENT: SENDING --> SAHARA_MEMORY_READ
E/kickstart( 1033): EVENT: Sent SAHARA_MEMORY_READ, address 41500630, length 52
E/kickstart( 1033): EVENT: Waiting for data to read
E/kickstart( 1033): EVENT: Data available to read
E/kickstart( 1033): EVENT: Received 52 bytes
E/kickstart( 1033): EVENT: 0x46980000, len=000C0000, "m9kefs1", ""
E/kickstart( 1033): EVENT: STATE <-- SAHARA_WAIT_MEMORY_REGION
E/kickstart( 1033): EVENT: Saving "/dev/block/platform/msm_sdcc.1/by-name/m9kefs1"
E/kickstart( 1033): EVENT: SENDING --> SAHARA_MEMORY_READ
E/kickstart( 1033): EVENT: Sent SAHARA_MEMORY_READ, address 46980000, length 786432
E/kickstart( 1033): EVENT: Waiting for data to read
E/kickstart( 1033): EVENT: Data available to read
D/STATUSBAR-NetworkController( 1196): onReceive() - RSSI_CHANGED_ACTION, WIFI_STATE, NETWORK_STATE
E/kickstart( 1033): EVENT: Received 49152 bytes
E/kickstart( 1033): EVENT: Waiting for data to read
E/kickstart( 1033): EVENT: Data available to read
E/kickstart( 1033): EVENT: Received 49152 bytes
