--------- beginning of /dev/log/main
D/LocationManagerService(  845): Not screening locations
--------- beginning of /dev/log/system
D/STATUSBAR-NetworkController( 1196): onSignalStrengthsChanged signalStrength=SignalStrength: 99 -1 -1 -1 -1 -1 -1 99 2147483647 2147483647 2147483647 -1 2147483647 gsm|lte 0x0 level=0
E/MP-Decision( 1994): num online cores: 1 reqd : 3 available : 4 rq_depth:4.300000 hotplug_avg_load_dw: 33
E/MP-Decision( 1994): UP cpu:1 core_idx:1 Nw:1.900000 Tw:140 rq:4.300000 seq:139.000000
E/MP-Decision( 1994): UP cpu:2 core_idx:2 Nw:2.700000 Tw:90 rq:4.300000 seq:98.000000
E/MP-Decision( 1994): num online cores: 3 reqd : 1 available : 4 rq_depth:1.000000 hotplug_avg_load_dw: 24
E/MP-Decision( 1994): DOWN cpu:2 core_idx:2 Ns:2.100000 Ts:240 rq:1.000000 seq:191.000000
E/MP-Decision( 1994): DOWN cpu:1 core_idx:1 Ns:1.100000 Ts:190 rq:1.000000 seq:191.000000
W/EDMNativeHelper(  276): EDMNativeHelperService is published
D/STATUSBAR-IconMerger( 1196): checkOverflow(432), More:true, Req:true Child:8
W/EDMNativeHelper(  276): EDMNativeHelperService is published
V/AlarmManager(  845): waitForAlarm result :8
D/KeyguardClockWidgetService( 1894): onReceive action=android.intent.action.TIME_TICK
V/AlarmManager(  845): ClockReceiver onReceive() ACTION_TIME_TICK
V/AlarmManager(  845): ___SyncScheduler (v3) ACTIVATED___
V/AlarmManager(  845): <AppSync3 Whitelist>
V/AlarmManager(  845): (AppSync) ### 0 added ###
D/KeyguardUpdateMonitor( 1196): received broadcast android.intent.action.TIME_TICK
D/KeyguardUpdateMonitor( 1196): handleTimeUpdate
D/STATUSBAR-IconMerger( 1196): checkOverflow(432), More:true, Req:true Child:8
W/EDMNativeHelper(  276): EDMNativeHelperService is published
D/weathernewsjp( 1779): [WeatherNews J]>>> WNRP:40 [0:0] parseDW tempS = 1
D/weathernewsjp( 1779): [WeatherNews J]>>> WNRP:1065 [0:0] ParserHandlerSingle tempScale = 1 nowTemp = 200
D/weathernewsjp( 1779): [WeatherNews J]>>> WCD:891 [0:0]  [LocHd] >>> 200
D/weathernewsjp( 1779): [WeatherNews J]>>> DBH:173 [0:0] uCLEM0
D/weathernewsjp( 1779): [WeatherNews J]>>> U:2540 [0:0] set UT pref:1432548600884
D/weathernewsjp( 1779): [WeatherNews J]>>> WNCP:411 [0:0] cp update : count : 1, pt : 4
D/weathernewsjp( 1779): [WeatherNews J]>>> WCA:81 [0:0] support clock
D/weathernewsjp( 1779): [WeatherNews J]>>> AHC:80 [0:0] ADVHTTP : javalangClassCastException: WeatherClockApplication cannot be cast to androidappActivity
D/daemonapp( 2621): [MSC_WN_Daemon]>>> WNCP:521 [0:0] cp update : count : 1, pt : 3
D/daemonapp( 2621): [MSC_WN_Daemon]>>> WDS:73 [0:0] Act : widgetappapweathernewsjpdaemonactionWEATHER_INVALID_LOC_SYNC, run:true
D/comsamsunglog( 2621): [MSC_WN_Daemon]>>> ====================================================================================================================
D/comsamsunglog( 2621): [MSC_WN_Daemon]>>> daemonapp [Version : 14102201 ] [ 1 ] 
D/comsamsunglog( 2621): [MSC_WN_Daemon]>>> Header set to : ===> "daemonapp" <===
D/comsamsunglog( 2621): [MSC_WN_Daemon]>>> ====================================================================================================================
D/daemonapp( 2621): [MSC_WN_Daemon]>>> WDS:1370 [0:0] PakNme size = 0
D/weathernewsjp( 1779): [WeatherNews J]>>> WNCP:411 [0:0] cp update : count : 1, pt : 13
D/weathernewsjp( 1779): [WeatherNews J]>>> WCA:81 [0:0] support clock
D/daemonapp( 2621): [MSC_WN_Daemon]>>> WDS:123 [0:0] SerStus:false,TmpS:1,AtRfr:3, checkCurrent: 1
D/daemonapp( 2621): [MSC_WN_Daemon]>>> WDS:447 [0:0] Act:widgetappapweathernewsjpdaemonactionWEATHER_INVALID_LOC_SYNC
D/daemonapp( 2621): [MSC_WN_Daemon]>>> DBH:203 [0:0] uCLEM0
D/daemonapp( 2621): [MSC_WN_Daemon]>>> WNCP:521 [0:0] cp update : count : 1, pt : 19
D/daemonapp( 2621): [MSC_WN_Daemon]>>> WNCP:521 [0:0] cp update : count : 1, pt : 14
D/weathernewsjp( 1779): [WeatherNews J]>>> U:2564 [0:0] weatherIconNum==200, isDay:false
D/weathernewsjp( 1779): [WeatherNews J]>>> DBH:900 [0:0] ConverticonNum : 3, todayIcon : 200
D/weathernewsjp( 1779): [WeatherNews J]>>> DBH:909 [0:0] ConvertweatherText : Cloudy, todayIcon : 200
D/daemonapp( 2621): [MSC_WN_Daemon]>>> U:973 [0:0] IdlWdtchk !!!!
E/MP-Decision( 1994): num online cores: 1 reqd : 4 available : 4 rq_depth:4.500000 hotplug_avg_load_dw: 32
E/MP-Decision( 1994): UP cpu:1 core_idx:1 Nw:1.900000 Tw:140 rq:4.500000 seq:147.000000
E/MP-Decision( 1994): UP cpu:2 core_idx:2 Nw:2.700000 Tw:90 rq:4.500000 seq:98.000000
E/MP-Decision( 1994): UP cpu:3 core_idx:3 Nw:3.500000 Tw:90 rq:4.500000 seq:98.000000
D/weathernewsjp( 1779): [WeatherNews J]>>> U:2651 [0:0] dae ver : 14102201
D/weathernewsjp( 1779): [WeatherNews J]>>> U:2653 [0:0] open local DB
D/daemonapp( 2621): [MSC_WN_Daemon]>>> U:1148 [0:0] ACW not found!!
D/daemonapp( 2621): [MSC_WN_Daemon]>>> U:978 [0:0] J pck Found!!!!
D/weathernewsjp( 1779): [WeatherNews J]>>> WNCP:411 [0:0] cp update : count : 1, pt : 3
D/daemonapp( 2621): [MSC_WN_Daemon]>>> DBH:192 [0:0] send broad cast to clock
D/daemonapp( 2621): [MSC_WN_Daemon]>>> WNCP:521 [0:0] cp update : count : 1, pt : 14
D/daemonapp( 2621): [MSC_WN_Daemon]>>> WDS:1295 [0:0] [sendPak] PakNme size = 0
D/weathernewsjp( 1779): [WeatherNews J]>>> DBH:1133 [0:0] send broad cast to clock
D/weathernewsjp( 1779): [WeatherNews J]>>> WCD:974 [0:0] CurLocSet Update : 1
D/weathernewsjp( 1779): [WeatherNews J]>>> WCD:990 [0:0] LocHd >>> request to update daemon
D/weathernewsjp( 1779): [WeatherNews J]>>> DBH:2220 [0:0] DI DCLWR : JPTOK
D/weathernewsjp( 1779): [WeatherNews J]>>> DI:148 [0:0] ChkDmCt = JPTOK
D/weathernewsjp( 1779): [WeatherNews J]>>> DI:151 [0:0] === Widget CURRENT_LOCATION= true
D/daemonapp( 2621): [MSC_WN_Daemon]>>> WDS:816 [0:0]  ======= Date ======= 
D/daemonapp( 2621): [MSC_WN_Daemon]>>> WDS:817 [0:0]  CID : JPTOK
D/daemonapp( 2621): [MSC_WN_Daemon]>>> WDS:820 [0:0]  CT : 20, HT : 27, LT  : 16, IN : 200, TS : 1, WT : Cloudy
D/daemonapp( 2621): [MSC_WN_Daemon]>>> WDS:828 [0:0] , L UT : 05/25/2015 07:09 PM
D/daemonapp( 2621): [MSC_WN_Daemon]>>> WDS:829 [0:0]  ARNT 2014/01/01 3:02 PM
D/daemonapp( 2621): [MSC_WN_Daemon]>>> WDS:830 [0:0]  SRT : 04:28, SST  : 18:47
D/daemonapp( 2621): [MSC_WN_Daemon]>>> WDS:832 [0:0]  ========================================= 
D/weathernewsjp( 1779): [WeatherNews J]>>> DI:24 [0:0] sndSetDm !!!!
D/weathernewsjp( 1779): [WeatherNews J]>>> DI:51 [0:0] sndDateDm !!!!
D/weathernewsjp( 1779): [WeatherNews J]>>> DI:67 [0:0] sendDatexmlinfo !!!!
D/weathernewsjp( 1779): [WeatherNews J]>>> WCD:199 [0:0] updateCityList
D/daemonapp( 2621): [MSC_WN_Daemon]>>> WDS:73 [0:0] Act : widgetappapweathernewsjpdaemonactionSYNC_SETTING_WITH_WIDGET, run:true
D/comsamsunglog( 2621): [MSC_WN_Daemon]>>> ====================================================================================================================
D/comsamsunglog( 2621): [MSC_WN_Daemon]>>> daemonapp [Version : 14102201 ] [ 1 ] 
D/comsamsunglog( 2621): [MSC_WN_Daemon]>>> Header set to : ===> "daemonapp" <===
D/comsamsunglog( 2621): [MSC_WN_Daemon]>>> ====================================================================================================================
D/weathernewsjp( 1779): [WeatherNews J]>>> DBH:1824 [0:0] gADWI : count = 1
D/weathernewsjp( 1779): [WeatherNews J]>>> WCD:1050 [0:0] redraw : mRcnt : 0
D/weathernewsjp( 1779): [WeatherNews J]>>> SWW:353 [0:0] try to redraw
D/daemonapp( 2621): [MSC_WN_Daemon]>>> WDS:1370 [0:0] PakNme size = 0
D/weathernewsjp( 1779): [WeatherNews J]>>> SWW:272 [0:0] draw : mInstnceList[0] = 1
D/weathernewsjp( 1779): [WeatherNews J]>>> WR:869 [0:0] uPanels : 1
D/weathernewsjp( 1779): [WeatherNews J]>>> WCD:1058 [0:0] redrawByEasy : mRcnt : 0
D/weathernewsjp( 1779): [WeatherNews J]>>> WCD:1402 [0:0] AR_S_T : 3
D/weathernewsjp( 1779): [WeatherNews J]>>> WCD:1427 [0:0] cARH()
D/weathernewsjp( 1779): [WeatherNews J]>>> WCD:1454 [0:0] sAS
D/weathernewsjp( 1779): [WeatherNews J]>>> WCD:1461 [0:0] sAS : scroll = 0, size = 1
D/weathernewsjp( 1779): [WeatherNews J]>>> SWW:107 [0:0] =============== BR act = actionDRAW_WIDGET_BY_EASY, 0
D/weathernewsjp( 1779): [WeatherNews J]>>> WCD:199 [0:0] updateCityList
D/weathernewsjp( 1779): [WeatherNews J]>>> DBH:1824 [0:0] gADWI : count = 1
D/weathernewsjp( 1779): [WeatherNews J]>>> SWW:272 [0:0] draw : mInstnceList[0] = 1
D/weathernewsjp( 1779): [WeatherNews J]>>> WR:869 [0:0] uPanels : 1
D/weathernewsjp( 1779): [WeatherNews J]>>> SWW:99 [0:0] =============== BR act = actionGET_CURRENT_LOCATION_OK, 0
I/ConfigFetchService( 4102): fetch service done; releasing wakelock
D/daemonapp( 2621): [MSC_WN_Daemon]>>> WDS:123 [0:0] SerStus:false,TmpS:1,AtRfr:3, checkCurrent: 1
I/ConfigFetchService( 4102): stopping self
D/daemonapp( 2621): [MSC_WN_Daemon]>>> WNCP:521 [0:0] cp update : count : 1, pt : 5
D/daemonapp( 2621): [MSC_WN_Daemon]>>> WNCP:521 [0:0] cp update : count : 1, pt : 3
D/weathernewsjp( 1779): [WeatherNews J]>>> U:211 [0:0] widget 1432570140000
D/weathernewsjp( 1779): [WeatherNews J]>>> WCD:1306 [0:0] nt=1432570140000
D/weathernewsjp( 1779): [WeatherNews J]>>> WCD:1307 [0:0] [ARH] now = [1432548601068] lt = [1432570140000] need RF = [false]
D/weathernewsjp( 1779): [WeatherNews J]>>> WCD:1312 [0:0] nt - now =21538932
D/weathernewsjp( 1779): [WeatherNews J]>>> WCD:1313 [0:0]  now : 15/05/25 19:10:01 lt : 15/05/26 01:09:00
D/weathernewsjp( 1779): [WeatherNews J]>>> U:2546 [0:0] get UT pref:0
D/daemonapp( 2621): [MSC_WN_Daemon]>>> WNCP:521 [0:0] cp update : count : 1, pt : 4
D/daemonapp( 2621): [MSC_WN_Daemon]>>> WDS:309 [0:0] cur Temp :1, TEMP:1
D/daemonapp( 2621): [MSC_WN_Daemon]>>> WDS:1370 [0:0] PakNme size = 0
D/daemonapp( 2621): [MSC_WN_Daemon]>>> WDS:317 [0:0] AUTOREFRESH : 3, Receive AUTO : 3
D/daemonapp( 2621): [MSC_WN_Daemon]>>> DBH:1403 [0:0] ud AF 3
D/daemonapp( 2621): [MSC_WN_Daemon]>>> WNCP:521 [0:0] cp update : count : 1, pt : 3
D/daemonapp( 2621): [MSC_WN_Daemon]>>> WNCP:521 [0:0] cp update : count : 1, pt : 4
D/daemonapp( 2621): [MSC_WN_Daemon]>>> WDS:73 [0:0] Act : widgetappapweathernewsjpdaemonactionSYNC_DATA_WITH_WIDGET, run:true
D/comsamsunglog( 2621): [MSC_WN_Daemon]>>> ====================================================================================================================
D/comsamsunglog( 2621): [MSC_WN_Daemon]>>> daemonapp [Version : 14102201 ] [ 1 ] 
D/comsamsunglog( 2621): [MSC_WN_Daemon]>>> Header set to : ===> "daemonapp" <===
D/comsamsunglog( 2621): [MSC_WN_Daemon]>>> ====================================================================================================================
D/daemonapp( 2621): [MSC_WN_Daemon]>>> WDS:1370 [0:0] PakNme size = 0
D/daemonapp( 2621): [MSC_WN_Daemon]>>> WDS:123 [0:0] SerStus:false,TmpS:1,AtRfr:3, checkCurrent: 1
D/daemonapp( 2621): [MSC_WN_Daemon]>>> WNCP:521 [0:0] cp update : count : 1, pt : 4
D/daemonapp( 2621): [MSC_WN_Daemon]>>> U:751 [0:0] getWeatherTextConverter : 200, null, 04:28, 18:47
D/daemonapp( 2621): [MSC_WN_Daemon]>>> WNCP:521 [0:0] cp update : count : 1, pt : 3
D/daemonapp( 2621): [MSC_WN_Daemon]>>> WDS:1873 [0:0] WeatherIconNumConverterSave : null, 04:28, 18:47
D/daemonapp( 2621): [MSC_WN_Daemon]>>> U:1336 [0:0] weatherIconNum==200, isDay:false
D/daemonapp( 2621): [MSC_WN_Daemon]>>> WNCP:521 [0:0] cp update : count : 1, pt : 3
D/daemonapp( 2621): [MSC_WN_Daemon]>>> WDS:274 [0:0] from wt@dta:T
D/daemonapp( 2621): [MSC_WN_Daemon]>>> WNCP:521 [0:0] cp update : count : 1, pt : 4
D/daemonapp( 2621): [MSC_WN_Daemon]>>> WDS:1370 [0:0] PakNme size = 0
D/daemonapp( 2621): [MSC_WN_Daemon]>>> WDS:816 [0:0]  ======= Date ======= 
D/daemonapp( 2621): [MSC_WN_Daemon]>>> WDS:817 [0:0]  CID : JPTOK
D/daemonapp( 2621): [MSC_WN_Daemon]>>> WDS:820 [0:0]  CT : 20, HT : 27, LT  : 16, IN : 200, TS : 1, WT : Cloudy
D/daemonapp( 2621): [MSC_WN_Daemon]>>> WDS:828 [0:0] , L UT : 05/25/2015 07:09 PM
D/daemonapp( 2621): [MSC_WN_Daemon]>>> WDS:829 [0:0]  ARNT 2014/01/01 3:02 PM
D/daemonapp( 2621): [MSC_WN_Daemon]>>> WDS:830 [0:0]  SRT : 04:28, SST  : 18:47
D/daemonapp( 2621): [MSC_WN_Daemon]>>> WDS:832 [0:0]  ========================================= 
D/com.samsung.app( 1779): [MSC_HERO_EASY_Accu]>>> WC:96 [0:0] action : widgetappapheroweathernewsjpactionGET_CURRENT_LOCATION_OK
D/com.samsung.app( 1779): [MSC_HERO_EASY_Accu]>>> WC:103 [0:0] The widget does not exist in idle!!
E/MP-Decision( 1994): num online cores: 4 reqd : 2 available : 4 rq_depth:0.000000 hotplug_avg_load_dw: 36
E/MP-Decision( 1994): DOWN cpu:3 core_idx:3 Ns:3.100000 Ts:240 rq:0.000000 seq:245.000000
E/MP-Decision( 1994): DOWN cpu:2 core_idx:2 Ns:2.100000 Ts:240 rq:0.000000 seq:245.000000
W/EDMNativeHelper(  276): EDMNativeHelperService is published
E/MP-Decision( 1994): num online cores: 2 reqd : 1 available : 4 rq_depth:0.000000 hotplug_avg_load_dw: 13
E/MP-Decision( 1994): DOWN cpu:1 core_idx:1 Ns:1.100000 Ts:190 rq:0.000000 seq:148.000000
W/EDMNativeHelper(  276): EDMNativeHelperService is published
D/STATUSBAR-IconMerger( 1196): checkOverflow(432), More:true, Req:true Child:8
D/SSRMv2:Monitor(  845): SIOP:: AP = 400, Prev AP = 400, Duration = 10095, PST = 388
D/SSRMv2:AmoledAdjustTimer(  845): prevTemp = 299, currTemp = 299, prevStep = 4, currStep = 4
D/BatteryService(  845): level:100, scale:100, status:5, health:2, present:true, voltage: 4345, temperature: 299, technology: Li-ion, AC powered:false, USB powered:true, Wireless powered:false, icon:17303411, invalid charger:0, online:4, current avg:460, charge type:1, power sharing:false
D/BatteryService(  845): Sending ACTION_BATTERY_CHANGED.
D/UiModeManager(  845): mCoverManager.getCoverState() : true
D/KeyguardUpdateMonitor( 1196): received broadcast android.intent.action.BATTERY_CHANGED
D/HeadsetStateMachine( 1657): Disconnected process message: 10
D/STATUSBAR-PhoneStatusBar( 1196):  mBrightnessEnablebySettings = true mBrightnessEnablebyBattery = true mBrightnessEnablebyDisableFlag = true mPmsBrightnessEnablebySettings = true
D/KeyguardUpdateMonitor( 1196): handleBatteryUpdate
D/BatteryMeterView( 1196): ACTION_BATTERY_CHANGED : level:100 status:5 health:2
W/EDMNativeHelper(  276): EDMNativeHelperService is published
D/STATUSBAR-IconMerger( 1196): checkOverflow(432), More:true, Req:true Child:8
W/EDMNativeHelper(  276): EDMNativeHelperService is published
D/STATUSBAR-IconMerger( 1196): checkOverflow(432), More:true, Req:true Child:8
W/EDMNativeHelper(  276): EDMNativeHelperService is published
D/STATUSBAR-IconMerger( 1196): checkOverflow(432), More:true, Req:true Child:8
I/ConfigService( 1510): onDestroy
W/EDMNativeHelper(  276): EDMNativeHelperService is published
D/STATUSBAR-IconMerger( 1196): checkOverflow(432), More:true, Req:true Child:8
W/EDMNativeHelper(  276): EDMNativeHelperService is published
W/qdhwcomposer(  291): Excessive delay reading vsync: took 11003 ms
W/EDMNativeHelper(  276): EDMNativeHelperService is published
E/Watchdog(  845): !@Sync 803
W/EDMNativeHelper(  276): EDMNativeHelperService is published
W/EDMNativeHelper(  276): EDMNativeHelperService is published
W/EDMNativeHelper(  276): EDMNativeHelperService is published
W/EDMNativeHelper(  276): EDMNativeHelperService is published
D/STATUSBAR-NetworkController( 1196): onSignalStrengthsChanged signalStrength=SignalStrength: 99 -1 -1 -1 -1 -1 -1 99 2147483647 2147483647 2147483647 -1 2147483647 gsm|lte 0x0 level=0
D/SSRMv2:Monitor(  845): SIOP:: AP = 400, Prev AP = 400, Duration = 10037, PST = 390
D/SSRMv2:AmoledAdjustTimer(  845): prevTemp = 299, currTemp = 299, prevStep = 4, currStep = 4
D/BatteryService(  845): level:100, scale:100, status:5, health:2, present:true, voltage: 4341, temperature: 300, technology: Li-ion, AC powered:false, USB powered:true, Wireless powered:false, icon:17303411, invalid charger:0, online:4, current avg:460, charge type:1, power sharing:false
D/BatteryService(  845): Sending ACTION_BATTERY_CHANGED.
D/UiModeManager(  845): mCoverManager.getCoverState() : true
D/KeyguardUpdateMonitor( 1196): received broadcast android.intent.action.BATTERY_CHANGED
D/KeyguardUpdateMonitor( 1196): handleBatteryUpdate
D/HeadsetStateMachine( 1657): Disconnected process message: 10
D/STATUSBAR-PhoneStatusBar( 1196):  mBrightnessEnablebySettings = true mBrightnessEnablebyBattery = true mBrightnessEnablebyDisableFlag = true mPmsBrightnessEnablebySettings = true
D/BatteryMeterView( 1196): ACTION_BATTERY_CHANGED : level:100 status:5 health:2
W/EDMNativeHelper(  276): EDMNativeHelperService is published
W/EDMNativeHelper(  276): EDMNativeHelperService is published
W/EDMNativeHelper(  276): EDMNativeHelperService is published
W/EDMNativeHelper(  276): EDMNativeHelperService is published
W/EDMNativeHelper(  276): EDMNativeHelperService is published
D/STATUSBAR-IconMerger( 1196): checkOverflow(432), More:true, Req:true Child:8
W/qdhwcomposer(  291): Excessive delay reading vsync: took 10006 ms
W/EDMNativeHelper(  276): EDMNativeHelperService is published
D/STATUSBAR-IconMerger( 1196): checkOverflow(432), More:true, Req:true Child:8
W/EDMNativeHelper(  276): EDMNativeHelperService is published
W/EDMNativeHelper(  276): EDMNativeHelperService is published
W/EDMNativeHelper(  276): EDMNativeHelperService is published
D/KInfoc  ( 4804): clear batch timer
D/KInfoc  ( 4804): set batch timer
D/KInfoc  ( 4804):  BATCH REPORTER STARTED ........
D/STATUSBAR-IconMerger( 1196): checkOverflow(432), More:true, Req:true Child:8
W/EDMNativeHelper(  276): EDMNativeHelperService is published
D/STATUSBAR-IconMerger( 1196): checkOverflow(432), More:true, Req:true Child:8
D/SSRMv2:Monitor(  845): SIOP:: AP = 380, Prev AP = 400, Duration = 10057, PST = 390
D/SSRMv2:AmoledAdjustTimer(  845): prevTemp = 299, currTemp = 300, prevStep = 4, currStep = 5
D/BatteryService(  845): level:100, scale:100, status:5, health:2, present:true, voltage: 4343, temperature: 300, technology: Li-ion, AC powered:false, USB powered:true, Wireless powered:false, icon:17303411, invalid charger:0, online:4, current avg:460, charge type:1, power sharing:false
D/BatteryService(  845): Sending ACTION_BATTERY_CHANGED.
D/UiModeManager(  845): mCoverManager.getCoverState() : true
D/HeadsetStateMachine( 1657): Disconnected process message: 10
D/KeyguardUpdateMonitor( 1196): received broadcast android.intent.action.BATTERY_CHANGED
D/KeyguardUpdateMonitor( 1196): handleBatteryUpdate
D/STATUSBAR-PhoneStatusBar( 1196):  mBrightnessEnablebySettings = true mBrightnessEnablebyBattery = true mBrightnessEnablebyDisableFlag = true mPmsBrightnessEnablebySettings = true
D/BatteryMeterView( 1196): ACTION_BATTERY_CHANGED : level:100 status:5 health:2
W/EDMNativeHelper(  276): EDMNativeHelperService is published
W/EDMNativeHelper(  276): EDMNativeHelperService is published
W/qdhwcomposer(  291): Excessive delay reading vsync: took 6415 ms
D/STATUSBAR-IconMerger( 1196): checkOverflow(432), More:true, Req:true Child:8
W/EDMNativeHelper(  276): EDMNativeHelperService is published
D/STATUSBAR-IconMerger( 1196): checkOverflow(432), More:true, Req:true Child:8
W/EDMNativeHelper(  276): EDMNativeHelperService is published
W/EDMNativeHelper(  276): EDMNativeHelperService is published
D/STATUSBAR-IconMerger( 1196): checkOverflow(432), More:true, Req:true Child:8
W/EDMNativeHelper(  276): EDMNativeHelperService is published
D/STATUSBAR-IconMerger( 1196): checkOverflow(432), More:true, Req:true Child:8
W/EDMNativeHelper(  276): EDMNativeHelperService is published
W/EDMNativeHelper(  276): EDMNativeHelperService is published
D/STATUSBAR-IconMerger( 1196): checkOverflow(432), More:true, Req:true Child:8
W/EDMNativeHelper(  276): EDMNativeHelperService is published
D/STATUSBAR-IconMerger( 1196): checkOverflow(432), More:true, Req:true Child:8
W/qdhwcomposer(  291): Excessive delay reading vsync: took 7130 ms
W/EDMNativeHelper(  276): EDMNativeHelperService is published
D/SSRMv2:Monitor(  845): SIOP:: AP = 380, Prev AP = 380, Duration = 10079, PST = 390
D/SSRMv2:AmoledAdjustTimer(  845): prevTemp = 300, currTemp = 300, prevStep = 5, currStep = 5
D/STATUSBAR-IconMerger( 1196): checkOverflow(432), More:true, Req:true Child:8
W/EDMNativeHelper(  276): EDMNativeHelperService is published
D/BatteryService(  845): level:100, scale:100, status:5, health:2, present:true, voltage: 4338, temperature: 300, technology: Li-ion, AC powered:false, USB powered:true, Wireless powered:false, icon:17303411, invalid charger:0, online:4, current avg:460, charge type:1, power sharing:false
D/BatteryService(  845): Sending ACTION_BATTERY_CHANGED.
D/UiModeManager(  845): mCoverManager.getCoverState() : true
D/HeadsetStateMachine( 1657): Disconnected process message: 10
D/KeyguardUpdateMonitor( 1196): received broadcast android.intent.action.BATTERY_CHANGED
D/KeyguardUpdateMonitor( 1196): handleBatteryUpdate
D/STATUSBAR-PhoneStatusBar( 1196):  mBrightnessEnablebySettings = true mBrightnessEnablebyBattery = true mBrightnessEnablebyDisableFlag = true mPmsBrightnessEnablebySettings = true
D/BatteryMeterView( 1196): ACTION_BATTERY_CHANGED : level:100 status:5 health:2
D/STATUSBAR-IconMerger( 1196): checkOverflow(432), More:true, Req:true Child:8
W/EDMNativeHelper(  276): EDMNativeHelperService is published
D/STATUSBAR-IconMerger( 1196): checkOverflow(432), More:true, Req:true Child:8
W/EDMNativeHelper(  276): EDMNativeHelperService is published
D/STATUSBAR-IconMerger( 1196): checkOverflow(432), More:true, Req:true Child:8
W/EDMNativeHelper(  276): EDMNativeHelperService is published
W/EDMNativeHelper(  276): EDMNativeHelperService is published
W/EDMNativeHelper(  276): EDMNativeHelperService is published
E/Watchdog(  845): !@Sync 804
W/EDMNativeHelper(  276): EDMNativeHelperService is published
W/EDMNativeHelper(  276): EDMNativeHelperService is published
W/EDMNativeHelper(  276): EDMNativeHelperService is published
W/qdhwcomposer(  291): Excessive delay reading vsync: took 9906 ms
D/InputReader(  845): Input event: value=1 when=24145887066000
I/InputReader(  845): Touch event's action is 0x0 (deviceType=0) [pCnt=1, s=0.111 ] when=24145887219000
I/InputDispatcher(  845): Delivering touch to: action: 0x4
I/InputDispatcher(  845): Delivering touch to: action: 0x0
W/EDMNativeHelper(  276): EDMNativeHelperService is published
D/InputReader(  845): Input event: value=0 when=24145999981000
I/InputReader(  845): Touch event's action is 0x1 (deviceType=0) [pCnt=1, s=] when=24145999981000
I/InputDispatcher(  845): Delivering touch to: action: 0x1
E/DatabaseUtils(  845): Writing exception to parcel
E/DatabaseUtils(  845): java.lang.SecurityException: Permission Denial: get/set setting for user asks to run as user -2 but is calling from user 0; this requires android.permission.INTERACT_ACROSS_USERS_FULL
E/DatabaseUtils(  845): 	at com.android.server.am.ActivityManagerService.handleIncomingUser(ActivityManagerService.java:14775)
E/DatabaseUtils(  845): 	at android.app.ActivityManager.handleIncomingUser(ActivityManager.java:2473)
E/DatabaseUtils(  845): 	at com.android.providers.settings.SettingsProvider.call(SettingsProvider.java:688)
E/DatabaseUtils(  845): 	at android.content.ContentProvider$Transport.call(ContentProvider.java:325)
E/DatabaseUtils(  845): 	at android.content.ContentProviderNative.onTransact(ContentProviderNative.java:275)
E/DatabaseUtils(  845): 	at android.os.Binder.execTransact(Binder.java:404)
E/DatabaseUtils(  845): 	at dalvik.system.NativeStart.run(Native Method)
W/ActivityManager(  845): Permission Denial: get/set setting for user asks to run as user -2 but is calling from user 0; this requires android.permission.INTERACT_ACROSS_USERS_FULL
E/EnterpriseContainerManager(  845): ContainerPolicy Service is not yet ready!!!
D/EnterpriseDeviceManager(  845): ContainerId: 0
D/SSRMv2:CustomFrequencyManagerService(  845): acquireDVFSLockLocked : type : DVFS_MIN_LIMIT  frequency : 1350000  uid : 1000  pid : 845  pkgName : ACTIVITY_RESUME_BOOSTER@6
W/ActivityManager(  845): mDVFSHelper.acquire()
W/ContextImpl(  845): Calling a method in the system process without a qualified user: android.app.ContextImpl.sendBroadcast:1516 com.android.server.am.ActivityStack.startPausingLocked:1007 com.android.server.am.ActivityStack.resumeTopActivityLocked:1945 com.android.server.am.ActivityStackSupervisor.resumeTopActivitiesLocked:3169 com.android.server.am.ActivityStackSupervisor.resumeTopActivitiesLocked:3141 
D/PointerIcon(  845): setMouseIconStyle1 pointerType: 1001iconType:101 flag:0
D/PointerIcon(  845): setMouseCustomIcon IconType is same.101
D/PointerIcon(  845): setHoveringSpenIconStyle1 pointerType: 10001iconType:1 flag:0
D/PointerIcon(  845): setHoveringSpenCustomIcon IconType is same.1
V/SmartFaceService - 3rd party pause(  845): onReceive [android.intent.action.ACTIVITY_STATE/com.example.android.bluetoothchat/pause]
W/ContextImpl(  845): Calling a method in the system process without a qualified user: android.app.ContextImpl.sendBroadcast:1516 com.android.server.am.ActivityStackSupervisor.realStartActivityLocked:1209 com.android.server.am.ActivityStackSupervisor.startSpecificActivityLocked:1360 com.android.server.am.ActivityStack.resumeTopActivityLocked:2269 com.android.server.am.ActivityStackSupervisor.resumeTopActivitiesLocked:3169 
D/KeyguardViewMediator( 1196): setHidden false
D/KeyguardUpdateMonitor( 1196): sendKeyguardVisibilityChanged(true)
D/KeyguardUpdateMonitor( 1196): handleKeyguardVisibilityChanged(1)
V/SmartFaceService - 3rd party pause(  845): onReceive [android.intent.action.ACTIVITY_STATE/com.example.android.bluetoothchat/create]
D/AbsListView(20611): unregisterIRListener() is called 
W/ApplicationPackageManager(20611): getCSCPackageItemText()
E/MP-Decision( 1994): num online cores: 1 reqd : 3 available : 4 rq_depth:3.000000 hotplug_avg_load_dw: 58
E/MP-Decision( 1994): UP cpu:1 core_idx:1 Nw:1.900000 Tw:140 rq:3.000000 seq:98.000000
E/MP-Decision( 1994): UP cpu:2 core_idx:2 Nw:2.700000 Tw:90 rq:3.000000 seq:98.000000
D/ProgressBar(20611): setProgressDrawable drawableHeight = 48
D/AbsListView(20611): Get MotionRecognitionManager
D/MotionRecognitionService(  845):  ssp status : true
D/AbsListView(20611): Get MotionRecognitionManager
D/BluetoothAdapterService(1119154816)( 1657): Get Bonded Devices being called
D/AbsListView(20611): onVisibilityChanged() is called, visibility : 4
D/AbsListView(20611): unregisterIRListener() is called 
D/AbsListView(20611): onVisibilityChanged() is called, visibility : 4
D/AbsListView(20611): unregisterIRListener() is called 
D/AbsListView(20611): onVisibilityChanged() is called, visibility : 0
D/AbsListView(20611): unregisterIRListener() is called 
D/AbsListView(20611): onVisibilityChanged() is called, visibility : 0
D/AbsListView(20611): unregisterIRListener() is called 
D/AbsListView(20611): unregisterIRListener() is called 
D/AbsListView(20611): unregisterIRListener() is called 
I/SurfaceFlinger(  291): id=174 createSurf (1x1),1 flag=4, EeviceListA
I/SpenGestureManager(  845): setFocusWindow21035
D/STATUSBAR-StatusBarManagerService(  845): manageDisableList what=0x0 pkg=WindowManager.LayoutParams
D/KeyguardViewMediator( 1196): setHidden false
D/KeyguardUpdateMonitor( 1196): sendKeyguardVisibilityChanged(true)
D/KeyguardUpdateMonitor( 1196): handleKeyguardVisibilityChanged(1)
D/EnterpriseDeviceManager(  845): ContainerId: 0
D/KeyguardViewMediator( 1196): setHidden false
D/KeyguardUpdateMonitor( 1196): sendKeyguardVisibilityChanged(true)
D/KeyguardUpdateMonitor( 1196): handleKeyguardVisibilityChanged(1)
D/PointerIcon(  845): setMouseIconStyle1 pointerType: 1001iconType:101 flag:0
D/PointerIcon(  845): setMouseCustomIcon IconType is same.101
D/PointerIcon(  845): setHoveringSpenIconStyle1 pointerType: 10001iconType:1 flag:0
D/PointerIcon(  845): setHoveringSpenCustomIcon IconType is same.1
D/ProgressBar(20611): updateDrawableBounds: left = 0
D/ProgressBar(20611): updateDrawableBounds: top = 0
D/ProgressBar(20611): updateDrawableBounds: right = 48
D/ProgressBar(20611): updateDrawableBounds: bottom = 48
D/AbsListView(20611): unregisterIRListener() is called 
D/AbsListView(20611): unregisterIRListener() is called 
D/AbsListView(20611): unregisterIRListener() is called 
D/AbsListView(20611): unregisterIRListener() is called 
D/KeyguardViewMediator( 1196): setHidden false
D/KeyguardUpdateMonitor( 1196): sendKeyguardVisibilityChanged(true)
D/KeyguardUpdateMonitor( 1196): handleKeyguardVisibilityChanged(1)
D/AbsListView(20611): unregisterIRListener() is called 
D/AbsListView(20611): unregisterIRListener() is called 
D/KeyguardViewMediator( 1196): setHidden false
D/KeyguardUpdateMonitor( 1196): sendKeyguardVisibilityChanged(true)
D/KeyguardUpdateMonitor( 1196): handleKeyguardVisibilityChanged(1)
D/NotificationService(  845): cancelNotificationLocked
D/NotificationService(  845):  hasClearableItems
D/KeyguardViewMediator( 1196): setHidden false
D/KeyguardUpdateMonitor( 1196): sendKeyguardVisibilityChanged(true)
W/ContextImpl(  845): Calling a method in the system process without a qualified user: android.app.ContextImpl.sendBroadcast:1516 com.android.server.StatusBarManagerService.sendNotification:965 com.android.server.StatusBarManagerService.removeNotification:690 com.android.server.NotificationManagerService.cancelNotificationLocked:2460 com.android.server.NotificationManagerService.access$5100:156 
D/STATUSBAR-StatusBarManagerService(  845): sendNotification(3) - 17041222
D/LightsService(  845): [api] [SvcLED] turnOff:: id = 4 (uid: 1000 pid: 845) 
D/LightsService(  845): [SvcLED] setSvcLedStateLocked:: SvcLEDState : 0x0 -> 0x0 | SvcLED(id=4) set Off
D/LightsService(  845): [SvcLED] Lux failed to be updated in 700ms. -> handleForcedSvcLEDTasK
D/LightsService(  845): [SvcLED]  setSvcLedLightLocked :: Current SvcLED(id=4) maintains its priority right
D/KeyguardUpdateMonitor( 1196): handleKeyguardVisibilityChanged(1)
W/ContextImpl(  845): Calling a method in the system process without a qualified user: android.app.ContextImpl.sendBroadcast:1502 com.android.server.InputMethodManagerService$4.run:2826 java.lang.Thread.run:841 <bottom of call stack> <bottom of call stack> 
D/KeyguardViewMediator( 1196): setHidden false
D/KeyguardUpdateMonitor( 1196): sendKeyguardVisibilityChanged(true)
D/KeyguardUpdateMonitor( 1196): handleKeyguardVisibilityChanged(1)
D/STATUSBAR-IconMerger( 1196): checkOverflow(432), More:true, Req:true Child:7
D/SSRMv2:AirViewOnOff(  845): DeviceInfo:: 00000000000
D/SSRMv2:AirViewOnOff(  845): SettingsAirViewInfo:: 001000000
D/GestureService( 1678): serviceOnOffReceiver: onReceive - ResponseAxT9Info
V/GestureService( 1678): enableService!!!!
E/GestureService( 1678): updateFlags started
V/GestureService( 1678): ================== GestureService Listener List ==================
E/GestureService( 1678): bVertical = false
E/GestureService( 1678): bHorizontal = false
E/GestureService( 1678): bHorizontalWave = false
W/ContextImpl( 1678): Calling a method in the system process without a qualified user: android.app.ContextImpl.sendStickyBroadcast:1660 android.content.ContextWrapper.sendStickyBroadcast:439 com.samsung.android.app.gestureservice.GestureService.updateStatusBar:811 com.samsung.android.app.gestureservice.GestureService.enableService:952 com.samsung.android.app.gestureservice.GestureService.access$1800:40 
E/EmojiDrawable( 3167): stopCallbackDrawing parameter is failhandler = null
D/AbsListView(20611): unregisterIRListener() is called 
D/AbsListView(20611): unregisterIRListener() is called 
D/KeyguardViewMediator( 1196): setHidden false
D/KeyguardUpdateMonitor( 1196): sendKeyguardVisibilityChanged(true)
D/KeyguardUpdateMonitor( 1196): handleKeyguardVisibilityChanged(1)
D/SSRMv2:Monitor(  845): SIOP:: AP = 380, Prev AP = 380, Duration = 10012, PST = 390
D/SSRMv2:AmoledAdjustTimer(  845): prevTemp = 300, currTemp = 300, prevStep = 5, currStep = 5
W/IInputConnectionWrapper(20611): beginBatchEdit on inactive InputConnection
W/IInputConnectionWrapper(20611): endBatchEdit on inactive InputConnection
E/MP-Decision( 1994): num online cores: 3 reqd : 4 available : 4 rq_depth:4.500000 hotplug_avg_load_dw: 196
E/MP-Decision( 1994): UP cpu:1 core_idx:1 Nw:1.900000 Tw:140 rq:4.500000 seq:0.000000
E/MP-Decision( 1994): UP cpu:2 core_idx:2 Nw:2.700000 Tw:90 rq:4.500000 seq:0.000000
E/MP-Decision( 1994): UP cpu:3 core_idx:3 Nw:3.500000 Tw:90 rq:4.500000 seq:98.000000
D/AbsListView(20611): unregisterIRListener() is called 
D/AbsListView(20611): unregisterIRListener() is called 
D/KeyguardViewMediator( 1196): setHidden false
D/KeyguardUpdateMonitor( 1196): sendKeyguardVisibilityChanged(true)
D/KeyguardUpdateMonitor( 1196): handleKeyguardVisibilityChanged(1)
D/AbsListView(20611): unregisterIRListener() is called 
D/KeyguardViewMediator( 1196): setHidden false
D/KeyguardUpdateMonitor( 1196): sendKeyguardVisibilityChanged(true)
D/KeyguardUpdateMonitor( 1196): handleKeyguardVisibilityChanged(1)
I/SurfaceFlinger(  291): id=173 Removed JnputMethod (12/15)
I/SurfaceFlinger(  291): id=173 Removed JnputMethod (-2/15)
E/MP-Decision( 1994): num online cores: 4 reqd : 3 available : 4 rq_depth:2.500000 hotplug_avg_load_dw: 238
E/MP-Decision( 1994): DOWN cpu:3 core_idx:3 Ns:3.100000 Ts:240 rq:2.500000 seq:242.000000
D/KeyguardViewMediator( 1196): setHidden false
D/KeyguardUpdateMonitor( 1196): sendKeyguardVisibilityChanged(true)
D/KeyguardUpdateMonitor( 1196): handleKeyguardVisibilityChanged(1)
D/KeyguardViewMediator( 1196): setHidden false
D/KeyguardUpdateMonitor( 1196): sendKeyguardVisibilityChanged(true)
D/KeyguardUpdateMonitor( 1196): handleKeyguardVisibilityChanged(1)
D/SSRMv2:CustomFrequencyManagerService(  845): acquireDVFSLockLocked : type : DVFS_MIN_LIMIT  frequency : 1350000  uid : 1000  pid : 845  pkgName : ACTIVITY_RESUME_BOOSTER@9
D/SSRMv2:CustomFrequencyManagerService(  845): releaseDVFSLockLocked : Getting Lock type frm List : DVFS_MIN_LIMIT  frequency : 1350000  uid : 1000  pid : 845  tag : ACTIVITY_RESUME_BOOSTER@6
W/ActivityManager(  845): mDVFSHelper.release()
W/EDMNativeHelper(  276): EDMNativeHelperService is published
D/BatteryService(  845): level:100, scale:100, status:5, health:2, present:true, voltage: 4227, temperature: 300, technology: Li-ion, AC powered:false, USB powered:true, Wireless powered:false, icon:17303411, invalid charger:0, online:4, current avg:460, charge type:1, power sharing:false
D/BatteryService(  845): Sending ACTION_BATTERY_CHANGED.
D/KeyguardUpdateMonitor( 1196): received broadcast android.intent.action.BATTERY_CHANGED
D/KeyguardUpdateMonitor( 1196): handleBatteryUpdate
D/HeadsetStateMachine( 1657): Disconnected process message: 10
D/UiModeManager(  845): mCoverManager.getCoverState() : true
D/STATUSBAR-PhoneStatusBar( 1196):  mBrightnessEnablebySettings = true mBrightnessEnablebyBattery = true mBrightnessEnablebyDisableFlag = true mPmsBrightnessEnablebySettings = true
D/BatteryMeterView( 1196): ACTION_BATTERY_CHANGED : level:100 status:5 health:2
E/MP-Decision( 1994): num online cores: 3 reqd : 2 available : 4 rq_depth:1.900000 hotplug_avg_load_dw: 104
E/MP-Decision( 1994): DOWN cpu:2 core_idx:2 Ns:2.100000 Ts:240 rq:1.900000 seq:242.000000
E/MP-Decision( 1994): num online cores: 2 reqd : 1 available : 4 rq_depth:0.400000 hotplug_avg_load_dw: 18
E/MP-Decision( 1994): DOWN cpu:1 core_idx:1 Ns:1.100000 Ts:190 rq:0.400000 seq:95.000000
D/SSRMv2:CustomFrequencyManagerService(  845): releaseDVFSLockLocked : Getting Lock type frm List : DVFS_MIN_LIMIT  frequency : 1350000  uid : 1000  pid : 845  tag : ACTIVITY_RESUME_BOOSTER@9
D/InputReader(  845): Input event: value=1 when=24147484570000
I/InputReader(  845): Touch event's action is 0x0 (deviceType=0) [pCnt=1, s=0.112 ] when=24147484723000
I/InputDispatcher(  845): Delivering touch to: action: 0x4
I/InputDispatcher(  845): Delivering touch to: action: 0x0
D/InputReader(  845): Input event: value=0 when=24147629742000
I/InputReader(  845): Touch event's action is 0x1 (deviceType=0) [pCnt=1, s=] when=24147629742000
I/InputDispatcher(  845): Delivering touch to: action: 0x1
E/DatabaseUtils(  845): Writing exception to parcel
E/DatabaseUtils(  845): java.lang.SecurityException: Permission Denial: get/set setting for user asks to run as user -2 but is calling from user 0; this requires android.permission.INTERACT_ACROSS_USERS_FULL
E/DatabaseUtils(  845): 	at com.android.server.am.ActivityManagerService.handleIncomingUser(ActivityManagerService.java:14775)
E/DatabaseUtils(  845): 	at android.app.ActivityManager.handleIncomingUser(ActivityManager.java:2473)
E/DatabaseUtils(  845): 	at com.android.providers.settings.SettingsProvider.call(SettingsProvider.java:688)
E/DatabaseUtils(  845): 	at android.content.ContentProvider$Transport.call(ContentProvider.java:325)
E/DatabaseUtils(  845): 	at android.content.ContentProviderNative.onTransact(ContentProviderNative.java:275)
E/DatabaseUtils(  845): 	at android.os.Binder.execTransact(Binder.java:404)
E/DatabaseUtils(  845): 	at dalvik.system.NativeStart.run(Native Method)
D/DeviceListActivity(20611): doDiscovery()
W/ActivityManager(  845): Permission Denial: get/set setting for user asks to run as user -2 but is calling from user 0; this requires android.permission.INTERACT_ACROSS_USERS_FULL
E/bt-btm  ( 1657): btm_ble_start_inquiry inq_active = 0x11
V/BluetoothEventManager(10577): Received android.bluetooth.adapter.action.DISCOVERY_STARTED
D/KeyguardViewMediator( 1196): setHidden false
D/KeyguardUpdateMonitor( 1196): sendKeyguardVisibilityChanged(true)
D/KeyguardUpdateMonitor( 1196): handleKeyguardVisibilityChanged(1)
D/BluetoothDevicePreference(10577): Is my device connected::false
I/BluetoothDevicePreference(10577): summaryResId else part
D/KeyguardViewMediator( 1196): setHidden false
D/KeyguardUpdateMonitor( 1196): sendKeyguardVisibilityChanged(true)
D/KeyguardUpdateMonitor( 1196): handleKeyguardVisibilityChanged(1)
D/KeyguardViewMediator( 1196): setHidden false
D/KeyguardUpdateMonitor( 1196): sendKeyguardVisibilityChanged(true)
D/KeyguardUpdateMonitor( 1196): handleKeyguardVisibilityChanged(1)
E/MP-Decision( 1994): num online cores: 1 reqd : 2 available : 4 rq_depth:3.100000 hotplug_avg_load_dw: 63
E/MP-Decision( 1994): UP cpu:1 core_idx:1 Nw:1.900000 Tw:140 rq:3.100000 seq:147.000000
D/ProgressBar(20611): updateDrawableBounds: left = 0
D/ProgressBar(20611): updateDrawableBounds: top = 0
D/ProgressBar(20611): updateDrawableBounds: right = 843
D/ProgressBar(20611): updateDrawableBounds: bottom = 48
D/ProgressBar(20611): updateDrawableBounds: mProgressDrawable.setBounds()
D/BluetoothDevicePreference(10577): Is my device connected::false
I/BluetoothDevicePreference(10577): summaryResId else part
D/AbsListView(20611): unregisterIRListener() is called 
D/AbsListView(20611): unregisterIRListener() is called 
D/BluetoothDevicePreference(10577): Is my device connected::false
I/BluetoothDevicePreference(10577): summaryResId else part
D/BluetoothDevicePreference(10577): Is my device connected::false
I/BluetoothDevicePreference(10577): summaryResId else part
D/BluetoothDevicePreference(10577): Is my device connected::false
I/BluetoothDevicePreference(10577): summaryResId else part
V/BluetoothDiscoveryReceiver(10577): Received: android.bluetooth.adapter.action.DISCOVERY_STARTED
E/MP-Decision( 1994): num online cores: 2 reqd : 3 available : 4 rq_depth:2.900000 hotplug_avg_load_dw: 161
E/MP-Decision( 1994): UP cpu:1 core_idx:1 Nw:1.900000 Tw:140 rq:2.900000 seq:0.000000
E/MP-Decision( 1994): UP cpu:2 core_idx:2 Nw:2.700000 Tw:90 rq:2.900000 seq:96.000000
D/AbsListView(20611): unregisterIRListener() is called 
D/AbsListView(20611): unregisterIRListener() is called 
W/EDMNativeHelper(  276): EDMNativeHelperService is published
E/MP-Decision( 1994): num online cores: 3 reqd : 2 available : 4 rq_depth:1.600000 hotplug_avg_load_dw: 41
E/MP-Decision( 1994): DOWN cpu:2 core_idx:2 Ns:2.100000 Ts:240 rq:1.600000 seq:245.000000
D/KeyguardViewMediator( 1196): setHidden false
D/KeyguardUpdateMonitor( 1196): sendKeyguardVisibilityChanged(true)
D/KeyguardUpdateMonitor( 1196): handleKeyguardVisibilityChanged(1)
D/        ( 1657): cod is 0, set as unclassified
E/bt-btif ( 1657): property type:241, len:0 is invalid
E/BluetoothRemoteDevices( 1657): devicePropertyChangedCallback: bdDevice: 7E:51:E4:4C:3F:16, value is empty for type: 241
V/BluetoothEventManager(10577): Received android.bluetooth.device.action.CLASS_CHANGED
V/BluetoothEventManager(10577): Received android.bluetooth.device.action.FOUND
I/CachedBluetoothDevice(10577): updateProfiles
D/BluetoothEventManager(10577): DeviceFoundHandler created new CachedBluetoothDevice: cachedDevice
E/CachedBluetoothDevice(10577): calling dispatchAttributesChanged
D/KeyguardViewMediator( 1196): setHidden false
D/KeyguardUpdateMonitor( 1196): sendKeyguardVisibilityChanged(true)
D/KeyguardUpdateMonitor( 1196): handleKeyguardVisibilityChanged(1)
D/KeyguardViewMediator( 1196): setHidden false
D/KeyguardUpdateMonitor( 1196): sendKeyguardVisibilityChanged(true)
D/KeyguardUpdateMonitor( 1196): handleKeyguardVisibilityChanged(1)
D/KeyguardViewMediator( 1196): setHidden false
D/KeyguardUpdateMonitor( 1196): sendKeyguardVisibilityChanged(true)
D/KeyguardUpdateMonitor( 1196): handleKeyguardVisibilityChanged(1)
D/AbsListView(20611): unregisterIRListener() is called 
D/AbsListView(20611): unregisterIRListener() is called 
D/AbsListView(20611): unregisterIRListener() is called 
D/AbsListView(20611): unregisterIRListener() is called 
W/qdhwcomposer(  291): Excessive delay reading vsync: took 2819 ms
D/        ( 1657): cod is 0, set as unclassified
D/        ( 1657): cod change to previous cod
E/bt-btif ( 1657): property type:241, len:0 is invalid
V/BluetoothEventManager(10577): Received android.bluetooth.device.action.NAME_CHANGED
E/BluetoothRemoteDevices( 1657): devicePropertyChangedCallback: bdDevice: 7B:9D:61:98:0F:51, value is empty for type: 241
D/BluetoothDevicePreference(10577): Is my device connected::false
I/BluetoothDevicePreference(10577): summaryResId else part
V/BluetoothEventManager(10577): Received android.bluetooth.device.action.CLASS_CHANGED
D/BluetoothDevicePreference(10577): Is my device connected::false
I/BluetoothDevicePreference(10577): summaryResId else part
V/BluetoothEventManager(10577): Received android.bluetooth.device.action.FOUND
E/CachedBluetoothDevice(10577): calling dispatchAttributesChanged
D/BluetoothDevicePreference(10577): Is my device connected::false
I/BluetoothDevicePreference(10577): summaryResId else part
D/KeyguardViewMediator( 1196): setHidden false
D/KeyguardUpdateMonitor( 1196): sendKeyguardVisibilityChanged(true)
D/KeyguardUpdateMonitor( 1196): handleKeyguardVisibilityChanged(1)
D/KeyguardViewMediator( 1196): setHidden false
D/KeyguardUpdateMonitor( 1196): sendKeyguardVisibilityChanged(true)
D/KeyguardUpdateMonitor( 1196): handleKeyguardVisibilityChanged(1)
D/AbsListView(20611): unregisterIRListener() is called 
D/AbsListView(20611): unregisterIRListener() is called 
D/AbsListView(20611): unregisterIRListener() is called 
D/AbsListView(20611): unregisterIRListener() is called 
W/EDMNativeHelper(  276): EDMNativeHelperService is published
E/MP-Decision( 1994): num online cores: 2 reqd : 1 available : 4 rq_depth:0.700000 hotplug_avg_load_dw: 28
E/MP-Decision( 1994): DOWN cpu:1 core_idx:1 Ns:1.100000 Ts:190 rq:0.700000 seq:245.000000
D/KeyguardViewMediator( 1196): setHidden false
D/KeyguardUpdateMonitor( 1196): sendKeyguardVisibilityChanged(true)
D/KeyguardUpdateMonitor( 1196): handleKeyguardVisibilityChanged(1)
W/qdhwcomposer(  291): Excessive delay reading vsync: took 781 ms
W/EDMNativeHelper(  276): EDMNativeHelperService is published
W/qdhwcomposer(  291): Excessive delay reading vsync: took 581 ms
E/bt-btif ( 1657): property type:241, len:0 is invalid
V/BluetoothEventManager(10577): Received android.bluetooth.device.action.NAME_CHANGED
E/BluetoothRemoteDevices( 1657): devicePropertyChangedCallback: bdDevice: 90:27:E4:F1:5D:C7, value is empty for type: 241
D/BluetoothDevicePreference(10577): Is my device connected::false
I/BluetoothDevicePreference(10577): summaryResId else part
V/BluetoothEventManager(10577): Received android.bluetooth.device.action.CLASS_CHANGED
D/BluetoothDevicePreference(10577): Is my device connected::false
I/BluetoothDevicePreference(10577): summaryResId else part
D/KeyguardViewMediator( 1196): setHidden false
D/KeyguardUpdateMonitor( 1196): sendKeyguardVisibilityChanged(true)
D/KeyguardUpdateMonitor( 1196): handleKeyguardVisibilityChanged(1)
D/KeyguardViewMediator( 1196): setHidden false
D/KeyguardUpdateMonitor( 1196): sendKeyguardVisibilityChanged(true)
D/KeyguardUpdateMonitor( 1196): handleKeyguardVisibilityChanged(1)
D/KeyguardViewMediator( 1196): setHidden false
D/KeyguardUpdateMonitor( 1196): sendKeyguardVisibilityChanged(true)
D/KeyguardUpdateMonitor( 1196): handleKeyguardVisibilityChanged(1)
V/BluetoothEventManager(10577): Received android.bluetooth.device.action.FOUND
D/AbsListView(20611): unregisterIRListener() is called 
E/CachedBluetoothDevice(10577): calling dispatchAttributesChanged
D/BluetoothDevicePreference(10577): Is my device connected::false
I/BluetoothDevicePreference(10577): summaryResId else part
D/AbsListView(20611): unregisterIRListener() is called 
E/MP-Decision( 1994): num online cores: 1 reqd : 2 available : 4 rq_depth:3.100000 hotplug_avg_load_dw: 52
E/MP-Decision( 1994): UP cpu:1 core_idx:1 Nw:1.900000 Tw:140 rq:3.100000 seq:147.000000
W/EDMNativeHelper(  276): EDMNativeHelperService is published
D/AbsListView(20611): unregisterIRListener() is called 
D/AbsListView(20611): unregisterIRListener() is called 
D/KeyguardViewMediator( 1196): setHidden false
D/KeyguardUpdateMonitor( 1196): sendKeyguardVisibilityChanged(true)
D/KeyguardUpdateMonitor( 1196): handleKeyguardVisibilityChanged(1)
W/qdhwcomposer(  291): Excessive delay reading vsync: took 1628 ms
D/        ( 1657): cod is 0, set as unclassified
D/        ( 1657): cod change to previous cod
E/bt-btif ( 1657): property type:241, len:0 is invalid
E/BluetoothRemoteDevices( 1657): devicePropertyChangedCallback: bdDevice: 18:EE:69:2D:A5:90, value is empty for type: 241
V/BluetoothEventManager(10577): Received android.bluetooth.device.action.CLASS_CHANGED
D/BluetoothDevicePreference(10577): Is my device connected::false
I/BluetoothDevicePreference(10577): summaryResId else part
V/BluetoothEventManager(10577): Received android.bluetooth.device.action.FOUND
E/CachedBluetoothDevice(10577): calling dispatchAttributesChanged
D/BluetoothDevicePreference(10577): Is my device connected::false
I/BluetoothDevicePreference(10577): summaryResId else part
W/EDMNativeHelper(  276): EDMNativeHelperService is published
D/KeyguardViewMediator( 1196): setHidden false
D/KeyguardUpdateMonitor( 1196): sendKeyguardVisibilityChanged(true)
D/KeyguardUpdateMonitor( 1196): handleKeyguardVisibilityChanged(1)
D/KeyguardViewMediator( 1196): setHidden false
D/KeyguardUpdateMonitor( 1196): sendKeyguardVisibilityChanged(true)
D/KeyguardUpdateMonitor( 1196): handleKeyguardVisibilityChanged(1)
D/KeyguardViewMediator( 1196): setHidden false
D/KeyguardUpdateMonitor( 1196): sendKeyguardVisibilityChanged(true)
D/KeyguardUpdateMonitor( 1196): handleKeyguardVisibilityChanged(1)
D/AbsListView(20611): unregisterIRListener() is called 
D/AbsListView(20611): unregisterIRListener() is called 
D/AbsListView(20611): unregisterIRListener() is called 
D/AbsListView(20611): unregisterIRListener() is called 
D/KeyguardViewMediator( 1196): setHidden false
D/KeyguardUpdateMonitor( 1196): sendKeyguardVisibilityChanged(true)
D/KeyguardUpdateMonitor( 1196): handleKeyguardVisibilityChanged(1)
D/        ( 1657): cod is 0, set as unclassified
E/bt-btif ( 1657): property type:241, len:0 is invalid
W/EDMNativeHelper(  276): EDMNativeHelperService is published
V/BluetoothEventManager(10577): Received android.bluetooth.device.action.CLASS_CHANGED
E/BluetoothRemoteDevices( 1657): devicePropertyChangedCallback: bdDevice: 71:C5:24:0C:2A:E6, value is empty for type: 241
V/BluetoothEventManager(10577): Received android.bluetooth.device.action.FOUND
I/CachedBluetoothDevice(10577): updateProfiles
D/BluetoothEventManager(10577): DeviceFoundHandler created new CachedBluetoothDevice: cachedDevice
E/CachedBluetoothDevice(10577): calling dispatchAttributesChanged
D/KeyguardViewMediator( 1196): setHidden false
D/KeyguardUpdateMonitor( 1196): sendKeyguardVisibilityChanged(true)
D/KeyguardUpdateMonitor( 1196): handleKeyguardVisibilityChanged(1)
D/KeyguardViewMediator( 1196): setHidden false
D/KeyguardUpdateMonitor( 1196): sendKeyguardVisibilityChanged(true)
D/KeyguardUpdateMonitor( 1196): handleKeyguardVisibilityChanged(1)
D/AbsListView(20611): unregisterIRListener() is called 
D/AbsListView(20611): unregisterIRListener() is called 
D/AbsListView(20611): unregisterIRListener() is called 
D/AbsListView(20611): unregisterIRListener() is called 
W/qdhwcomposer(  291): Excessive delay reading vsync: took 1545 ms
D/KeyguardViewMediator( 1196): setHidden false
D/KeyguardUpdateMonitor( 1196): sendKeyguardVisibilityChanged(true)
D/KeyguardUpdateMonitor( 1196): handleKeyguardVisibilityChanged(1)
D/InputReader(  845): Input event: value=1 when=24153737408000
I/InputReader(  845): Touch event's action is 0x0 (deviceType=0) [pCnt=1, s=0.113 ] when=24153737561000
I/InputDispatcher(  845): Delivering touch to: action: 0x4
I/InputDispatcher(  845): Delivering touch to: action: 0x0
W/ContextImpl(  845): Calling a method in the system process without a qualified user: android.app.ContextImpl.sendBroadcast:1516 com.android.server.am.ActivityStack.startPausingLocked:1007 com.android.server.am.ActivityStack.finishActivityLocked:3164 com.android.server.am.ActivityStack.requestFinishActivityLocked:2977 com.android.server.am.ActivityManagerService.finishActivity:4442 
D/InputDispatcher(  845): Waiting for application to become ready for input: xxxx Reason: Waiting because the touched window is paused.
V/SmartFaceService - 3rd party pause(  845): onReceive [android.intent.action.ACTIVITY_STATE/com.example.android.bluetoothchat/pause]
